accelerometer_timestamp	accelerometer_x_data	accelerometer_y_data	accelerometer_z_data
924312945848402	0.9904022	5.696289	8.426147
924312954240736	1.0210724	5.6823883	8.617645
924312962633070	0.86672974	5.670349	8.578476
924312971025404	0.6813202	5.633255	8.295212
924312979417738	0.4745636	5.5934753	7.8180847
924312987810072	0.36434937	5.598572	7.2236786
924312996202406	0.29833984	5.5917816	6.575241
924313004594740	0.32803345	5.6250305	5.953949
924313012987074	0.44818115	5.7137146	5.4140625
924313021379408	0.56925964	5.8131866	4.986435
924313029771742	0.5074463	5.8371124	4.813965
924313038164076	0.58158875	5.7758026	5.14946
924313046556410	0.7410736	5.618088	5.7308655
924313054948744	0.9861603	5.457779	6.5252075
924313063341078	1.3236847	5.3823853	7.464279
924313071733412	1.7366486	5.4310303	8.400055
924313080125746	1.9953003	5.560837	8.99762
924313088518080	2.0879364	5.6705933	9.171417
924313096910414	2.0787354	5.743973	8.93277
924313105302748	1.9263153	5.822052	8.510696
924313113695082	1.6380615	5.9135437	8.018234
924313122087416	1.3053131	5.9765015	7.4157104
924313130479750	1.095581	5.953644	6.984314
924313138872084	0.9282837	5.92984	6.7254944
924313147264418	0.93896484	5.9140472	6.562744
924313155656752	1.0649109	5.9202423	6.522583
924313164049086	1.221878	5.9370117	6.5939026
924313172441420	1.3548584	5.9306335	6.7099457
924313180833754	1.3837738	5.9316254	6.873459
924313189226088	1.4039459	5.8892517	7.2395325
924313197618422	1.429596	5.837677	7.7565155
924313206010756	1.4317322	5.795166	8.291016
924313214403090	1.4469604	5.7589874	8.754791
924313222795424	1.5763702	5.7099915	9.126999
924313231187758	1.6661072	5.6850586	9.094116
924313239580091	1.6300049	5.712677	8.921936
924313247972425	1.5168304	5.751831	8.647873
924313256364759	1.3463898	5.748352	8.303162
924313264757093	1.1532135	5.6764374	7.9094696
924313273149427	0.9949341	5.560974	7.48703
924313281541761	0.90701294	5.545166	7.2696686
924313289934095	0.93110657	5.6033173	7.232025
924313298326429	0.99154663	5.599228	7.2858887
924313306718763	1.0549622	5.5373993	7.421631
924313315111097	1.1021729	5.4579163	7.657608
924313323503431	1.1298676	5.3888397	8.018188
924313331895765	1.2636414	5.299652	8.333328
924313340288099	1.4162292	5.2781525	8.640045
924313348680433	1.591095	5.2998047	8.862839
924313357072767	1.7863007	5.3264465	8.985489
924313365465101	1.9848785	5.351822	9.0121765
924313373857435	2.1535034	5.421921	8.944382
924313382249769	2.2776031	5.5125427	8.675476
924313390642103	2.3120575	5.543991	8.283966
924313399034437	2.296814	5.5462494	7.8784027
924313407426771	2.258255	5.5465546	7.5
924313415819105	2.211319	5.5496826	7.1553345
924313424211439	2.154419	5.5299377	6.8336334
924313432603773	1.9689789	5.5369263	6.7548676
924313440996107	1.9517517	5.510391	6.8386536
924313449388441	1.9335632	5.455307	6.973068
924313457780775	1.915802	5.3953094	7.1498566
924313466173109	1.9176178	5.3518677	7.377121
924313474565443	1.9028931	5.33313	7.6313477
924313482957777	1.8706818	5.296036	7.88031
924313491350111	1.8705292	5.273834	8.077652
924313499742445	1.870697	5.247772	8.237564
924313508134779	1.8890381	5.228897	8.403107
924313516527113	1.930603	5.222763	8.58493
924313524919447	1.9513245	5.21402	8.727173
924313533311781	1.8625946	5.3157196	8.792969
924313541704115	1.7389832	5.331543	8.753265
924313550096449	1.6568756	5.3293457	8.491623
924313558488783	1.610199	5.337082	8.042664
924313566881117	1.5505676	5.3623962	7.545883
924313575273451	1.4269409	5.3936157	7.175705
924313583665785	1.303299	5.401581	7.062042
924313592058119	1.2587738	5.3884125	7.2112885
924313600450453	1.2902527	5.3710175	7.5249176
924313608842787	1.3769073	5.3627625	7.8830566
924313617235121	1.5627441	5.324402	8.321182
924313625627455	2.024643	5.1431274	9.1805725
924313634019789	2.523529	5.2641907	10.232056
924313642412123	1.7649078	5.7667847	9.611618
924313650804457	1.4932709	5.7760925	8.729385
924313659196791	1.828598	5.401703	8.212173
924313667589125	2.0854645	5.1751556	8.040909
924313675981459	1.8581543	5.334381	7.881958
924313684373793	1.5639343	5.4735413	7.761673
924313692766127	1.4554138	5.495117	7.703415
924313701158461	1.4642944	5.4108887	7.6371
924313709550795	1.4588928	5.308075	7.647873
924313717943129	1.3443451	5.2658234	7.797638
924313726335463	1.1885071	5.2447357	7.9597015
924313734727797	1.0948029	5.1669617	8.135178
924313743120131	1.0928192	5.139969	8.031189
924313751512465	1.1717529	5.16687	7.9413147
924313759904799	1.3008118	5.182373	8.0338745
924313768297133	1.4108429	5.137924	8.312698
924313776689466	1.3958893	5.140915	8.511093
924313785081800	1.5325775	5.100189	8.613647
924313793474134	1.6578522	5.066971	8.693283
924313801866468	1.618576	5.095886	8.584381
924313810258802	1.4606628	5.1392517	8.306122
924313818651136	1.3027802	5.131485	8.02742
924313827043470	1.1143341	5.1384735	7.9775543
924313835435804	0.84077454	5.1423798	7.9076996
924313843828138	0.7680969	5.070801	7.782852
924313852220472	0.7522278	5.0273285	7.6540527
924313860612806	0.74472046	5.048523	7.648758
924313869005140	0.7949066	5.099182	7.802826
924313877397474	1.0036469	5.1131134	7.851532
924313885789808	1.2046051	5.1173096	7.81662
924313894182142	1.2597046	5.1885223	7.814377
924313902574476	1.3118134	5.2327423	7.3708954
924313910966810	1.4220123	5.2883606	6.9091187
924313919359144	1.5903931	5.3968353	7.1817627
924313927751478	1.8047485	5.3051147	7.7789917
924313936143812	1.7530823	5.219452	8.108078
924313944536146	1.5781555	5.1890717	8.233734
924313952928480	1.4588165	5.133255	8.32608
924313961320814	1.4360504	5.0510254	8.5195465
924313969713148	1.4516144	4.98468	8.853531
924313978105482	1.4635468	4.9071503	9.113968
924313986497816	1.4799194	4.9460907	9.165497
924313994890150	1.4635315	5.0114746	9.124161
924314003282484	1.4614105	5.1200104	9.021637
924314011674818	1.5249634	5.2638855	8.682266
924314020067152	1.6560669	5.392853	7.8797455
924314028459486	1.7148895	5.3659363	6.639435
924314036851820	1.3063202	5.3345337	6.7700043
924314045244154	1.1614227	5.3067627	7.610855
924314053636488	1.2568665	5.24057	8.494675
924314062028822	1.416565	5.154007	8.941391
924314070421156	1.4194183	5.109207	8.815674
924314078813490	1.2230225	5.130142	8.326141
924314087205824	1.0393372	5.168808	7.902603
924314095598158	1.030365	5.1698456	7.6861115
924314103990492	1.055542	5.156021	7.683487
924314112382826	1.0372925	5.1438293	7.835724
924314120775160	0.97872925	5.133713	7.9653015
924314129167494	0.90893555	5.0968323	7.6472626
924314137559828	1.0177155	5.2451324	5.9502716
924314145952162	1.3888397	5.320221	6.5253906
924314154344496	1.7926483	5.237274	8.263535
924314162736830	2.0144958	5.073929	9.814636
924314171129164	1.9557648	5.023346	10.332428
924314179521498	1.7623596	5.0981293	9.487976
924314187913832	1.5569763	5.1200256	8.9244995
924314196306166	1.5424042	5.15654	8.889648
924314204698500	1.6592865	5.248047	9.025192
924314213090834	1.7857513	5.3552856	8.921234
924314221483168	1.7918854	5.383194	8.326553
924314229875502	1.5904846	5.3991547	7.4472046
924314238267836	1.2207336	5.637146	6.9481964
924314246660170	1.3620911	5.672653	6.607727
924314255052504	1.6302185	5.586441	6.422638
924314263444838	1.7491302	5.5178223	6.458847
924314271837172	1.6960449	5.5618286	6.785553
924314280229506	1.4455414	5.650284	7.3203125
924314288621840	1.0936737	5.610428	7.775635
924314297014174	1.2348175	5.3798676	8.29686
924314305406508	1.4400635	5.1861725	8.724121
924314313798841	1.4199066	5.176544	8.915054
924314322191175	1.2530518	5.3154755	8.838303
924314330583509	1.1949768	5.3307495	8.61116
924314338975843	1.1078644	5.331482	8.234543
924314347368177	1.0152283	5.357025	8.084732
924314355760511	0.91192627	5.3694916	8.109665
924314364152845	0.8632965	5.340622	8.183258
924314372545179	0.9938965	5.2886353	8.203522
924314380937513	1.033493	5.355652	7.8806
924314389329847	1.2468872	5.30394	7.598877
924314397722181	1.3839111	5.301834	7.3029327
924314406114515	1.4624786	5.2719727	7.163269
924314414506849	1.4170685	5.2185974	7.242157
924314422899183	1.0781708	5.299103	7.3877563
924314431291517	0.78804016	5.427719	7.755661
924314439683851	0.8401489	5.384384	8.372589
924314448076185	1.0785675	5.200699	8.856583
924314456468519	1.2897186	4.999817	9.05983
924314464860853	1.3018646	4.9147644	8.9605255
924314473253187	1.0924835	5.015274	8.699112
924314481645521	0.9095764	5.1534424	8.327347
924314490037855	0.88072205	5.199234	8.086075
924314498430189	0.9396515	5.198059	7.934555
924314506822523	1.0323944	5.1790314	7.8622894
924314515214857	1.1093445	5.173889	7.8227997
924314523607191	1.1422577	5.2096405	7.7297516
924314531999525	1.09729	5.2770844	7.60408
924314540391859	1.0069122	5.282654	7.5231323
924314548784193	0.916626	5.2757263	7.485611
924314557176527	0.81411743	5.2574005	7.5009003
924314565568861	0.69563293	5.2300873	7.576172
924314573961195	0.59124756	5.2136383	7.7102356
924314582353529	0.5638275	5.2014465	7.875763
924314590745863	0.5274811	5.1919556	8.080505
924314599138197	0.50572205	5.1855774	8.238922
924314607530531	0.5227051	5.1634674	8.339386
924314615922865	0.56762695	5.1289825	8.411285
924314624315199	0.5770569	5.1260986	8.504883
924314632707533	0.47634888	5.17395	8.5407715
924314641099867	0.42851257	5.1690826	8.540665
924314649492201	0.45462036	5.1200104	8.528656
924314657884535	0.53889465	5.0931854	8.46022
924314666276869	0.6365051	5.1250916	8.3276825
924314674669203	0.6842041	5.170456	8.214584
924314683061537	0.7054596	5.2453613	8.056656
924314691453871	0.66859436	5.3036346	7.942032
924314699846205	0.6060791	5.2914734	7.887207
924314708238539	0.5129242	5.2223206	7.881836
924314716630873	0.3762207	5.11969	7.902237
924314725023207	0.19464111	4.983017	7.9207764
924314733415541	-0.06047058	4.8443146	7.8833313
924314741807875	-0.28631592	4.7734222	7.821869
924314750200209	-0.48620605	4.726288	7.801285
924314758592543	-0.575531	4.7084656	7.820816
924314766984877	-0.4905243	4.7246094	7.8767242
924314775377211	-0.2775421	4.7414856	8.007889
924314783769545	-0.13098145	4.756439	8.315979
924314792161879	0.016830444	4.725418	8.7417755
924314800554213	0.2602539	4.6587677	9.222519
924314808946547	0.4726715	4.603653	9.6953125
924314817338881	0.5051727	4.597458	10.096039
924314825731215	0.36117554	4.6252594	10.359863
924314834123549	0.09877014	4.6172943	10.249542
924314842515883	-0.12812805	4.5927124	9.827896
924314850908216	-0.33963013	4.59346	9.216064
924314859300550	-0.51698303	4.5742188	8.635864
924314867692884	-0.66355896	4.496582	8.280746
924314876085218	-0.87031555	4.430969	8.174393
924314884477552	-1.0544434	4.4597473	8.175201
924314892869886	-1.1416626	4.50296	8.176407
924314901262220	-1.1220703	4.570694	8.203583
924314909654554	-1.0610504	4.6106415	8.2170105
924314918046888	-1.027771	4.5962524	8.151367
924314926439222	-1.0062256	4.647171	7.965317
924314934831556	-1.0500641	4.728897	7.7265778
924314943223890	-1.0371246	4.84816	7.56839
924314951616224	-1.0520935	4.9706573	7.3627625
924314960008558	-1.0819244	5.0488586	7.1284027
924314968400892	-1.0880737	5.043228	6.944412
924314976793226	-1.1239624	4.94751	6.817795
924314985185560	-1.2842407	4.868469	6.6384735
924314993577894	-1.0102997	4.886917	6.600189
924315001970228	-0.5984497	4.847687	7.0740204
924315010362562	-0.50257874	4.869156	7.635559
924315018754896	-0.907135	5.1404877	7.4179993
924315027147230	-1.0527191	5.569214	5.5954437
924315035539564	-1.1921082	5.6480255	5.291626
924315043931898	-1.0337982	5.5773773	6.6562195
924315052324232	-0.5704193	5.2854004	7.8700867
924315060716566	-0.15992737	4.929779	8.571136
924315069108900	-0.41059875	4.814163	9.31012
924315077501234	-2.1016846	5.251877	10.205109
924315085893568	-3.3302002	5.6309204	8.970001
924315094285902	-3.366623	5.328537	7.707443
924315102678236	-3.4009552	4.9599457	7.148178
924315111070570	-3.8153076	4.851074	7.284256
924315119462904	-4.245575	5.002945	7.6517944
924315127855238	-4.009308	5.2470245	7.7025604
924315136247572	-3.5345154	5.7224426	7.360031
924315144639906	-2.2731018	5.5158844	6.647583
924315153032240	-1.2568359	5.273697	5.4727783
924315161424574	-1.2743683	5.36998	5.015381
924315169816908	-2.278595	5.7992706	6.5351257
924315178209242	-2.9296722	6.6673737	7.5033417
924315186601576	-5.7211914	6.0720825	9.498825
924315194993910	-6.245926	5.7259216	8.534119
924315203386244	-5.737488	5.36821	6.842758
924315211778578	-5.145996	5.0727844	6.042938
924315220170912	-4.423462	5.246994	5.9651794
924315228563246	-3.6875458	5.514694	5.8434906
924315236955580	-3.4012604	5.8283234	5.6415863
924315245347914	-3.5280762	6.1599426	5.5119324
924315253740248	-4.038681	6.617447	5.5222473
924315262132582	-4.641327	7.1537476	5.653946
924315270524916	-4.8954773	7.56868	5.781769
924315278917250	-4.406845	7.591202	5.464508
924315287309584	-3.5901031	7.41156	4.8569183
924315295701918	-2.7503052	7.2699585	4.1239624
924315304094252	-2.0212555	7.157715	3.707489
924315312486586	-1.4056091	6.953293	3.7069244
924315320878920	-0.9230652	6.498184	3.8811798
924315329271254	-1.2657776	5.9811554	3.8194885
924315337663588	-2.110199	5.5327606	3.7710266
924315346055922	-3.2363892	5.1484222	3.8534393
924315354448256	-4.25206	4.371277	3.9172974
924315362840590	-5.1233215	3.845108	3.930008
924315371232924	-6.1078033	4.7792664	4.083435
924315379625258	-6.7023773	4.7148285	4.931839
924315388017591	-6.486496	4.7499237	5.4904175
924315396409925	-6.3660126	5.02977	5.524643
924315404802259	-6.0655365	5.3303986	5.3857574
924315413194593	-5.36821	5.5112305	5.1608124
924315421586927	-4.355194	5.5744934	4.6122894
924315429979261	-2.892685	5.30307	4.0020905
924315438371595	-1.9441681	5.1202393	3.5932007
924315446763929	-1.7041321	4.791397	3.2971954
924315455156263	-2.5283966	4.6781006	2.9114685
924315463548597	-4.260376	4.8991547	2.6355438
924315471940931	-6.1809387	5.198288	2.9760895
924315480333265	-7.742523	5.7111816	3.0595856
924315488725599	-8.999435	6.170273	2.9658813
924315497117933	-9.76207	6.715332	3.0032806
924315505510267	-9.870956	7.210449	2.9694824
924315513902601	-9.416153	7.492386	2.7186737
924315522294935	-8.653793	7.4411774	2.372116
924315530687269	-8.083496	7.050354	2.4129944
924315539079603	-7.8804016	6.655731	2.6375275
924315547471937	-7.9380035	6.3203583	2.7997742
924315555864271	-8.132324	6.2790833	2.9280396
924315564256605	-8.244293	6.651062	2.965973
924315572653906	-8.037338	7.2169952	2.6816406
924315581046240	-7.7401276	7.5509796	2.474884
924315589438574	-7.657791	7.7484436	1.9839935
924315597830908	-7.606888	7.7844086	1.4660034
924315606223242	-7.681671	7.7039948	1.1894684
924315614615576	-7.9938507	7.575287	1.2069092
924315623007910	-8.553314	7.4232025	1.279953
924315631400244	-9.202408	7.236313	1.7391815
924315639792578	-9.958511	7.0827026	2.3901367
924315648184912	-10.756119	6.9981537	2.8414612
924315656577246	-11.39682	7.0079346	3.093277
924315664969580	-11.649872	7.0554047	3.2509003
924315673361914	-11.245865	6.959137	3.3566132
924315681754248	-10.644669	6.7487793	3.3745575
924315690146582	-9.948654	6.538925	3.27771
924315698538916	-9.242523	6.437134	2.8721924
924315706931250	-8.586777	6.5334473	2.2919006
924315715323584	-8.08992	6.868744	1.7339478
924315723715918	-7.979233	7.408142	1.2065277
924315732108252	-7.896988	7.8823547	0.9628296
924315740500586	-7.75354	8.198044	0.7281952
924315748892920	-7.460434	8.322662	0.631073
924315757285254	-7.217911	8.272156	0.8258667
924315765677588	-7.261429	8.120178	1.2170105
924315774069922	-7.5302734	7.978485	1.2102203
924315782462256	-7.8092804	7.786804	1.2690582
924315790854590	-8.094803	7.629196	1.2405243
924315799246924	-8.299683	7.550064	1.2374573
924315807639258	-8.294128	7.5503693	1.247879
924315816031592	-8.026123	7.6071167	1.2207184
924315824423926	-7.592819	7.7151794	1.1729431
924315832816260	-7.2667236	7.927719	1.1515961
924315841208594	-6.846222	8.098511	0.8379364
924315849600928	-6.3077545	8.244171	0.4015808
924315857993262	-5.802246	8.302277	-0.05795288
924315866385596	-5.4680786	8.243423	-0.52645874
924315874777930	-5.2826843	8.201645	-1.0449371
924315883170264	-5.47847	8.205215	-1.2361755
924315891562598	-5.806244	8.12796	-1.1517792
924315899954932	-6.0376434	8.072327	-0.8770294
924315908347266	-6.113266	8.080856	-0.5643158
924315916739600	-6.0864716	8.123062	-0.32841492
924315925131933	-5.993988	8.093857	-0.07142639
924315933524267	-5.959427	7.890976	-0.0066986084
924315941916601	-6.0344696	7.879715	-0.093307495
924315950308935	-5.9855347	7.899292	-0.188797
924315958701269	-5.851761	7.9023743	-0.27555847
924315967093603	-5.83078	7.925995	-0.41697693
924315975485937	-6.021408	8.015991	-0.6898651
924315983878271	-6.0788727	8.089371	-0.8924103
924315992270605	-6.081482	7.9667206	-0.8822174
924316000662939	-6.218277	7.8775177	-0.95962524
924316009055273	-6.3202972	7.886734	-1.2292633
924316017447607	-6.1202087	7.942978	-1.5696869
924316025839941	-5.689972	8.0529785	-1.6533966
924316034232275	-5.3320313	8.176285	-1.8706818
924316042624609	-5.0373993	8.3358	-1.8915863
924316051016943	-4.8440247	8.452286	-1.761795
924316059409277	-4.8278503	8.49498	-1.4944458
924316067801611	-5.0024567	8.491882	-1.0934296
924316076193945	-5.142624	8.480942	-0.67396545
924316084586279	-5.0879517	8.332779	-0.48721313
924316092978613	-5.015152	8.23259	-0.4653778
924316101370947	-4.9074707	8.21759	-0.55293274
924316109763281	-4.6934357	8.245529	-0.72598267
924316118155615	-4.2843323	8.241745	-0.98065186
924316126547949	-3.673996	8.239807	-1.2600098
924316134940283	-3.2850342	8.2986145	-1.6155396
924316143332617	-2.9885864	8.412125	-2.0031738
924316151724951	-2.7957	8.51712	-2.3587036
924316160117285	-2.669815	8.568649	-2.682541
924316168509619	-2.540985	8.554367	-2.9795837
924316176901953	-2.4543457	8.445358	-2.9786224
924316185294287	-2.5285645	8.383392	-2.589203
924316193686621	-2.7432098	8.3063965	-1.9464722
924316202078955	-3.103653	8.217743	-1.4110565
924316210471289	-3.5975342	8.129349	-1.08461
924316218863623	-4.1942444	8.067871	-0.8517761
924316227255957	-4.7836914	8.195114	-0.8567505
924316235648291	-5.098236	8.487686	-1.2960815
924316244040625	-4.9462433	8.730743	-1.6695862
924316252432959	-4.604294	8.858078	-1.8623352
924316260825293	-4.292282	8.890289	-1.9299164
924316269217627	-4.0407715	8.903275	-2.0178223
924316277609961	-3.671875	8.88533	-2.086609
924316286002295	-3.3260498	8.830551	-2.0829468
924316294394629	-3.073288	8.721344	-2.0950928
924316302786963	-2.9064636	8.599762	-2.072113
924316311179297	-2.802063	8.464325	-1.9183044
924316319571631	-2.7465973	8.261505	-1.5695343
924316327963965	-2.7735138	8.049133	-1.3123016
924316336356299	-2.9355774	8.056381	-1.3258972
924316344748633	-3.0688019	8.143707	-1.3522491
924316353140967	-3.2520142	8.269241	-1.4150543
924316361533301	-3.5150757	8.397354	-1.5426788
924316369925635	-3.772049	8.50766	-1.6876831
924316378317969	-3.9243622	8.6540985	-1.6398468
924316386710303	-3.9732513	8.775955	-1.6146698
924316395102637	-3.9345398	8.831741	-1.6307068
924316403494971	-3.8188324	8.861145	-1.6436157
924316411887305	-3.6629486	8.891098	-1.6448822
924316420279639	-3.5328522	8.908432	-1.6841583
924316428671973	-3.524704	8.908432	-1.7962036
924316437064307	-3.4970093	8.902374	-1.7946014
924316445456641	-3.344757	8.869965	-1.8265686
924316453848975	-3.1219635	8.840942	-1.858841
924316462241308	-2.9350128	8.846436	-1.9207001
924316470633642	-2.8826904	8.898285	-2.1497498
924316479025976	-2.8846436	8.995926	-2.3186493
924316487418310	-2.984314	8.996521	-2.311798
924316495810644	-3.184723	8.996796	-2.2497864
924316504202978	-3.4602966	8.984436	-2.105072
924316512595312	-3.7254028	8.913727	-1.8739471
924316520987646	-3.858551	8.765488	-1.6453552
924316529379980	-3.9239502	8.722534	-1.4842682
924316537772314	-3.9888458	8.780579	-1.4195404
924316546164648	-3.958847	8.841843	-1.5045624
924316554556982	-3.8100128	8.848938	-1.615036
924316562949316	-3.6228333	8.807556	-1.6722717
924316571341650	-3.5568695	8.796112	-1.7427826
924316579733984	-3.394806	8.837112	-1.706665
924316588126318	-3.2402496	8.838837	-1.5843658
924316596518652	-3.0972443	8.783813	-1.4898682
924316604910986	-2.9782867	8.673645	-1.4489594
924316613303320	-2.8984985	8.546967	-1.417923
924316621695654	-2.8630981	8.474731	-1.3084717
924316630087988	-2.8511658	8.357437	-1.2200165
924316638480322	-2.940796	8.282455	-1.1747437
924316646872656	-3.0220795	8.184418	-1.1698456
924316655264990	-3.1368103	8.141144	-1.2651367
924316663657324	-3.3179016	8.236542	-1.4923248
924316672049658	-3.4647827	8.447632	-1.8070221
924316680441992	-3.236023	8.306488	-2.4329224
924316688834326	-3.0033264	7.2803955	-2.491516
924316697226660	-3.2285461	6.6717834	-1.4603119
924316705618994	-3.3148956	7.0452576	-0.78034973
924316714011328	-2.8061066	8.131683	-1.4163666
924316722403662	-2.3862915	8.780197	-1.839035
924316730795996	-2.3609924	8.938858	-2.154419
924316739188330	-2.2838898	9.015991	-1.9239197
924316747580664	-2.137146	8.821167	-0.74053955
924316755972998	-2.2771301	8.5312805	0.25535583
924316764365332	-2.702713	8.538284	0.430542
924316772757666	-2.6267853	9.242065	1.1119232
924316781150000	-2.9258118	9.68544	0.26535034
924316789542334	-3.0883331	9.891235	-0.11480713
924316797934668	-3.29924	10.05072	-0.3222351
924316806327002	-3.431015	10.143234	-0.70051575
924316814719336	-3.3125305	10.174072	-1.4304199
924316823111670	-2.9984283	10.3967285	-2.206726
924316831504004	-2.7580566	10.472885	-2.5976563
924316839896338	-2.7982788	10.691711	-2.772232
924316848288672	-3.1655426	10.752197	-2.3131409
924316856681006	-3.5719452	10.629196	-1.538269
924316865073340	-3.6473236	10.447052	-1.0222778
924316873465674	-3.2421112	10.314667	-1.0018768
924316881858008	-3.0025482	10.047287	-0.97802734
924316890250342	-3.1296997	9.794708	-0.62890625
924316898642676	-3.2607727	9.439682	-0.21420288
924316907035010	-3.4257507	9.158173	0.16471863
924316915427344	-3.659195	9.08989	0.4011383
924316923819678	-3.5225983	8.866562	0.23861694
924316932212012	-1.9603119	8.415863	0.21818542
924316940604346	-1.1809235	8.329468	0.24261475
924316948996680	-1.5094452	8.549759	0.13453674
924316957389014	-2.2386627	8.803589	0.036621094
924316965781348	-2.4919434	8.820251	0.16534424
924316974173682	-2.501709	8.613266	0.44848633
924316982566016	-2.4414063	8.685989	-0.0099487305
924316990958350	-2.3988495	8.629684	-0.31080627
924316999350683	-2.4146118	8.53566	-0.42344666
924317007743017	-2.3196564	8.427368	-0.50105286
924317016135351	-1.9964447	8.274124	-0.6044769
924317024527685	-1.9304352	8.020264	-0.12008667
924317032920019	-2.0044403	8.0233	-0.3205719
924317041312353	-2.0571747	8.10553	-0.4165802
924317049704687	-2.1320953	8.122299	-0.3501587
924317058097021	-2.275406	8.071426	-0.17727661
924317066489355	-2.4780426	8.034622	-0.033584595
924317074881689	-2.5513916	8.015274	-0.120162964
924317083274023	-2.1808472	8.047623	-0.3375702
924317091666357	-2.0598907	8.228729	-0.48809814
924317100058691	-2.1223755	8.2912445	-0.39886475
924317108451025	-2.2703552	8.146576	-0.046585083
924317116843359	-2.3976593	8.013199	0.3164978
924317125235693	-2.4541016	8.625458	-0.033935547
924317133628027	-3.6942291	8.581696	-0.31869507
924317142020361	-3.8425903	9.017792	0.48132324
924317150412695	-2.8878174	8.981934	1.3845215
924317158805029	-1.814148	8.279831	1.4754639
924317167197363	-1.9242096	7.6176147	0.69177246
924317175589697	-3.607193	8.474045	1.7047424
924317183982031	-2.0806732	8.040466	2.146164
924317192374365	-1.5489349	7.912094	1.8465118
924317200766699	-1.3500977	7.67717	1.2323456
924317209159033	-1.2353821	7.4367523	0.87898254
924317217551367	-1.4904938	7.6643066	1.0508881
924317225943701	-1.0636902	7.6347656	0.27877808
924317234336035	-0.5135498	7.6559753	-0.62057495
924317242728369	-0.56933594	7.6331177	-0.877655
924317251120703	-0.80392456	7.491043	-0.6482544
924317259513037	-0.77867126	7.1977234	-0.30267334
924317267905371	-0.3295288	6.877884	-0.14390564
924317276297705	0.08605957	7.347473	0.23197937
924317284690039	0.21820068	7.4147186	0.6708069
924317293082373	0.14796448	7.2562103	0.99850464
924317301474707	0.043029785	7.3954773	1.3029327
924317309867041	-0.026748657	7.7069244	1.6032867
924317318259375	-0.08180237	7.496399	1.8394623
924317326651709	0.030471802	6.854965	2.0747528
924317335044043	0.25932312	6.5625	2.0933685
924317343436377	0.36276245	6.3593903	1.9842987
924317351828711	0.57321167	6.3552246	1.8916321
924317360221045	0.9206543	6.6179047	1.9085999
924317368613379	1.1857605	7.093445	2.0218964
924317377005713	1.4280243	7.6328278	1.9760284
924317385398047	1.2295227	8.196442	2.1764832
924317393790381	0.5187988	8.677185	2.5432434
924317402182715	-0.1322174	8.951111	2.9006042
924317410575049	-0.39582825	9.003082	3.1616516
924317418967383	-0.40997314	8.940338	3.3736877
924317427359717	-0.6008606	8.878387	3.6367035
924317435752051	-1.0299683	8.884918	3.8922882
924317444144385	-1.4875183	8.967697	4.0502014
924317452536719	-1.7895508	8.9878235	3.9906464
924317460929053	-1.866684	9.11235	3.843628
924317469321387	-1.838623	9.754181	3.9881897
924317477713721	-2.2411957	9.884399	4.399719
924317486106055	-2.991043	10.709152	4.4622345
924317494498389	-3.4471588	10.927872	4.0097656
924317502890723	-3.7076416	10.909775	3.2462006
924317511283057	-3.9028778	11.110458	2.5248108
924317519675391	-3.9993591	11.522766	2.2346802
924317528067725	-4.3383484	11.690262	2.8797302
924317536460058	-4.789398	11.667679	3.3995667
924317544852392	-5.1901703	11.753082	3.7610931
924317553244726	-5.7058716	11.91391	3.7261353
924317561637060	-6.1138763	12.092682	3.3020477
924317570029394	-5.7218933	12.252853	2.9476013
924317578421728	-5.8749695	12.034164	3.041031
924317586814062	-6.4635773	11.911896	3.423935
924317595206396	-6.795105	12.020264	3.368164
924317603598730	-6.5851135	12.061523	2.8526306
924317611991064	-5.9794464	11.901352	2.1119995
924317620383398	-5.648819	11.756943	1.5436554
924317628775732	-5.4539948	11.425934	0.81604004
924317637168066	-5.1858215	11.218842	0.8998108
924317645560400	-5.1549835	11.007324	1.0457458
924317653952734	-4.7719574	10.691635	1.2310333
924317662345068	-3.6134033	10.302292	1.2648163
924317670737402	-2.0214844	10.018524	0.5941162
924317679129736	-0.9058533	9.521027	-0.5265045
924317687522070	-0.31336975	8.797256	-0.9902344
924317695914404	-0.46340942	8.245239	-0.62057495
924317704306738	-1.2128143	7.4762726	0.23071289
924317712699072	-2.3955688	6.291565	0.91430664
924317721091406	-3.9538574	5.2390137	0.70892334
924317729483740	-4.9528503	6.555084	-0.04852295
924317737876074	-4.913925	7.7315063	-0.87768555
924317746268408	-4.3540497	8.586884	-1.1638031
924317754660742	-4.163391	8.774139	-1.1998138
924317763053076	-4.764801	8.507553	-1.1762543
924317771445410	-5.638397	8.772232	-0.74583435
924317779837744	-5.422394	8.382202	-0.41181946
924317788230078	-5.573181	7.962433	0.1484375
924317796622412	-5.5201874	7.1720123	0.49282837
924317805014746	-5.2239075	6.658798	0.52893066
924317813407080	-4.8480377	6.656723	0.42814636
924317821799414	-4.5786285	6.2667236	0.5506439
924317830191748	-4.2734833	5.7538147	0.4333496
924317838584082	-4.369278	5.8166046	0.3256836
924317846976416	-4.4423676	6.058899	0.11526489
924317855368750	-4.617096	6.4113464	-0.24699402
924317863761084	-4.966934	6.845108	-0.7451019
924317872153418	-5.1698	7.2187653	-1.2983246
924317880545752	-5.153	7.32901	-1.5467987
924317888938086	-5.114609	7.3254395	-1.534317
924317897330420	-4.889969	7.0325317	-1.3713074
924317905722754	-4.6951447	6.5864563	-1.1830902
924317914115088	-4.764908	6.177017	-1.0016937
924317922507422	-5.079193	5.848007	-0.6766052
924317930899756	-5.1549835	6.245224	-0.19934082
924317939292090	-5.1761627	6.6942596	-0.3018036
924317947684424	-5.087677	7.2594757	-0.8370819
924317956076758	-4.763321	7.6461487	-1.5405426
924317964469092	-4.2510834	7.7786713	-2.1292114
924317972861426	-3.973297	8.285004	-2.4069977
924317981253760	-4.069153	8.333633	-2.4829407
924317989646094	-4.211899	8.174271	-2.4815369
924317998038428	-4.6351624	7.872879	-2.082428
924318006430762	-4.817932	7.719589	-1.9507904
924318014823096	-4.4560547	7.876343	-2.3925323
924318023215430	-4.4213715	8.022018	-2.0288239
924318031607764	-5.2053833	8.551224	-1.6866455
924318040000098	-5.9765778	9.087814	-1.5196381
924318048392432	-6.24086	8.980637	-1.933136
924318056784766	-6.039566	8.911087	-2.4441376
924318065177100	-5.7440643	9.485672	-2.4834747
924318073569433	-5.84375	9.634216	-2.2950287
924318081961767	-5.947098	8.827698	-1.6450806
924318090354101	-6.52919	8.708771	-0.8663025
924318098746435	-6.606491	8.609924	-0.4573059
924318107138769	-6.0429688	8.471848	-0.3202057
924318115531103	-5.357025	8.537247	-0.16041565
924318123923437	-5.5101013	8.92392	6.2561035E-4
924318132315771	-5.481262	9.2278595	-0.89016724
924318140708105	-4.851303	9.284042	-2.038971
924318149100439	-4.0938416	9.188187	-2.8202515
924318157492773	-3.1809235	8.992813	-3.220871
924318165885107	-2.1122284	8.712784	-3.5319977
924318174277441	-1.784195	8.339035	-3.8858795
924318182669775	-2.1831512	7.7957764	-3.4673462
924318191062109	-2.095642	7.605774	-2.6719208
924318199454443	-2.1943054	7.7036896	-2.0621948
924318207846777	-2.6243134	7.9075775	-1.6203918
924318216239111	-3.0654907	8.022507	-1.1367035
924318224631445	-2.9114227	7.9678497	-0.91404724
924318233023779	-2.8813477	7.855591	-1.2008972
924318241416113	-3.1737518	7.6784973	-1.6736908
924318249808447	-2.8897705	7.5706635	-1.5021667
924318258200781	-1.9919739	7.6161957	-1.0343628
924318266593115	-1.173172	7.749069	-0.85816956
924318274985449	-1.5041656	7.549881	0.26860046
924318283377783	-1.9452667	6.839279	1.4231567
924318291770117	-1.7378235	6.003601	1.6633759
924318300162451	-1.2648621	5.5865784	1.1526489
924318308554785	-0.99694824	5.7299194	-0.026229858
924318316947119	-1.2273102	6.1988373	-1.6260529
924318325339453	-1.6839447	6.4969482	-2.42865
924318333731787	-1.6393127	6.0170135	-2.3464966
924318342124121	-1.8547668	5.2942657	-0.05708313
924318350516455	-2.3431854	4.3741455	2.8911133
924318358908789	-2.6347656	3.617752	4.017853
924318367301123	-2.3700562	3.9556732	2.5135956
924318375693457	-2.8173676	7.7945404	5.8862762
924318384085791	-1.7332153	12.438034	6.6698
924318392478125	-0.3940277	18.497192	4.9729614
924318400870459	2.4384003	22.568848	-3.928543
924318409262793	2.0815582	23.710907	-11.650467
924318417655127	-6.6337585	22.986908	-5.9041443
924318426047461	-10.802292	19.717682	-2.250061
924318434439795	-7.079483	16.931412	-1.2239075
924318442832129	-1.9504242	14.625732	1.5329285
924318451224463	0.76519775	13.018219	2.2934113
924318459616797	1.0964813	12.353226	1.1951904
924318468009131	1.4462738	12.389084	1.7112885
924318476401465	0.61032104	10.377197	4.2430267
924318484793799	0.86473083	10.20163	0.6340637
924318493186133	2.0463715	10.202866	-0.9108887
924318501578467	2.5326385	9.687912	-0.40066528
924318509970801	2.3552399	9.137436	0.20768738
924318518363135	3.084076	9.660614	-0.8296814
924318526755469	4.072113	9.922836	1.7076874
924318535147803	4.2039337	9.882263	3.3054962
924318543540137	4.2074738	10.430817	1.9901733
924318551932471	4.0832977	10.323212	0.9959259
924318560324805	3.8921509	9.36647	1.3246155
924318568717139	3.7761078	8.636612	1.1353302
924318577109473	3.597351	9.16301	0.28381348
924318585501807	3.1114807	9.704575	0.07847595
924318593894141	2.7926178	9.799789	0.17974854
924318602286475	2.5134888	9.519943	0.34603882
924318610678808	2.341385	9.121506	0.5836792
924318619071142	2.5393066	8.918076	1.0347137
924318627463476	2.6932526	9.119308	1.397934
924318635855810	2.8233032	9.537094	-0.431015
924318644248144	1.8660889	9.258057	-0.53364563
924318652640478	0.39961243	8.42865	0.5025482
924318661032812	-1.3295593	7.6871033	1.041336
924318669425146	-3.497818	7.7565613	-0.16899109
924318677817480	-4.255829	7.5129547	0.24641418
924318686209814	-4.243759	7.2830048	0.7706146
924318694602148	-3.7013092	6.8505554	0.99871826
924318702994482	-2.8350067	6.4319763	0.4088745
924318711386816	-1.7471161	5.9888	-1.2182465
924318719779150	-0.42416382	5.1159363	-3.4834747
924318728171484	0.8290558	4.294861	-4.785797
924318736563818	1.2984924	4.661072	-5.026886
924318744956152	1.1448364	5.446808	-4.579834
924318753348486	0.40194702	6.330414	-3.4939575
924318761740820	-0.7404022	7.054413	-1.9471893
924318770133154	-1.9636688	7.4033966	-0.24639893
924318778525488	-2.418579	7.1515656	1.1610565
924318786917822	-2.2008362	6.9060974	2.5123901
924318795310156	-2.013153	7.611801	3.7611237
924318803702490	-1.3818512	8.050568	4.215973
924318812094824	-0.29057312	7.4844513	3.9104462
924318820487158	0.36512756	6.621689	3.893402
924318828879492	-0.22532654	7.6604156	4.1021423
924318837271826	-0.3407135	9.350403	-0.7674866
924318845664160	0.47097778	10.191223	-3.900406
924318854056494	1.0780182	10.481247	-5.0998535
924318862448828	0.48130798	11.055786	-4.936081
924318870841162	-1.3173676	12.609909	-2.9177704
924318879233496	-2.0880585	13.357666	-1.72435
924318887625830	-3.0528564	14.232376	-1.6488953
924318896018164	-4.097885	15.958298	-1.2840881
924318904410498	-4.504303	17.700165	-0.53764343
924318912802832	-4.0368195	18.92543	0.49072266
924318921195166	-3.3129578	20.261261	2.0055237
924318929587500	-1.2822571	20.187057	3.1653748
924318937979834	0.7019043	19.422485	1.3998413
924318946372168	1.9451447	17.919708	-2.171753
924318954764502	2.534134	15.741135	-4.718338
924318963156836	2.8613434	12.991058	-4.4055176
924318971549170	3.1981812	9.721359	-2.040039
924318979941504	2.9190826	7.2471313	0.4209442
924318988333838	2.5109406	5.391556	2.6127014
924318996726172	2.0609589	4.0397644	4.203293
924319005118506	2.0389404	2.8918304	4.823044
924319013510840	2.591217	1.8234711	4.612198
924319021903174	3.1474304	1.1063385	4.4876556
924319030295508	3.7667084	0.47911072	4.46579
924319038687842	3.8616333	1.0140228	4.7450714
924319047080176	4.052109	1.4226837	4.705673
924319055472510	4.018402	2.217331	4.516861
924319063864844	3.3960571	4.0334167	4.41156
924319072257178	2.3897858	6.507019	4.217743
924319080649512	1.8485565	9.062241	4.0775757
924319089041846	1.7226105	11.175369	3.7333221
924319097434180	2.3649292	12.286499	3.1674347
924319105826514	3.7602234	12.21608	2.504074
924319114218848	5.3447113	11.393295	1.8095856
924319122611182	6.057251	10.785889	0.8965149
924319131003516	6.5283203	9.996613	0.13595581
924319139395850	6.616638	9.149658	-0.41600037
924319147788183	6.4449005	8.482956	-0.7197418
924319156180517	6.1588287	8.110764	-0.8229523
924319164572851	5.7993164	8.050766	-0.82154846
924319172965185	5.226959	8.251282	-0.8459015
924319181357519	4.190933	8.307022	-0.62316895
924319189749853	3.2091522	8.215622	-0.39045715
924319198142187	2.436081	8.121323	-0.19537354
924319206534521	1.9234314	8.102768	-0.041885376
924319214926855	1.6502228	8.180679	0.07510376
924319223319189	1.5565033	8.325256	0.13790894
924319231711523	1.6551819	8.489197	0.29658508
924319240103857	1.9117584	8.589172	0.5220642
924319248496191	2.2371826	8.619095	0.75497437
924319256888525	2.569275	8.630875	1.0109253
924319265280859	2.8377228	8.683411	1.2880707
924319273673193	2.9274445	8.765167	1.4535675
924319282065527	2.812912	8.859436	1.5285492
924319290457861	2.5893707	8.857101	1.5258484
924319298850195	2.326065	8.78064	1.4724884
924319307242529	2.1011353	8.654526	1.3815155
924319315634863	1.9517212	8.491974	1.2567291
924319324027197	1.8283234	8.276566	1.1020203
924319332419531	1.7445221	8.026077	0.9364929
924319340811865	1.7453461	7.8186646	0.8148804
924319349204199	1.7965088	7.7176666	0.7280884
924319357596533	1.8730774	7.7867737	0.66482544
924319365988867	1.9732666	8.047165	0.621994
924319374381201	2.1387787	8.40509	0.6180115
924319382773535	2.446869	8.715927	0.6920471
924319391165869	2.8399506	8.833008	0.7627716
924319399558203	3.1751251	8.863678	0.7722626
924319407950537	3.3975677	8.843536	0.6360321
924319416342871	3.5022583	8.782028	0.26052856
924319424735205	3.43367	8.8138275	-0.43925476
924319433127539	3.455368	8.741791	-1.4439392
924319441519873	3.0393982	8.763611	-0.93989563
924319449912207	1.930893	8.701233	2.105484
924319458304541	1.475357	8.877914	3.326004
924319466696875	2.9013672	9.58963	-1.1732178
924319475089209	3.366562	9.780472	-1.0797882
924319483481543	3.498993	9.840363	0.9128418
924319491873877	3.9770355	10.30011	0.967865
924319500266211	4.2104034	10.9604645	0.92015076
924319508658545	3.8831635	11.524231	1.8675232
924319517050879	3.0706482	11.779129	3.6000366
924319525443213	2.164627	11.733231	4.9209747
924319533835547	1.8481598	11.198486	4.4845734
924319542227881	2.2651672	10.721237	2.2729034
924319550620215	2.4896393	10.807587	-0.13923645
924319559012549	2.4131775	11.249588	-2.0205383
924319567404883	2.5586395	11.537537	-3.5422516
924319575797217	2.8866272	12.221954	-4.977112
924319584189551	2.566864	13.474762	-4.923233
924319592581885	1.9659729	14.616211	-2.9943085
924319600974219	0.63383484	14.726471	-2.7061768
924319609366553	-1.034729	14.036636	-5.034424
924319617758887	-1.7887878	13.527954	-7.8824005
924319626151221	0.29067993	13.397736	-6.254196
924319634543555	4.920059	12.779114	-1.1898804
924319642935889	8.150558	12.688644	3.2308655
924319651328223	9.059235	13.213684	5.453949
924319659720557	8.191772	14.390305	5.4264374
924319668112891	7.1175995	16.072113	4.5908203
924319676505225	6.4937286	17.175339	4.587906
924319684897558	6.004303	16.692352	4.7160187
924319693289892	5.759796	15.252304	4.499008
924319701682226	5.6151276	13.635696	3.6177368
924319710074560	5.656204	12.16452	2.0059357
924319718466894	6.194336	10.684296	-0.110809326
924319726859228	7.4418335	9.284042	-1.8665314
924319735251562	8.844528	8.045807	-2.2443695
924319743643896	9.954742	7.0864563	-1.5074005
924319752036230	10.228531	6.45697	-0.5725708
924319760428564	9.294769	6.176178	0.06222534
924319768820898	6.967987	6.2857056	0.42938232
924319777213232	4.311615	6.6572266	-0.2671051
924319785605566	0.4474945	6.538513	5.776184
924319793997900	-0.85617065	7.294235	5.748764
924319802390234	-1.1174927	7.951416	4.516861
924319810782568	-0.83110046	7.664093	3.8575287
924319819174902	1.5948792	6.5342407	-1.0376282
924319827567236	3.4473114	5.971924	-2.2619476
924319835959570	4.1981354	5.5894775	-0.26449585
924319844351904	4.772064	5.7279816	1.5703125
924319852744238	5.075409	5.836792	2.5963135
924319861136572	5.127701	5.667694	2.9536285
924319869528906	5.203827	5.543579	3.2306213
924319877921240	4.6437225	4.8219147	3.9288025
924319886313574	4.3238983	3.985489	3.9259033
924319894705908	4.3193054	3.0329285	3.6726227
924319903098242	4.474655	2.1228485	3.2302551
924319911490576	4.636673	1.3353271	2.6585693
924319919882910	4.7611694	0.6093292	2.0850983
924319928275244	4.707016	-0.014984131	1.5874786
924319936667578	4.699463	-0.5370636	1.3060913
924319945059912	4.566269	-0.50808716	1.4994049
924319953452246	4.4403076	0.35816956	1.9506378
924319961844580	4.6268616	1.6195068	2.2894897
924319970236914	5.4011383	2.2443237	2.2282104
924319978629248	5.8474426	2.2602234	1.690445
924319987021582	5.806946	2.3054657	1.2176056
924319995413916	5.7108917	2.7515259	0.8646698
924320003806250	5.816681	3.7883148	0.13734436
924320012198584	6.132004	5.6697845	-1.6757507
924320020590918	6.309021	8.716766	-5.117813
924320028983252	5.7980957	13.339905	-10.578903
924320037375586	4.2326202	17.204468	-19.73758
924320045767920	2.9909668	18.54506	-23.7583
924320054160254	1.9703522	18.791962	-19.373932
924320062552588	0.41067505	19.222412	-10.82991
924320070944922	-2.1855927	19.013962	-8.133362
924320079337256	1.3525238	16.628845	-7.4890137
924320087729590	2.2441711	14.776428	-3.901947
924320096121924	3.586731	14.523041	0.022506714
924320104514258	5.1582794	14.684921	1.7438965
924320112906592	6.283798	14.2907715	0.6806488
924320121298926	7.4208374	14.016876	-1.0757446
924320129691260	6.9089203	13.681885	-1.9017792
924320138083594	5.277832	13.500504	-1.3224945
924320146475928	4.0830994	13.617722	0.6257324
924320154868262	4.1508636	14.113419	3.0581055
924320163260596	5.288147	14.534317	4.297104
924320171652930	5.8856964	13.663101	2.665741
924320180045264	6.1232605	11.116455	2.4868164
924320188437598	6.2719116	6.9592285	2.5643768
924320196829932	5.190094	3.4185944	3.639923
924320205222266	3.1483612	0.86717224	7.7384644
924320213614600	1.2800903	-0.45298767	12.491791
924320222006933	0.8683319	0.67689514	6.860489
924320230399267	2.3226013	2.1126862	7.1739197
924320238791601	3.3848724	2.88089	6.462799
924320247183935	4.190811	3.2963257	5.3895264
924320255576269	4.6193695	3.8146515	4.4617615
924320263968603	4.7494965	4.5676117	3.7293396
924320272360937	5.258896	5.078644	2.6520386
924320280753271	6.1242676	5.730835	0.25938416
924320289145605	6.7862244	6.851364	-1.6727295
924320297537939	7.3583374	8.056427	-2.1723328
924320305930273	8.144516	9.07399	-1.4529724
924320314322607	9.352051	9.761337	0.15838623
924320322714941	10.83313	10.0486145	3.6304474
924320331107275	7.666641	9.2031555	3.965454
924320339499609	4.4499054	8.428665	2.8296814
924320347891943	3.238739	7.8742523	2.1365662
924320356284277	3.3882294	7.6227875	2.0865173
924320364676611	3.5434723	7.7138214	2.2451477
924320373068945	3.617035	8.039856	2.544342
924320381461279	3.4152832	8.510941	2.7093353
924320389853613	3.02948	8.820068	2.6352844
924320398245947	2.4622803	8.977966	2.3852997
924320406638281	1.9341431	8.942444	1.9895935
924320415030615	1.7290192	8.659531	1.4898529
924320423422949	1.8353729	8.149597	0.9918518
924320431815283	1.9398651	7.6639404	0.76904297
924320440207617	2.299881	7.187851	0.61224365
924320448599951	2.7522125	6.789871	0.8036804
924320456992285	3.2952576	6.5110474	1.4714966
924320465384619	3.9069977	6.3504944	2.439804
924320473776953	4.201111	6.2956696	3.1925354
924320482169287	4.2464905	6.2408295	3.9375153
924320490561621	4.0305786	6.2895355	4.410782
924320498953955	3.6295319	6.420639	4.2476807
924320507346289	3.1854553	6.6344147	3.3632355
924320515738623	2.8977356	6.9194183	2.0115204
924320524130957	2.9645386	7.2234955	0.5369568
924320532523291	3.4253387	7.4767	-0.4064331
924320540915625	3.884079	7.6949463	-0.3455963
924320549307959	4.390091	7.8641357	0.11239624
924320557700293	4.894226	7.919937	0.35876465
924320566092627	5.2959747	7.82428	-0.056137085
924320574484961	5.6698456	7.8152924	-0.76301575
924320582877295	6.1548157	8.08963	-0.43643188
924320591269629	6.5133667	8.66922	0.35191345
924320599661963	6.387451	9.527283	0.49627686
924320608054297	5.7858734	10.56163	-0.11619568
924320616446631	5.04657	11.603073	-0.83106995
924320624838965	4.3596344	12.552216	-1.5299683
924320633231299	3.2575989	13.359024	-2.6399994
924320641623633	3.970993	13.220627	-3.118988
924320650015967	6.056122	12.012726	-3.2378693
924320658408301	6.759659	11.921692	-1.8727722
924320666800635	4.15567	14.846817	1.7610779
924320675192969	4.1536713	15.920349	3.2789307
924320683585303	4.215164	15.844666	2.261261
924320691977637	3.790329	15.325333	2.2220154
924320700369971	3.5566864	14.2256775	2.0263824
924320708762305	3.7866821	12.951599	0.9332428
924320717154639	4.4087067	12.180374	-0.7988281
924320725546973	5.6649475	11.982956	-1.3780823
924320733939307	7.606903	11.803757	-1.1206055
924320742331641	9.218475	11.750183	-2.6453857
924320750723975	10.481369	11.892899	-3.5501556
924320759116308	10.670761	11.65239	-2.4934845
924320767508642	8.872543	10.240692	0.1771698
924320775900976	6.759857	8.929611	3.313797
924320784293310	6.175293	8.548187	5.95813
924320792685644	6.519516	8.435196	7.703537
924320801077978	7.5835114	8.338989	8.374023
924320809470312	8.89624	8.212051	7.874771
924320817862646	9.78685	8.181839	6.1845856
924320826254980	9.264542	8.306244	3.4496765
924320834647314	8.6901245	8.241653	2.1036377
924320843039648	7.9437256	8.611099	2.0676422
924320851431982	7.171814	9.198151	2.601242
924320859824316	6.4977875	9.661514	2.933075
924320868216650	5.9234924	9.779419	2.6036224
924320876608984	5.302353	9.658768	1.3613434
924320885001318	5.2196045	9.414871	1.2012787
924320893393652	5.6826324	9.030197	1.789856
924320901785986	5.6421356	8.120148	1.2381134
924320910178320	4.8964386	6.900482	-0.10173035
924320918570654	4.3124695	6.18985	0.4250946
924320926962988	4.087158	5.6225586	1.5985718
924320935355322	4.0273743	4.878418	2.2408905
924320943747656	4.0988617	4.339676	2.4781342
924320952139990	4.2888336	3.8574677	2.5436707
924320960532324	4.422226	3.3419037	2.5968628
924320968924658	4.198639	2.8796692	2.6337433
924320977316992	3.9465637	2.7146606	2.0729065
924320985709326	3.8033752	2.68013	2.150879
924320994101660	3.8734741	2.688797	2.4741058
924321002493994	3.965683	2.7638092	2.7549896
924321010886328	3.9773712	2.8447876	2.807953
924321019278662	3.9964142	2.7756958	2.5777283
924321027670996	4.0343018	2.619156	2.2357635
924321036063330	3.9620667	2.493454	1.7114258
924321044455664	3.8531952	2.5784607	1.3243561
924321052847998	4.030487	2.7173157	1.1737518
924321061240332	4.4595184	2.8079681	1.1930542
924321069632666	4.5757446	2.893814	1.1545105
924321078025000	4.3927307	2.8738098	1.1795044
924321086417334	4.4459076	3.0533905	0.79844666
924321094809668	4.7677765	3.438614	0.25697327
924321103202002	5.6325836	4.248825	-0.536499
924321111594336	6.959549	5.7485046	-1.7075195
924321119986670	8.065811	8.009552	-3.2901306
924321128379004	8.339813	10.826035	-6.2644806
924321136771338	8.81311	11.724945	-12.948822
924321145163672	7.79245	13.550781	-18.712845
924321153556006	6.8933563	16.042816	-19.827988
924321161948340	6.931076	17.944687	-15.845276
924321170340674	6.1228333	18.0634	-11.304947
924321178733008	3.060852	14.542038	-7.1408234
924321187125342	1.8184814	12.531525	-3.950592
924321195517676	2.1355896	11.7729645	-1.8111115
924321203910010	3.0181122	11.385971	-0.5424347
924321212302344	3.438675	10.660049	0.40930176
924321220694678	2.9910889	9.622482	1.8251495
924321229087012	2.7797089	9.070129	3.472229
924321237479346	3.8540497	9.246307	3.918213
924321245871680	5.202362	8.785858	3.6177063
924321254264014	6.105057	7.8896027	3.2885742
924321262656348	6.436569	7.030426	3.2883453
924321271048682	6.825165	6.3969116	3.2976685
924321279441016	7.9138947	6.036972	2.9138184
924321287833350	8.828613	7.9519196	3.7252502
924321296225683	9.986237	10.077438	-1.5053406
924321304618017	11.521561	10.040283	-8.489929
924321313010351	12.7825165	7.524887	-11.138809
924321321402685	12.256302	5.3213196	-6.7487335
924321329795019	7.485626	3.870407	0.13702393
924321338187353	3.3530579	3.7856293	4.5795593
924321346579687	0.96951294	4.101349	7.2034454
924321354972021	0.3960724	4.111038	8.108078
924321363364355	1.572586	3.9550018	7.2859497
924321371756689	4.6596375	4.88472	4.9126434
924321380149023	6.4738007	7.826477	6.5108643
924321388541357	6.474167	9.605209	7.386963
924321396933691	6.1898193	10.182831	7.871628
924321405326025	5.947174	10.066177	7.6917725
924321413718359	5.632614	9.782761	6.641876
924321422110693	5.0582733	9.583801	4.8857727
924321430503027	5.255081	9.184219	3.8619385
924321438895361	5.5318604	8.809845	3.4500885
924321447287695	5.8464355	8.488632	3.151062
924321455680029	5.997406	8.328827	2.5970001
924321464072363	5.866791	8.37088	1.7324066
924321472464697	5.586334	8.484848	0.9802551
924321480857031	5.208481	8.519348	0.32522583
924321489249365	5.2356567	8.310379	-0.21511841
924321497641699	5.4063873	7.9574738	-0.7432709
924321506034033	5.513336	7.555374	-1.0986176
924321514426367	5.420212	7.1516113	-1.1191711
924321522818701	5.0645294	6.702057	-0.82670593
924321531211035	4.475998	6.43985	-0.17233276
924321539603369	4.2742767	6.3378296	0.6579895
924321547995703	4.4852905	6.3152313	1.3690491
924321556388037	4.8092346	6.331436	1.7859192
924321564780371	4.97641	6.3451843	1.8689117
924321573172705	5.088684	6.2826996	1.7351685
924321581565039	5.3132324	5.9337616	1.2636719
924321589957373	5.3889313	5.4268646	0.542572
924321598349707	5.3125305	5.0437164	0.21540833
924321606742041	5.0151825	4.9438934	0.47920227
924321615134375	4.472061	5.143509	1.2001648
924321623526709	3.833908	5.473526	2.0053253
924321631919043	3.4334717	5.573761	2.5929565
924321640311377	3.27977	5.6461334	2.6324768
924321648703711	3.2651978	5.7548065	2.3753967
924321657096045	3.364914	5.943924	2.0516052
924321665488379	3.5636597	6.2198334	1.8003082
924321673880713	3.7567902	6.5216675	1.582901
924321682273047	4.107605	6.932144	1.2202301
924321690665381	4.512039	7.3622284	0.5762634
924321699057715	4.9616394	7.7783356	-0.41305542
924321707450049	5.480484	8.225342	-1.497406
924321715842383	6.0455475	8.764816	-2.1798859
924321724234717	6.468292	9.394516	-1.7561798
924321732627051	5.901001	10.067368	7.122177
924321741019385	7.75177	9.590683	0.24591064
924321749411719	11.520111	9.055832	-4.167633
924321757804053	14.087311	8.741791	-2.3678894
924321766196387	12.978638	8.488007	0.31217957
924321774588721	11.598755	8.506943	1.7489014
924321782981055	11.482483	8.570862	0.083724976
924321791373389	12.21843	9.493103	-2.3156738
924321799765723	12.768585	11.240372	-3.8837738
924321808158057	11.475815	12.719742	-5.18425
924321816550391	7.77005	12.823166	-7.1113586
924321824942725	5.6294403	12.4084015	-6.996704
924321833335058	4.771576	12.444656	-6.169281
924321841727392	5.231018	11.885803	-5.2358246
924321850119726	7.1573944	10.76004	-3.5292664
924321858512060	9.435364	9.545868	-1.3206024
924321866904394	10.578827	8.802338	0.5112457
924321875296728	10.714142	8.517136	1.3902283
924321883689062	11.742874	8.060165	2.5063782
924321892081396	12.817032	7.640991	3.6768646
924321900473730	12.849625	7.613739	4.155609
924321908866064	11.8450775	7.764908	3.967926
924321917258398	10.672928	7.5743866	3.7422333
924321925650732	10.336151	6.98526	4.0489197
924321934043066	11.20079	6.610443	5.162552
924321942435400	11.301071	7.176544	5.537369
924321950827734	11.315811	8.013962	5.0211487
924321959220068	11.6521	8.51445	3.6331177
924321967612402	12.16127	8.385788	1.6142426
924321976004736	12.326767	7.845413	0.25732422
924321984397070	10.973267	7.379242	0.28097534
924321992789404	8.683792	7.035904	1.1412201
924322001181738	6.5685577	6.8086853	2.2862701
924322009574072	5.2788696	6.7576447	3.1950989
924322017966406	4.6566467	6.9586334	3.5904388
924322026358740	4.6926727	7.2701263	3.308136
924322034751074	4.762192	7.648468	3.2674713
924322043143408	4.734329	7.410034	3.0305634
924322051535742	4.9755707	6.7624664	2.9097443
924322059928076	5.615341	5.987503	2.819748
924322068320410	6.4350586	5.22464	2.3482666
924322076712744	6.9905853	4.7023315	2.0680695
924322085105078	7.3932495	4.212494	2.424057
924322093497412	7.8436584	3.830536	3.077362
924322101889746	8.204208	3.3710327	3.7903137
924322110282080	8.298569	2.7936249	4.351959
924322118674414	7.9963226	2.2284698	4.5628357
924322127066748	7.665283	1.7379456	4.3752594
924322135459082	7.26474	1.2672577	3.8870392
924322143851416	6.8574066	0.7748108	3.2426147
924322152243750	6.2864075	0.50598145	2.6378784
924322160636084	5.5560303	0.5945587	2.204071
924322169028418	5.0227356	0.8982849	1.9543457
924322177420752	5.4444885	1.2253418	1.7835083
924322185813086	6.14003	1.4505615	1.2963867
924322194205420	7.006134	1.5434418	1.0306396
924322202597754	7.7563477	1.3830719	0.91015625
924322210990088	7.9272614	0.996994	0.8349762
924322219382422	7.175827	0.62461853	0.8379669
924322227774756	6.6291046	0.3287964	0.49235535
924322236167090	6.4376373	-0.038406372	0.04837036
924322244559424	6.5964355	-0.3714447	-0.73669434
924322252951758	6.9655914	-0.5053711	-1.5274506
924322261344092	7.525345	-0.31718445	-2.0353699
924322269736426	8.435165	0.22486877	-2.3063354
924322278128760	9.359589	1.0200806	-2.7775116
924322286521094	9.876831	2.132187	-4.0253754
924322294913428	9.870697	3.6467438	-7.7935486
924322303305762	10.382568	5.1849365	-14.150345
924322311698096	11.960709	6.7956696	-19.501968
924322320090430	13.981735	9.248642	-16.850418
924322328482764	14.2638855	11.251038	-13.653992
924322336875098	13.812119	11.943817	-12.533157
924322345267432	12.052475	11.1545105	-11.079712
924322353659766	9.097229	9.814896	-8.980972
924322362052100	6.1920013	8.883713	-6.1991425
924322370444433	5.5791473	8.546539	-2.2543488
924322378836767	6.3777466	8.205566	0.84140015
924322387229101	7.872925	8.420715	1.3735962
924322395621435	10.191879	8.769699	1.8430023
924322404013769	12.445251	9.35643	2.261261
924322412406103	13.949295	10.052444	2.4146576
924322420798437	15.076706	10.2140045	2.9122314
924322429190771	16.750015	9.921982	3.4116058
924322437583105	16.601395	10.77536	-0.093673706
924322445975439	14.205566	10.202393	-4.7573395
924322454367773	10.131546	7.9431458	-7.721695
924322462760107	5.696808	5.0160217	-6.4908447
924322471152441	3.0754242	3.137619	1.6212463
924322479544775	3.2682648	-0.35943604	10.368378
924322487937109	2.14357	-1.8019867	14.755432
924322496329443	1.6196136	-2.0069733	14.246109
924322504721777	2.3811188	-2.1991425	10.021225
924322513114111	4.1128845	-2.9945068	4.209564
924322521506445	6.248474	-3.6455688	-1.7933807
924322529898779	6.8386383	-0.60084534	-0.4046631
924322538291113	7.0601654	2.6892395	2.1987915
924322546683447	8.262878	4.777664	4.0950165
924322555075781	10.300461	5.427765	4.8192444
924322563468115	12.283096	5.124481	4.5790405
924322571860449	13.552689	4.5429077	3.6026459
924322580252783	13.864288	4.222122	2.96846
924322588645117	13.438965	4.597458	2.6444092
924322597037451	12.7724	5.3181763	2.6260223
924322605429785	11.934631	6.0952606	2.7399292
924322613822119	10.9709015	6.7014465	2.8539276
924322622214453	10.355713	6.9486847	3.1527557
924322630606787	9.191696	6.953949	2.7374878
924322638999121	8.300476	6.8133698	2.3047333
924322647391455	7.7615356	6.4864197	1.7950897
924322655783789	7.5656433	6.0273438	1.2844086
924322664176123	7.6518707	5.51297	0.8477173
924322672568457	7.9150696	4.971588	0.37313843
924322680960791	7.9734955	4.56398	0.0053100586
924322689353125	7.85231	4.2582245	-0.13201904
924322697745459	7.5463257	4.0352783	-0.17878723
924322706137793	7.203079	3.827942	-0.23797607
924322714530127	6.990341	3.557785	-0.33042908
924322722922461	6.8455353	3.1962585	-0.33535767
924322731314795	6.5785675	2.8663177	-0.5438385
924322739707129	6.407074	2.6072388	-0.702713
924322748099463	5.975113	2.361847	-0.8260193
924322756491797	5.51915	2.2698517	-0.77127075
924322764884131	5.522629	2.4696655	-0.29078674
924322773276465	5.8188477	2.6535492	0.7767792
924322781668799	6.3186493	2.8569489	1.9033661
924322790061133	6.1887817	2.9103851	2.5786285
924322798453467	5.804962	3.008377	2.757431
924322806845801	5.5832977	3.1384125	2.4512787
924322815238135	5.815201	3.2914276	1.601059
924322823630469	6.711441	3.9504242	-0.023513794
924322832022803	7.498398	4.903	-1.381134
924322840415137	8.519608	5.3980713	-1.6884003
924322848807471	9.440323	5.556427	-1.2684631
924322857199805	10.139053	5.797409	-0.5402374
924322865592139	10.752853	6.4222717	0.19418335
924322873984473	11.438309	6.8264313	1.0106201
924322882376807	11.822525	6.993408	1.5646057
924322890769141	11.764572	7.0065613	2.0007935
924322899161475	11.214874	6.9792175	2.2595978
924322907553808	10.31575	7.059372	2.1651917
924322915946142	9.395828	7.3916473	1.5198212
924322924338476	8.937347	8.026306	0.44711304
924322932730810	9.703598	9.4075775	-0.52830505
924322941123144	10.01828	11.190735	-1.1926422
924322949515478	10.729706	12.750198	-2.2384644
924322957907812	12.12912	13.6649475	-3.5721436
924322966300146	13.59021	14.000244	-4.560486
924322974692480	14.367966	14.452866	-5.852188
924322983084814	15.25061	13.268967	-6.991333
924322991477148	15.59285	10.613098	-7.041748
924322999869482	15.471466	8.250946	-6.0594635
924323008261816	15.638535	6.850998	-4.286148
924323016654150	16.682083	5.954132	-1.8729248
924323025046484	16.447495	5.8408203	1.2482605
924323033438818	14.597992	4.39386	4.582123
924323041831152	11.907272	3.3695068	7.4921265
924323050223486	10.98143	2.822174	9.140366
924323058615820	12.415405	2.4633636	9.519119
924323067008154	14.393555	2.0339203	9.417267
924323075400488	16.143219	1.9161072	8.54599
924323083792822	17.239487	2.0035553	6.8485107
924323092185156	16.838608	2.1103668	5.046692
924323100577490	15.574402	2.1640167	3.3607635
924323108969824	14.660049	2.0845795	1.7918091
924323117362158	14.892868	1.937912	0.312912
924323125754492	12.580994	2.8889465	0.018951416
924323134146826	9.320053	3.8462067	0.3093872
924323142539160	7.815979	4.448059	0.40786743
924323150931494	8.03537	4.947586	-0.1959076
924323159323828	8.852264	5.549179	-0.7990265
924323167716162	8.8541565	6.139435	-0.027175903
924323176108496	8.169769	6.03302	-0.45968628
924323184500830	6.4561157	5.0472565	-0.95773315
924323192893164	5.7493286	4.309555	-0.81651306
924323201285498	5.5510254	3.9146118	0.42433167
924323209677832	5.4787445	3.532196	2.5792847
924323218070166	5.95076	2.7585754	4.7537537
924323226462500	6.8053894	2.018036	6.261307
924323234854834	6.7825317	1.2185516	6.261963
924323243247168	6.5718994	0.7320862	5.3469696
924323251639502	6.416733	0.519516	3.9929657
924323260031836	6.388153	0.4616089	2.7204437
924323268424170	6.377899	0.49227905	1.9563751
924323276816504	5.935211	0.66874695	2.1617584
924323285208838	5.714432	0.77456665	2.8935394
924323293601172	5.5928345	0.78170776	3.6197815
924323301993506	5.511902	0.7710571	4.1380157
924323310385840	5.5009766	0.7397003	4.295044
924323318778174	5.636307	0.5464325	3.9803772
924323327170508	5.5728607	0.21351624	3.4170532
924323335562842	4.980896	0.030258179	2.880661
924323343955176	4.197632	-0.11601257	2.4187317
924323352347510	3.4539642	-0.27438354	1.9247894
924323360739844	3.019165	-0.37278748	1.1849823
924323369132178	3.1514282	-0.23680115	0.047470093
924323377524512	3.7977448	0.017028809	-0.56759644
924323385916846	4.4646606	0.5465698	-0.92430115
924323394309180	5.370926	1.3431244	-1.3079987
924323402701514	6.854553	2.5194397	-2.3434753
924323411093848	9.3405	4.084961	-5.285309
924323419486182	13.122131	5.7970276	-11.535065
924323427878516	18.645844	7.1707306	-19.594498
924323436270850	21.56044	6.336548	-20.282806
924323444663183	22.742035	5.221924	-20.590912
924323453055517	22.166718	3.6881561	-19.204834
924323461447851	19.178879	1.7795258	-14.532745
924323469840185	12.714996	1.2190857	-9.988449
924323478232519	6.569824	2.5078888	-7.9627686
924323486624853	4.1589966	3.4739685	-5.348419
924323495017187	5.324768	4.689209	-2.8148193
924323503409521	8.438995	5.8558044	-0.8695984
924323511801855	11.816895	6.570175	0.2484436
924323520194189	15.004639	7.000351	0.725235
924323528586523	16.49199	7.591202	-0.23551941
924323536978857	17.62938	7.6880035	0.034118652
924323545371191	18.075714	6.5996857	1.2194672
924323553763525	17.610413	5.7365723	1.4801636
924323562155859	15.705658	5.7151184	-0.66456604
924323570548193	11.240601	4.297821	-4.909622
924323578940527	6.0218964	1.9464722	-4.4249268
924323587332861	3.2830658	1.3001709	-2.193634
924323595725195	2.6694794	0.9779968	1.0756378
924323604117529	3.2581635	0.16217041	4.97377
924323612509863	3.7771454	-1.1264954	8.874481
924323620902197	3.0455627	-1.7119598	11.387329
924323629294531	3.8369446	-1.5699158	11.195023
924323637686865	5.534012	-1.6688995	8.796494
924323646079199	7.6883698	-1.3734589	4.088974
924323654471533	9.876892	-0.4008789	0.7918854
924323662863867	11.846024	1.078598	2.009018
924323671256201	13.900635	2.246109	3.8767242
924323679648535	15.197815	2.7113037	4.4880524
924323688040869	15.638687	3.1454163	4.5519104
924323696433203	13.768555	3.8208008	4.055237
924323704825537	10.520081	4.5360565	3.254776
924323713217871	8.046875	4.974777	2.579071
924323721610205	7.6832275	5.340454	2.394699
924323730002539	8.398544	5.6098175	2.147934
924323738394873	8.5429535	5.880539	1.769928
924323746787207	8.431244	6.019348	1.2868958
924323755179541	8.062592	6.0187225	0.7801819
924323763571875	7.376587	5.9321747	0.3254547
924323771964209	6.672806	5.715103	-0.0901947
924323780356543	6.6528015	5.3822174	0.06994629
924323788748877	6.8173523	5.1219788	0.5002594
924323797141211	6.851303	4.979599	0.88305664
924323805533545	6.847275	4.874069	0.95199585
924323813925879	7.062805	4.6725006	0.6218872
924323822318213	7.458023	4.3475037	0.3651123
924323830710547	7.7199554	4.1214447	0.120147705
924323839102881	7.9017487	3.8615875	0.037216187
924323847495215	7.8851166	3.6272278	-0.04576111
924323855887549	7.597412	3.4277344	-0.13343811
924323864279883	7.116089	3.259964	-0.11071777
924323872672217	6.9184723	3.267105	0.097076416
924323881064551	6.475113	3.135086	0.23313904
924323889456885	6.3498383	3.069458	0.7621002
924323897849219	5.982422	2.9555206	1.1868744
924323906241553	5.3869324	2.8590393	1.2575684
924323914633887	5.0820007	2.9125214	1.0119324
924323923026221	5.3576355	2.869812	0.5402527
924323931418555	6.363083	3.0184937	-0.17996216
924323939810889	7.7121124	3.1452332	-0.9349365
924323948203223	9.072586	3.2649841	-1.6286316
924323956595557	10.17717	3.497406	-2.1548615
924323964987891	10.9158325	3.9435577	-2.4516296
924323973380225	11.56488	4.305481	-2.7148285
924323981772558	11.753052	4.4441376	-2.8361359
924323990164892	10.869141	4.6358643	-1.2328949
924323998557226	10.009323	5.2518463	1.2162018
924324006949560	10.269287	5.9869385	3.406189
924324015341894	11.8428955	6.262451	4.7283173
924324023734228	11.062897	7.5713196	6.442032
924324032126562	10.151779	8.440155	6.854065
924324040518896	9.930206	8.87645	6.5288544
924324048911230	10.120102	9.227173	5.8009186
924324057303564	10.782059	9.659805	4.783722
924324065695898	12.238785	10.055542	3.3434296
924324074088232	13.262604	10.166916	1.4081879
924324082480566	14.780441	9.88678	-0.44281006
924324090872900	15.456116	9.689835	-2.1596222
924324099265234	14.859589	9.50502	-3.660263
924324107657568	13.020538	9.3146515	-4.447891
924324116049902	10.555862	9.056686	-4.1080627
924324124442236	9.133438	7.122345	-6.001648
924324132834570	9.029587	4.0930786	-11.930801
924324141226904	9.67189	2.4432678	-15.605759
924324149619238	11.16095	2.2329712	-15.96904
924324158011572	13.535065	2.947647	-13.429108
924324166403906	16.428665	3.894699	-9.111053
924324174796240	18.433578	4.6839447	-2.7295227
924324183188574	19.864197	4.610031	3.288437
924324191580908	19.826263	4.0863037	7.6511993
924324199973242	18.488968	3.5739746	10.794922
924324208365576	16.603088	3.3797607	13.033478
924324216757910	15.15303	3.5117188	13.961792
924324225150244	14.124222	3.4068146	12.869812
924324233542578	13.092789	3.4901276	10.619171
924324241934912	12.211472	3.5014343	9.123413
924324250327246	11.5095825	3.4725952	7.9277954
924324258719580	10.847488	3.4726563	6.485214
924324267111914	9.88382	3.5475311	4.5821533
924324275504248	8.618256	3.650406	1.2697296
924324283896582	7.3699493	4.0135803	-1.6708069
924324292288916	7.064621	4.360733	-2.6092834
924324300681250	7.616867	4.4188538	-1.9459839
924324309073584	8.44194	4.1968536	-0.8218994
924324317465918	8.793137	4.1173553	-0.317688
924324325858252	9.484467	4.4718475	1.4664459
924324334250586	8.961792	4.1276245	2.9870453
924324342642920	7.652893	3.4863434	3.650406
924324351035254	6.3668976	2.8614502	3.988205
924324359427588	5.6293945	2.422821	4.424103
924324367819922	5.318527	2.1432648	4.6952667
924324376212256	5.4155273	2.0292664	4.942276
924324384604590	5.571991	1.924408	4.961853
924324392996924	5.8185425	1.6027374	5.196106
924324401389258	5.883377	1.1134491	5.417938
924324409781592	5.6992645	0.5778961	5.383255
924324418173926	5.586746	0.10197449	5.0689545
924324426566260	5.513977	-0.3616333	4.1367493
924324434958594	5.4160004	-0.6565857	3.192566
924324443350928	5.1056213	-0.89733887	2.5457916
924324451743262	4.7731476	-1.2234955	2.0584412
924324460135596	4.4742126	-1.6024017	1.4607849
924324468527930	3.9378204	-1.7641907	0.56466675
924324476920264	3.6307983	-1.880188	0.449646
924324485312598	3.5215607	-1.8695374	0.20498657
924324493704932	3.6024323	-1.781601	-0.23136902
924324502097266	3.9872131	-1.5031128	-0.4994049
924324510489600	4.7100983	-0.9055176	-0.47836304
924324518881933	5.6111298	0.06350708	-0.6606903
924324527274267	6.5283966	1.4264374	-1.3885193
924324535666601	8.287231	2.5914307	-2.9921722
924324544058935	11.27771	3.1179047	-6.6542816
924324552451269	15.497772	3.4094086	-13.086273
924324560843603	19.947174	4.2983093	-19.72229
924324569235937	22.350876	6.6576843	-19.318573
924324577628271	21.687866	8.509125	-14.137146
924324586020605	19.693375	9.0824585	-10.437256
924324594412939	15.39238	8.288971	-7.281616
924324602805273	11.228653	6.1711884	-6.597687
924324611197607	9.251816	3.3003387	-8.58107
924324619589941	8.215591	1.0133667	-8.403503
924324627982275	6.0082245	0.35932922	-5.719574
924324636374609	5.4441833	0.3756714	-4.3417053
924324644766943	6.8385773	0.81669617	-2.8076477
924324653159277	10.288971	1.4143829	-0.8769531
924324661551611	15.1923065	2.0122375	1.0109558
924324669943945	19.804413	2.7057648	2.1229553
924324678336279	20.30043	3.566574	4.4340363
924324686728613	16.860703	4.26355	5.8868866
924324695120947	12.6489105	4.730545	5.4601746
924324703513281	9.152939	4.9292603	3.22258
924324711905615	6.7923126	4.8963623	-0.18527222
924324720297949	5.5231323	4.800644	-4.0237274
924324728690283	6.3181	4.0450745	-2.7284546
924324737082617	7.644638	3.3316345	-0.3719635
924324745474951	8.898788	2.3503265	2.3477936
924324753867285	9.180786	1.251236	4.630539
924324762259619	7.954468	0.41661072	5.8952484
924324770651953	5.88295	0.19892883	6.185501
924324779044287	5.5565186	0.25958252	5.673935
924324787436621	6.9851837	0.41304016	4.771866
924324795828955	8.90387	0.80015564	3.7890625
924324804221289	10.672333	1.3266907	2.9971924
924324812613623	11.985657	1.8454437	2.5441284
924324821005957	12.385452	2.4316864	2.3247833
924324829398291	12.022858	2.92659	2.3674774
924324837790625	11.149719	3.225586	2.4600983
924324846182959	10.007736	3.4209137	2.6727295
924324854575293	8.958466	3.5277405	2.9187012
924324862967627	8.281616	3.538559	3.049408
924324871359961	7.860153	3.543518	3.0225677
924324879752295	7.488205	3.644226	2.8673859
924324888144629	7.331436	3.681427	2.8991241
924324896536963	7.3472137	3.7300873	3.0732574
924324904929297	7.419174	3.8671265	3.395874
924324913321631	7.42511	4.099304	3.7802124
924324921713965	7.3426056	4.235489	3.6718597
924324930106299	7.7440643	4.3546906	3.7314453
924324938498633	8.154617	4.475464	3.2450104
924324946890967	8.01384	4.5269623	2.38797
924324955283301	7.4559937	4.4763794	1.495224
924324963675635	7.067581	4.310669	0.8872986
924324972067969	7.266983	3.9567413	0.6609802
924324980460303	7.219879	3.6398315	0.4084015
924324988852637	6.8376465	3.3954315	0.120147705
924324997244971	6.2377167	3.2328339	-0.13417053
924325005637305	5.612961	3.1378632	-0.3695221
924325014029639	5.1278687	3.0685883	-0.66859436
924325022421973	5.00325	2.8572388	-1.0733643
924325030814307	5.133438	2.7102966	-1.6907654
924325039206641	5.581085	2.7778015	-2.112854
924325047598975	6.2919464	3.134018	-1.9854431
924325055991308	7.1310883	3.6041412	-1.3674316
924325064383642	7.969513	3.9094086	-0.6278076
924325072775976	9.00473	4.1789856	0.013809204
924325081168310	10.072678	4.4234467	0.41645813
924325089560644	11.165436	4.6813507	0.6850891
924325097952978	12.254105	4.948303	0.855484
924325106345312	13.073975	5.242569	0.93270874
924325114737646	13.357788	5.5889435	0.90483093
924325123129980	13.85878	5.922943	0.74380493
924325131522314	13.51709	6.274643	0.52531433
924325139914648	12.798431	6.542328	0.2755127
924325148306982	11.981369	6.705063	0.049179077
924325156699316	11.241455	6.8339233	-0.15518188
924325165091650	10.649475	7.0373383	-0.39067078
924325173483984	10.561356	7.167572	-0.5904236
924325181876318	10.761917	7.1457825	-0.7658539
924325190268652	11.132248	7.1134644	-0.9646759
924325198660986	11.749466	7.184128	-1.506012
924325207053320	12.094147	7.6227264	-7.834656
924325215445654	11.239777	8.767334	-26.34671
924325223837988	9.279861	10.710037	-33.63466
924325232230322	18.100266	12.505707	-21.104462
924325240622656	21.342545	12.115036	-13.977341
924325249014990	20.457748	10.146866	-10.952316
924325257407324	18.937225	7.8374176	-7.477188
924325265799658	18.727753	6.34964	-1.060318
924325274191992	20.167084	5.6240234	7.685974
924325282584326	18.05429	6.066864	13.365341
924325290976660	16.591812	5.9163513	14.313431
924325299368994	16.157837	5.0862427	12.662247
924325307761328	16.040817	3.8851318	10.5563965
924325316153662	15.192459	2.752594	9.134354
924325324545996	14.249283	1.8432922	8.794357
924325332938330	14.34906	1.2521362	8.565353
924325341330664	14.934174	0.9528351	8.170197
924325349722998	15.667603	0.7371979	7.2646484
924325358115332	16.049667	0.4178772	6.17836
924325366507666	15.532944	-0.039108276	5.87175
924325374900000	14.5507965	-0.61291504	5.452652
924325383292334	13.125763	-1.0210724	5.031006
924325391684668	11.221542	-1.1910248	4.787262
924325400077002	9.190475	-1.2288055	4.6549835
924325408469336	7.3520813	-1.2352448	4.521393
924325416861670	5.822998	-1.2333069	4.314499
924325425254004	4.8856506	-1.1159973	4.012314
924325433646338	4.2151337	-0.9557953	4.675766
924325442038672	3.8338776	-0.77827454	5.3127594
924325450431006	3.513733	-0.5418396	5.643875
924325458823340	3.2796326	-0.28396606	5.713974
924325467215674	3.623825	-0.18606567	5.7382507
924325475608008	4.6723785	-0.062072754	5.704071
924325484000342	6.5630035	1.9736786	-1.7170715
924325492392676	8.900848	4.2463074	-6.28566
924325500785010	10.048065	5.459137	-6.098877
924325509177344	9.0377655	5.2085266	-3.1240997
924325517569678	7.153763	4.463745	-0.06436157
924325525962012	5.934952	3.4757233	2.267212
924325534354346	4.85553	2.3848724	3.8987274
924325542746680	4.2877045	1.2561646	4.874771
924325551139014	4.230133	0.22096252	5.1424103
924325559531348	4.4421234	-0.61608887	4.679764
924325567916266	4.643158	-1.2406769	3.5034485
924325576308600	4.382721	-1.5587616	2.7877502
924325584700934	3.904953	-1.7523651	2.4967651
924325593093267	3.3470764	-1.8280182	2.054184
924325601485601	2.8132477	-1.7658691	1.3243713
924325609877935	2.4578552	-1.4942017	0.5891266
924325618270269	2.5437775	-0.8957367	0.48464966
924325626662603	2.9393005	0.15974426	0.54426575
924325635054937	3.8900757	1.4489441	0.2912445
924325643447271	5.3588104	2.5608978	-0.44091797
924325651839605	7.3771057	3.0902405	-1.9735565
924325660231939	10.803314	2.9076233	-6.3842316
924325668624273	17.713608	2.6422882	-18.463638
924325677016607	24.628922	3.7217712	-30.498108
924325685408941	24.254578	5.4718323	-24.607742
924325693801275	21.615906	6.6227875	-11.930481
924325702193609	18.500946	7.079254	-1.9230652
924325710585943	15.194336	7.2527313	-0.12834167
924325718978277	11.809738	7.0320587	-3.89563
924325727370611	10.153473	5.247772	-6.1630707
924325735762945	9.261597	3.2483826	-6.177536
924325744155279	9.147736	1.8476257	-5.175354
924325752547613	9.894241	1.1988525	-3.65036
924325760939947	11.720428	1.0834808	-1.6195984
924325769332281	14.940262	1.22406	0.73231506
924325777724615	19.022247	1.5821686	1.6612244
924325786116949	22.095047	2.2476807	1.6487732
924325794509283	22.735321	2.9750214	1.4005737
924325802901617	19.476593	3.4762268	0.5823364
924325811293951	12.592789	3.6135254	-2.075882
924325819686285	6.5502167	3.6552734	-8.818253
924325828078619	4.6886444	1.948288	-4.7198486
924325836470953	4.0587463	0.43670654	1.0229034
924325844863287	3.2412872	-0.26913452	4.251343
924325853255621	2.0590973	-0.3276062	4.7856445
924325861647955	1.053482	-0.17230225	4.5303955
924325870040289	0.40141296	0.12887573	4.314682
924325878432623	1.2463074	0.38729858	4.5392456
924325886824957	3.1365814	0.758728	5.247879
924325895217291	6.2082977	1.3282471	6.27713
924325903609625	10.364914	2.0765076	7.2250977
924325912001959	14.985382	2.910019	7.5905914
924325920394293	18.51178	3.7724304	6.8428345
924325928786627	19.558487	4.1842804	5.24765
924325937178961	17.827988	4.3174896	3.5746002
924325945571295	14.593521	4.2183228	2.5697784
924325953963629	11.266617	4.011917	2.3286285
924325962355963	8.742447	3.7977295	2.5067291
924325970748297	7.5830383	3.5352783	2.7936401
924325979140631	6.912979	3.405426	3.1045685
924325987532965	6.484619	3.3742828	3.0756836
924325995925299	6.288986	3.388733	2.866272
924326004317633	6.3572693	3.4003143	2.7039642
924326012709967	6.6944733	3.3774872	2.7450562
924326021102301	7.0113373	3.348114	2.7146912
924326029494635	6.9960175	3.4537964	2.237854
924326037886969	6.9405975	3.509079	1.7197266
924326046279303	7.0552673	3.5470734	1.2298126
924326054671637	7.3984833	3.559433	0.8529968
924326063063971	7.8378754	3.5021973	0.66337585
924326071456305	8.046616	3.442566	0.52124023
924326079848639	7.8194885	3.4612274	0.25709534
924326088240973	7.4762573	3.4135284	0.050430298
924326096633307	7.096039	3.357193	-0.13421631
924326105025641	6.6733704	3.3128815	-0.34436035
924326113417975	6.168335	3.241684	-0.58218384
924326121810309	5.669922	3.1075287	-0.71240234
924326130202642	5.2976837	2.9658203	-0.8268585
924326138594976	4.9853973	2.8089905	-0.9315491
924326146987310	4.7207184	2.6685638	-1.0179749
924326155379644	4.5396576	2.6257477	-0.95874023
924326163771978	4.529709	2.754593	-0.6039276
924326172164312	4.885086	2.9127502	-0.20071411
924326180556646	5.770508	3.097168	0.16152954
924326188948980	6.9523926	3.3768463	0.46896362
924326197341314	8.24202	3.6845856	0.7106781
924326205733648	9.510773	3.964264	0.8829346
924326214125982	10.683258	4.207733	0.9688568
924326222518316	11.502792	4.431061	0.9259796
924326230910650	12.049408	4.653137	0.77168274
924326239302984	12.435211	4.857239	0.60183716
924326247695318	12.757645	5.0614014	0.44111633
924326256087652	13.028732	5.2684326	0.33615112
924326264479986	13.150299	5.455612	0.33668518
924326272872320	13.008163	5.6076813	0.36154175
924326281264654	12.636917	5.846939	0.39382935
924326289656988	12.288437	6.170456	0.39546204
924326298049322	12.103912	6.5151215	0.36242676
924326306441656	12.256088	6.8162994	0.3293457
924326314833990	12.924774	7.0660095	0.35668945
924326323226324	14.058807	7.481659	0.5095215
924326331618658	14.884048	8.262909	-0.30744934
924326340010992	12.551437	12.347931	-19.685562
924326348403326	13.185699	16.819077	-28.186295
924326356795660	17.645447	17.735382	-17.683105
924326365187994	18.864944	13.227509	-15.71756
924326373580328	15.1245575	9.253891	-14.824234
924326381972662	14.779297	7.217285	-10.198761
924326390364996	16.74054	6.26503	-3.29187
924326398757330	18.784286	6.379837	3.625229
924326407149664	19.423676	7.0430756	8.299606
924326415541998	19.004044	7.183197	9.705811
924326423934332	17.788681	6.049576	10.491455
924326432326666	18.21701	4.641098	9.356689
924326440719000	18.083023	3.508667	8.761139
924326449111334	17.332703	2.908142	8.725037
924326457503668	16.876663	2.807373	8.905899
924326465896002	18.05481	2.722931	9.164795
924326474288336	19.417725	2.107788	8.501785
924326482680670	19.709137	1.0350952	8.476044
924326491073004	18.689865	0.008453369	8.715363
924326499465338	16.034927	-0.7117157	9.235306
924326507857672	12.055084	-1.0641022	9.841827
924326516250006	7.6912994	-1.1503601	9.963577
924326524642340	5.1584625	-1.0861053	8.961929
924326533034674	3.281128	-0.95440674	7.7697144
924326541427008	1.8374634	-0.7869873	6.3688507
924326549819342	0.9252472	-0.6183624	5.0769806
924326558211676	0.64790344	-0.4467163	4.0072327
924326566604010	0.91108704	-0.22421265	2.8400726
924326574996344	1.9587708	-0.0055236816	1.9305573
924326583388678	4.686798	2.7261047	-4.407593
924326591781012	7.192734	5.1747894	-8.7834015
924326600173346	8.385895	6.111389	-7.950653
924326608565680	8.113266	5.5762787	-2.658661
924326616958014	7.6272125	5.0871124	1.5319519
924326625350348	6.799698	5.0881195	4.728348
924326633742682	5.9831085	5.037018	6.2660675
924326642135016	5.577606	4.4727783	6.794998
924326650527350	5.450714	3.076538	6.752823
924326658919684	5.301071	1.0487518	6.326416
924326667312017	5.085144	-0.53619385	5.1866455
924326675704351	5.055847	-1.6169586	4.339218
924326684096685	5.136215	-2.4787292	3.6877136
924326692489019	5.164261	-3.0635376	3.3431244
924326700881353	4.943695	-3.3801575	2.9488678
924326709273687	4.370682	-3.4668121	2.300888
924326717666021	3.532837	-3.381958	1.8433533
924326726058355	2.5721588	-2.8401184	1.8882446
924326734450689	1.8899231	-2.2314606	1.4440308
924326742843023	1.4836121	-1.5747528	0.7302551
924326751235357	1.9410858	-0.65579224	-0.17745972
924326759627691	3.7120514	0.4156952	-1.3948517
924326768020025	6.4997253	0.67593384	-3.287201
924326776412359	9.346512	-0.056655884	-6.758209
924326784804693	16.418701	-0.19316101	-16.888718
924326793197027	23.49826	1.3647308	-24.882355
924326801589361	26.95317	4.224762	-24.154434
924326809981695	24.719727	7.3481445	-13.468811
924326818374029	19.422546	9.808792	-5.022049
924326826766363	13.967255	11.26416	-2.3107605
924326835158697	10.068802	11.387695	-2.471115
924326843551031	8.578644	10.057022	-3.395218
924326851943365	8.762192	7.5120697	-3.4845734
924326860335699	9.020142	4.601227	-2.0889282
924326868728033	8.655243	2.962143	-0.7758789
924326877120367	9.094803	2.6121674	0.16781616
924326885512701	10.818298	2.4762878	1.5205688
924326893905035	13.56189	2.5157318	2.6102448
924326902297369	16.587769	2.7169342	3.073349
924326910689703	18.899796	3.057495	2.9467316
924326919082037	19.427612	3.516739	2.355301
924326927474371	18.604568	3.8769226	1.1302643
924326935866705	16.032486	3.6832733	-0.55511475
924326944259039	12.242783	3.165268	-6.7407837
924326952651373	8.557556	2.131958	-11.488388
924326961043707	6.699585	0.49153137	-5.4057617
924326969436041	7.0663757	-0.35435486	2.8296204
924326977828375	4.9875336	-0.38650513	4.7651215
924326986220709	2.77359	-0.2766571	5.2092285
924326994613043	1.128479	-0.12626648	5.405716
924327003005377	0.50071716	0.012237549	5.6993713
924327011397711	1.1384277	0.114852905	5.9374847
924327019790045	3.1194763	0.2275238	6.220627
924327028182379	6.4492188	0.44480896	6.698822
924327036574713	10.767029	0.7943573	6.9425964
924327044967047	15.003159	1.3253784	6.7249756
924327053359381	17.820007	1.9552765	5.8475037
924327061751715	17.981964	2.480606	4.2384033
924327070144049	15.265121	2.6660461	2.4039154
924327078536383	12.049698	2.472046	1.6685638
924327086928717	9.222092	2.2612915	1.6291351
924327095321051	7.0474854	2.089981	1.8836517
924327103713385	5.588135	1.982193	2.177948
924327112105719	4.730774	1.9547882	2.4619904
924327120498053	4.5428925	2.082016	2.638916
924327128890387	4.992401	2.34552	2.7470093
924327137282721	5.6319733	2.735321	3.1084595
924327145675055	6.5655823	3.230484	3.5197754
924327154067389	7.6071014	3.742447	3.6930542
924327162459723	8.256729	4.1371765	3.3883667
924327170852057	8.426697	4.47612	2.93013
924327179244391	8.986969	4.6472473	2.556839
924327187636725	9.595688	4.717636	2.0435028
924327196029059	9.977539	4.7200775	1.5266418
924327204421392	9.903275	4.673691	1.0889435
924327212813726	9.278595	4.589615	0.71698
924327221206060	8.514557	4.455612	0.41996765
924327229598394	7.900711	4.380783	0.14503479
924327237990728	7.3786316	4.251358	-0.06762695
924327246383062	7.0229797	4.1011963	-0.2973175
924327254775396	6.7560425	3.9597778	-0.56044006
924327263167730	6.410736	3.8303223	-0.76361084
924327271560064	6.3264465	3.8232117	-0.60214233
924327279952398	6.2875214	3.926941	-0.1928711
924327288344732	6.8394775	4.015793	0.098602295
924327296737066	7.642456	4.0565186	0.26261902
924327305129400	8.333878	4.073166	0.362854
924327313521734	8.727539	4.115326	0.45159912
924327321914068	9.044632	4.059677	0.39891052
924327330306402	9.50853	3.9879303	0.3283844
924327338698736	10.048798	3.9675293	0.26815796
924327347091070	10.690643	4.0332794	0.23275757
924327355483404	11.424637	4.1964417	0.2326355
924327363875738	12.158615	4.4327393	0.2740631
924327372268072	12.726257	4.631775	0.35327148
924327380660406	12.843491	4.929306	0.38102722
924327389052740	12.729614	5.232132	0.32606506
924327397445074	12.520386	5.550949	0.1822052
924327405837408	12.390411	5.8470154	0.013336182
924327414229742	12.4874115	6.006912	-0.05847168
924327422622076	12.534271	6.001816	-0.040145874
924327431014410	12.69017	5.968811	-0.29473877
924327439406744	13.089386	6.021942	-1.8151093
924327447799078	13.98703	6.1152954	-9.683685
924327456191412	15.227905	6.0202484	-21.972275
924327464583746	16.28267	5.38739	-25.81572
924327472976080	19.939621	4.16774	-17.202637
924327481368414	20.564346	3.088684	-15.41983
924327489760748	20.232513	1.6955872	-15.435516
924327498153082	19.85353	0.36206055	-12.685593
924327506545416	19.72464	-0.29444885	-5.2402496
924327514937750	19.574097	0.23936462	4.5085754
924327523330084	18.232117	1.7359009	13.089951
924327531722418	17.517776	3.6218262	16.333298
924327540114752	15.318344	4.5292816	16.299637
924327548507086	13.015121	4.1257477	15.141571
924327556899420	12.068207	2.837738	14.014496
924327565291754	12.368286	1.6960297	12.436951
924327573684088	12.627243	1.2553253	10.607086
924327582076422	12.109268	1.1365051	8.888412
924327590468756	11.779602	1.2085419	7.300415
924327598861090	12.20018	1.2979736	5.9329987
924327607253424	13.2938385	1.2894897	4.8883667
924327615645758	14.151169	1.1763763	4.327469
924327624038092	13.929108	0.9441376	4.1899567
924327632430426	13.72139	0.5813904	3.8368073
924327640822760	12.85025	0.37557983	3.559433
924327649215094	11.542328	0.2945099	3.2670746
924327657607428	10.20047	0.22302246	2.866333
924327665999762	8.923599	0.11114502	2.513626
924327674392096	7.4395447	0.052490234	2.6517944
924327682784430	6.1484222	0.06793213	2.9836273
924327691176764	5.303131	0.056152344	3.3541107
924327699569098	4.775009	0.050811768	3.4252014
924327707961432	4.400955	0.29631042	2.3889008
924327716353766	4.26268	1.2918854	-1.1338348
924327724746100	6.3719635	2.7023926	-1.5900879
924327733138434	7.2235565	3.2261505	-0.0039367676
924327741530767	7.060425	3.142273	1.4545746
924327749923101	6.370453	2.7206268	2.4440308
924327758315435	5.6105957	2.2367554	3.3136292
924327766707769	4.951599	1.98172	4.1254272
924327775100103	4.745804	1.4210358	4.6874237
924327783492437	4.664215	0.6128845	4.9815674
924327791884771	4.505371	-0.25909424	5.0170135
924327800277105	4.285843	-1.0649414	4.7392273
924327808669439	4.105255	-1.7197876	4.1843414
924327817061773	4.0159607	-2.1817627	3.656372
924327825454107	3.899582	-2.508255	3.1801147
924327833846441	3.7406769	-2.6637726	2.1851807
924327842238775	3.5555573	-2.6237946	1.2535248
924327850631109	3.380844	-2.4129486	0.51538086
924327859023443	3.2622223	-2.0558624	-0.036819458
924327867415777	3.2423248	-1.505188	-0.11734009
924327875808111	3.401825	-0.38822937	-0.17956543
924327884200445	4.631912	0.9863434	-0.8134613
924327892592779	6.9306793	1.7280884	-2.5847626
924327900985113	10.56514	1.6968842	-6.851059
924327909377447	15.660904	1.6384277	-14.609299
924327917769781	22.341461	2.8250122	-25.869797
924327926162115	23.69246	5.9985046	-21.932724
924327934554449	21.67279	8.523575	-12.1844635
924327942946783	18.109589	9.879669	-4.3477325
924327951339117	14.2230835	10.249023	-1.0170288
924327959731451	10.945526	9.875488	-1.3623505
924327968123785	9.419556	8.015625	-3.7191467
924327976516119	9.417404	5.0402527	-3.4131775
924327984908453	9.261154	2.9268188	-2.3030548
924327993300787	9.398453	1.8514862	-1.2074127
924328001693121	10.502609	1.5054016	-0.16567993
924328010085455	13.149811	1.4329224	0.9824066
924328018477789	17.579117	1.4229889	1.5360718
924328026870123	21.145828	1.5483398	1.4289398
924328035262457	21.0999	1.6612701	1.5889893
924328043654791	18.000717	1.7493134	1.6610565
924328052047125	14.0728	1.6894836	1.5695648
924328060439459	11.5863495	1.3966064	1.4446564
924328068831793	9.5664215	1.2141571	1.1834564
924328077224127	7.71698	1.240982	0.5354004
924328085616461	6.261841	1.3541107	-1.2099915
924328094008795	5.5073853	1.3153687	-2.4779816
924328102401129	5.631531	1.0506439	-1.6131439
924328110793463	6.3095245	0.68026733	1.835495
924328119185797	5.2952423	0.5946045	3.2128448
924328127578131	3.906845	0.87187195	3.765152
924328135970465	3.4481812	1.1467896	4.3408203
924328144362799	4.029709	1.477417	5.0114594
924328152755133	5.5081177	1.8943481	5.63916
924328161147467	7.635788	2.3634644	5.9937897
924328169539801	10.060577	2.8715973	5.745575
924328177932135	12.396851	3.235443	5.0421295
924328186324469	13.776627	3.482956	4.1817627
924328194716803	13.959595	3.6424408	3.2728577
924328203109137	13.1388855	3.7245026	2.4178162
924328211501471	11.584381	3.6876373	1.7730713
924328219893805	9.938339	3.4572296	1.683258
924328228286139	8.448853	3.1703033	1.6819763
924328236678473	7.201309	2.8362427	1.741272
924328245070807	6.3084564	2.5232697	1.8643036
924328253463141	5.8313446	2.2889252	2.003418
924328261855475	5.791046	2.1709442	2.093872
924328270247809	6.3159027	2.283554	2.2544556
924328278640142	7.140579	2.539383	2.4314117
924328287032476	7.61557	2.8112488	2.3772278
924328295424810	7.997116	3.0277863	2.057251
924328303817144	8.449188	3.1534424	1.5390015
924328312209478	8.858322	3.1902008	0.9660492
924328320601812	8.994995	3.1970367	0.5579529
924328328994146	8.732162	3.2955017	0.2780609
924328337386480	8.410568	3.4141083	0.13049316
924328345778814	8.124054	3.5098724	0.040924072
924328354171148	7.9124603	3.5693054	-0.0010528564
924328362563482	7.820511	3.59964	0.066986084
924328370955816	7.881134	3.5738068	0.07791138
924328379348150	7.7756195	3.5641174	-0.004333496
924328387740484	7.443619	3.5415955	-0.02468872
924328396132818	6.9720917	3.47258	0.033554077
924328404525152	6.502136	3.3431091	0.13798523
924328412917486	6.172409	3.1740417	0.25798035
924328421309820	6.0928802	3.052765	0.5035095
924328429702154	6.5299835	3.0001068	0.7595978
924328438094488	7.195923	3.088684	0.96817017
924328446486822	7.995285	3.2786865	1.116806
924328454879156	8.871567	3.5143127	1.1791077
924328463271490	9.785309	3.77919	1.1160278
924328471663824	10.735352	4.0838776	1.0615082
924328480056158	11.696289	4.3840027	1.0670166
924328488448492	12.575012	4.7235107	1.0998383
924328496840826	13.125656	5.092148	1.1241302
924328505233160	13.192841	5.475128	1.0918427
924328513625494	12.814636	5.8832397	0.952652
924328522017828	12.332291	6.291458	0.83180237
924328530410162	12.121445	6.4856567	0.7002106
924328538802496	12.081512	6.5503235	0.5745392
924328547194830	12.161835	6.5573883	0.43145752
924328555587164	12.404755	6.6121674	0.27764893
924328563979498	13.001526	6.884735	0.17474365
924328572371832	13.805023	7.3299255	-0.23335266
924328580764166	12.76001	9.268799	-17.74736
924328589156500	14.606949	10.529724	-32.277298
924328597548834	18.837814	9.892151	-33.49695
924328605941168	22.452759	7.5745544	-22.409637
924328614333502	22.774872	5.6617737	-13.037018
924328622725836	22.544052	4.453018	-1.8869171
924328631118170	22.181046	4.395355	9.610764
924328639510504	21.15123	4.923004	17.15184
924328647902838	18.515152	5.4068146	19.037872
924328656295172	14.930511	5.072708	16.501389
924328664687506	14.391571	3.268509	14.307632
924328673079840	14.8849945	1.4969635	12.852005
924328681472174	14.427353	0.78604126	11.025284
924328689864508	13.2599945	0.70591736	9.295273
924328698256842	12.4995575	0.8041992	7.810364
924328706649176	12.994156	0.72013855	6.721054
924328715041510	14.415649	0.17732239	6.479904
924328723433844	15.244171	-0.03616333	5.753113
924328731826178	15.218948	-0.41246033	5.0377197
924328740218512	13.836609	-0.67710876	4.5036163
924328748610846	11.805756	-0.7116089	4.33519
924328757003180	10.050369	-0.5963745	4.5564575
924328765395514	8.375366	-0.59936523	4.913391
924328773787848	6.8778534	-0.4638214	4.4972076
924328782180182	5.6444244	-0.2689972	3.8010864
924328790572516	4.925766	-0.09542847	3.463379
924328798964850	4.8025665	0.036331177	3.545517
924328807357184	5.1279755	0.14454651	3.8031769
924328815749517	5.459915	0.2597351	4.1087494
924328824141851	5.252594	0.5743866	4.630234
924328832534185	5.496521	1.6747131	1.7715454
924328840926519	6.7195587	3.1702118	-0.70422363
924328849318853	7.849289	4.1616516	-1.019989
924328857711187	7.5042725	4.0070343	0.45596313
924328866103521	6.213684	3.4978638	1.8395691
924328874495855	4.990448	2.3219452	3.0854797
924328882888189	4.2303314	0.9287567	4.1145782
924328891280523	3.960846	-0.38153076	4.570694
924328899672857	4.0001373	-1.4544373	4.4761505
924328908065191	4.143463	-2.2736359	4.0423126
924328916457525	4.34227	-2.9008484	3.3355713
924328924849859	4.544449	-3.2997437	2.997223
924328933242193	4.6076965	-3.4868317	2.9781036
924328941634527	4.326187	-3.5031738	2.6326752
924328950026861	3.8057098	-3.3998566	1.8380585
924328958419195	3.36763	-3.225937	0.94255066
924328966811529	3.2314606	-3.0092316	0.36999512
924328975203863	2.8521423	-2.535843	0.0765686
924328983596197	3.3022156	-1.753952	0.1510315
924328991988531	4.768921	-0.6805725	0.2219696
924329000380865	7.225647	0.29414368	-0.39326477
924329008773199	11.157883	0.7811127	-3.6411896
924329017165533	19.319763	1.6832275	-15.611603
924329025557867	28.851364	5.7919464	-33.37436
924329033950201	27.160934	8.96431	-28.093994
924329042342535	21.590607	9.82132	-12.003006
924329050734869	17.450546	9.111084	0.26852417
924329059127203	14.792007	8.6249695	1.6494141
924329067519537	11.62001	7.446579	-1.2921753
924329075911871	9.727646	4.785843	-2.9289398
924329084304205	9.082474	2.6203156	-3.4373474
924329092696539	9.486847	1.3447266	-3.546936
924329101088873	10.9105835	0.83665466	-3.2286682
924329109481207	13.422546	0.7963562	-1.8509216
924329117873541	16.570526	1.1213226	0.77511597
924329126265875	19.329193	1.5003052	2.2812805
924329134658209	20.753876	1.903305	3.0098572
924329143050543	20.235626	2.2351685	3.0082092
924329151442877	17.7258	2.467575	2.404419
924329159835211	13.787613	2.6365356	1.3692322
924329168227545	9.526123	2.6228333	-0.10055542
924329176619879	4.716263	3.29245	-6.652359
924329185012213	3.4451447	2.421463	-4.0411835
924329193404547	3.305008	1.0449066	1.2819519
924329201796881	2.286148	0.19657898	3.798233
924329210189215	0.6411743	-0.0158844	4.2784424
924329218581549	-0.19692993	-0.091796875	4.5539093
924329226973883	-0.75375366	0.074142456	4.871582
924329235366217	-0.40792847	0.36857605	5.38649
924329243758551	1.4603729	0.7498932	6.114731
924329252150885	5.115967	1.231247	7.042862
924329260543219	10.0759735	1.8598175	8.07074
924329268935553	15.232803	2.6896667	8.527649
924329277327887	19.537262	3.216385	7.6990204
924329285720221	22.05452	3.330597	5.815048
924329294112555	21.039063	3.2956848	3.493515
924329302504889	16.593735	3.1997986	1.6699982
924329310897223	11.569962	2.8222504	1.1360474
924329319289557	8.166122	2.294815	1.3354492
924329327681891	5.9976807	1.7466736	1.5173492
924329336074225	4.6334534	1.418869	1.6690979
924329344466559	3.9230194	1.3370361	1.9130249
924329352858892	3.8379822	1.4520874	2.2913818
924329361251226	4.4417267	1.6962128	2.6679993
924329369643560	5.66893	1.9871521	2.919876
924329378035894	6.72876	2.4334717	3.2024536
924329386428228	7.3626556	2.8967743	3.0312195
924329394820562	7.657135	3.3191528	2.4845276
924329403212896	7.889099	3.6282501	1.8381805
924329411605230	8.371719	3.7308807	1.3405304
924329419997564	8.946014	3.681244	0.9920502
924329428389898	9.170792	3.6903687	0.7402954
924329436782232	8.913712	3.6684875	0.5461731
924329445174566	8.314102	3.5968018	0.4091034
924329453566900	7.614685	3.4856415	0.3222046
924329461959234	7.036331	3.3567963	0.24668884
924329470351568	6.8256073	3.2514343	0.18704224
924329478743902	6.723343	3.1793976	0.11987305
924329487136236	6.7065277	3.1338654	0.015365601
924329495528570	6.89711	3.1042023	-0.025558472
924329503920904	7.344925	3.1020355	0.09440613
924329512313238	7.8656006	3.179123	0.36479187
924329520705572	8.237366	3.3272095	0.59243774
924329529097906	8.918396	3.4032745	0.8362427
924329537490240	9.74556	3.4867706	1.0080719
924329545882574	10.537338	3.583313	1.0980682
924329554274908	11.140106	3.6698456	1.1252441
924329562667242	11.471054	3.7313232	1.0958252
924329571059576	11.588211	3.8338318	1.0401764
924329579451910	11.671585	4.012787	0.9926605
924329587844244	11.744797	4.21611	0.9702301
924329596236578	11.809799	4.4428864	0.9721527
924329604628912	11.807358	4.706375	0.96917725
924329613021246	11.6067505	4.9976807	0.903595
924329621413580	11.530823	5.3412933	0.89289856
924329629805914	11.687637	5.6875	0.9261322
924329638198248	11.861099	5.9710693	0.92170715
924329646590582	12.1506195	6.189087	0.87968445
924329654982916	12.764908	6.398102	0.8046417
924329663375250	13.818161	6.6862335	0.62358093
924329671767584	14.913406	7.899582	-12.246857
924329680159918	15.794159	11.204514	-29.334442
924329688552252	17.91829	12.465698	-29.413925
924329696944586	19.374481	11.547592	-18.673264
924329705336920	18.074692	9.8802185	-12.121094
924329713729254	16.293427	7.236145	-7.579468
924329722121588	17.22786	4.543213	-1.7897186
924329730513922	18.01532	3.599411	5.3849792
924329738906256	17.81073	3.8102417	10.976013
924329747298590	16.739166	4.328003	13.389572
924329755690924	15.5182495	4.258362	12.666992
924329764083258	14.924393	3.2234344	10.964874
924329772475592	14.901321	2.0949402	9.620361
924329780867926	14.816681	1.2876129	9.025497
924329789260260	14.763153	0.7831421	8.46315
924329797652594	14.790268	0.59088135	7.861603
924329806044928	14.8381195	0.55877686	7.393219
924329814437262	14.680069	0.2367096	6.8644104
924329822829596	15.20665	-0.27375793	5.853195
924329831221930	15.999176	-0.7293091	5.3570404
924329839614264	15.798447	-1.1445007	4.8999634
924329848006598	14.33638	-1.4535675	4.4008484
924329856398932	12.2105255	-1.5684052	4.010727
924329864791266	10.272461	-1.5469818	3.5434875
924329873183600	8.305969	-1.2911377	3.44281
924329881575934	6.7802887	-1.0999146	3.3441162
924329889968267	5.6214905	-0.92652893	3.5707092
924329898360601	4.83667	-0.78492737	4.0954437
924329906752935	4.4480743	-0.70643616	4.6280823
924329915145269	4.2005463	-0.5322418	5.044693
924329923537603	3.8690643	-0.3826599	5.2240753
924329931929937	3.7316895	-0.20718384	5.356491
924329940322271	4.440613	1.0564575	2.8193665
924329948714605	5.95578	3.0015106	-0.9638519
924329957106939	7.4611664	4.164505	-2.2114258
924329965499273	7.2976837	3.8060455	-1.6082306
924329973891607	6.7825165	3.3078156	-0.16261292
924329982283941	6.575943	2.9414825	1.6706848
924329990676275	6.3107758	2.6807556	3.2983398
924329999068609	5.8466034	2.457779	4.278885
924330007460943	5.3527527	2.115921	4.483917
924330015853277	5.109207	1.0424042	4.230438
924330024245611	4.750473	-0.15020752	3.912674
924330032637945	4.534027	-1.0693817	3.3817596
924330041030279	4.246109	-1.736618	2.7794647
924330049422613	3.8628387	-2.190384	2.2161255
924330057814947	3.5246124	-2.4582367	1.7180481
924330066207281	3.1110992	-2.4870605	1.0769196
924330074599615	2.7911987	-2.3601837	0.6634979
924330082991949	2.8891754	-2.0035706	0.42871094
924330091384283	3.4498138	-1.2445374	0.2557373
924330099776617	4.4799805	0.03742981	-0.12585449
924330108168951	6.037796	1.6845703	-1.115982
924330116561285	8.656662	2.2458344	-3.3487854
924330124953619	12.618042	2.038971	-8.308945
924330133345953	19.347687	2.8070374	-19.740189
924330141738287	24.085556	5.3082275	-27.170395
924330150130621	24.26233	8.556824	-23.768478
924330158522955	20.04898	10.300598	-8.953888
924330166915289	15.621658	10.094833	0.08564758
924330175307623	12.179489	9.40979	0.9578705
924330183699957	10.284897	7.8105774	-1.7712402
924330192092291	9.653198	5.4165955	-4.4137573
924330200484625	9.52475	2.9248962	-4.898987
924330208876959	9.043304	1.3662262	-3.7469177
924330217269293	8.582687	0.75704956	-2.467743
924330225661627	9.806839	0.4732666	-0.62924194
924330234053961	12.050858	0.4724121	0.8257599
924330242446295	14.507828	0.6897278	1.5939789
924330250838629	16.433441	1.0440979	1.9072876
924330259230963	17.150833	1.4177246	2.4557495
924330267623297	16.082306	1.9300995	2.2937775
924330276015631	15.188156	2.1016846	1.8507996
924330284407965	14.309891	1.9736633	1.309906
924330292800299	13.018341	1.7937317	0.70814514
924330301192633	11.151657	1.7386017	-0.8104553
924330309584967	9.067535	1.7246704	-4.5796204
924330317977301	7.368622	1.1464081	-5.7421265
924330326369635	7.2724	0.35572815	-0.21942139
924330334761969	6.1407166	-0.06933594	2.8950806
924330343154303	4.2635193	-0.13371277	3.7453613
924330351546637	2.6498413	-0.016448975	4.065323
924330359938971	2.073883	0.10215759	4.6543884
924330368331305	2.5868835	0.29684448	5.2627716
924330376723639	4.386795	0.6906433	5.9140472
924330385115973	7.049164	1.3229828	6.3259125
924330393508307	10.435226	2.0812073	6.432434
924330401900641	14.102188	2.811905	6.227066
924330410292975	16.97821	3.3776093	5.6729126
924330418685309	16.928268	3.6547241	4.615387
924330427077642	14.952286	3.7981415	3.4532928
924330435469976	12.304489	3.7039795	2.6602173
924330443862310	9.814377	3.3843384	2.4334717
924330452254644	7.8398743	2.9535522	2.6261444
924330460646978	6.2308807	2.5932465	2.772812
924330469039312	5.352524	2.2961273	2.8994446
924330477431646	4.95665	2.248886	3.134262
924330485823980	5.177902	2.377243	3.398346
924330494216314	5.8267365	2.6167603	3.5228882
924330502608648	6.5151978	2.9256592	3.4035034
924330511000982	6.8156586	3.2918854	3.0783691
924330519393316	7.1228027	3.5155487	2.6211243
924330527785650	7.797348	3.5919342	2.0013733
924330536177984	8.334656	3.6333313	1.4758301
924330544570318	8.626419	3.6432343	1.0700836
924330552962652	8.659943	3.6253204	0.7280426
924330561354986	8.393326	3.6204834	0.38424683
924330569747320	7.8250275	3.4609528	0.17686462
924330578139654	7.2759094	3.3656464	-0.12057495
924330586531988	6.994095	3.2362366	-0.47044373
924330594924322	6.7725525	3.1179504	-0.81137085
924330603316656	6.4404297	3.0684052	-1.07724
924330611708990	6.1523285	3.0789185	-1.2086182
924330620101324	6.466385	2.9762268	-0.9473877
924330628493658	6.925522	2.9125214	-0.37532043
924330636885992	7.397415	2.8729706	0.16726685
924330645278326	7.895935	2.873169	0.5876312
924330653670660	8.461609	2.9167175	0.8861542
924330662062994	9.088089	2.9706879	1.0715637
924330670455328	9.770966	3.0820007	1.1918335
924330678847662	10.528671	3.2193604	1.2494965
924330687239996	11.192932	3.4417877	1.28656
924330695632330	11.717758	3.7379456	1.3037567
924330704024664	12.133789	4.079941	1.2929077
924330712416998	12.51236	4.466461	1.2598572
924330720809332	12.684326	4.8243103	1.21315
924330729201666	12.418869	5.141968	1.1864319
924330737594000	11.959122	5.434387	1.1766052
924330745986334	11.591934	5.6924896	1.1661682
924330754378668	11.484238	5.906769	1.1374512
924330762771002	11.520798	6.0895386	1.0860596
924330771163336	11.986084	6.1416626	1.0767365
924330779555670	12.816925	6.252884	1.0455017
924330787948004	13.903534	6.522049	0.9373169
924330796340338	14.792816	6.8985443	0.74472046
924330804732672	14.744232	7.525055	-2.2376862
924330813125006	12.739258	9.13121	-16.6763
924330821517340	14.138016	11.774689	-35.45128
924330829909674	19.180557	10.314102	-30.001114
924330838302008	21.886414	8.014084	-18.732803
924330846694342	21.76294	6.354767	-8.216171
924330855086676	21.056656	5.5805054	1.875473
924330863479010	21.509293	5.409027	12.759766
924330871871344	20.564758	5.6151733	16.95192
924330880263678	17.999405	5.399475	15.469208
924330888656012	16.542023	4.3525543	12.876297
924330897048346	15.914383	2.7763672	11.194916
924330905440680	14.7269745	1.3434753	10.505615
924330913833014	13.139542	0.70532227	9.911194
924330922225348	12.4461975	0.40827942	9.564743
924330930617682	12.855621	0.2740326	8.685104
924330939010016	13.865265	0.028518677	8.373016
924330947402350	14.748489	-0.30760193	8.336014
924330955794684	14.938385	-0.6178589	7.77359
924330964187017	14.604385	-1.0283966	6.9078064
924330972579351	13.159317	-1.121872	5.8399353
924330980971685	11.317276	-1.0398865	5.696991
924330989364019	9.499939	-1.0843964	5.600067
924330997756353	7.9533844	-1.1683502	5.200989
924331006148687	6.7252655	-1.0626984	4.6750183
924331014541021	5.6447754	-0.8996887	4.481186
924331022933355	4.9977875	-0.82888794	3.8225098
924331031325689	4.7563934	-0.7583771	3.3099213
924331039718023	4.5078735	-0.6861572	3.4980621
924331048110357	4.228409	-0.62054443	4.4624176
924331056502691	4.2164154	-0.5076599	5.416046
924331064895025	4.928299	-0.0410614	3.5276794
924331073287359	6.8033447	2.2730865	-4.0012817
924331081679693	7.904587	3.1678925	-3.8600006
924331090072027	7.8043823	3.1776123	-1.5972748
924331098464361	6.903702	2.7405243	0.42626953
924331106856695	5.9904327	2.0605621	2.8449707
924331115249029	5.326416	1.535141	4.4162445
924331123641363	4.9365997	0.6754761	5.1158295
924331132033697	4.653366	-0.3458252	5.271652
924331140426031	4.464691	-1.2968903	4.945694
924331148818365	4.4032745	-2.0601501	4.453308
924331157210699	4.439926	-2.627884	4.139221
924331165603033	4.1506653	-3.0065918	3.6660767
924331173995367	3.4981995	-3.1663513	3.0501556
924331182387701	2.877365	-3.1852875	2.471054
924331190780035	2.4960175	-3.0371552	1.9648438
924331199172369	2.3035889	-2.6870422	1.4248505
924331207564703	2.1749573	-2.1302338	0.7483673
924331215957037	2.844925	-1.3509216	0.40046692
924331224349371	4.4755707	-0.53364563	-0.0034942627
924331232741705	7.1335754	-0.38908386	-2.1524658
924331241134039	13.239166	-0.6528473	-12.181686
924331249526373	22.32022	-0.020645142	-27.285446
924331257918707	30.744324	2.8072815	-37.081406
924331266311041	26.17955	6.2443085	-21.274368
924331274703375	20.734116	8.364243	-8.133118
924331283095709	16.849762	9.7453	-1.3408661
924331291488043	13.4509735	10.167786	-0.14309692
924331299880377	10.527054	9.22464	-1.7732086
924331308272711	9.188385	6.68779	-2.8846588
924331316665045	8.941879	3.6777802	-2.0157776
924331325057379	9.10199	2.1153564	-1.2264557
924331333449713	10.045273	1.7111511	-0.4465027
924331341842047	12.089203	1.8437805	0.78041077
924331350234381	14.897644	2.1291504	2.2245026
924331358626715	17.5643	2.5210266	3.0413055
924331367019049	19.284134	2.9866333	2.9994354
924331375411383	19.601212	3.4840088	2.1863098
924331383803717	18.128616	3.634964	1.1642456
924331392196051	15.130432	3.4548035	0.056289673
924331400588385	10.977524	3.358963	-2.6925507
924331408980719	6.497772	3.6949768	-8.126709
924331417373053	6.6672516	1.7129364	-0.66911316
924331425765387	5.488434	0.41938782	3.010559
924331434157721	3.5238495	-0.114212036	4.3717346
924331442550055	1.7524719	-0.22387695	4.6780396
924331450942389	0.8831482	-0.2732849	4.880142
924331459334723	0.98527527	-0.37301636	5.0827637
924331467727057	2.298294	-0.49079895	5.183304
924331476119391	5.1447144	-0.57141113	5.7639313
924331484511725	9.363678	-0.5007782	6.4902496
924331492904059	14.209137	-0.23576355	6.787613
924331501296392	18.323364	0.22149658	6.2453003
924331509688726	20.11325	0.821228	4.8329315
924331518081060	17.699127	1.364151	3.0880432
924331526473394	14.085892	1.3647156	2.557129
924331534865728	10.6276245	1.2700348	2.7375488
924331543258062	7.8472595	1.1586151	3.1857758
924331551650396	5.923538	1.0528717	3.6000366
924331560042730	4.81604	0.9985199	3.8809357
924331568435064	4.536728	1.0651245	3.7596893
924331576827398	4.6613617	1.2577515	3.8758698
924331585219732	5.0886993	1.5159912	4.012985
924331593612066	5.7053986	1.8521881	3.90654
924331602004400	6.411667	2.2674255	3.4925842
924331610396734	7.204666	2.731903	2.9839172
924331618789068	8.155029	3.1525726	2.5439453
924331627181402	8.927963	3.5336456	1.9420471
924331635573736	9.298065	3.7998962	1.3658142
924331643966070	9.318024	4.0049896	0.9900055
924331652358404	9.190216	4.1473846	0.8287964
924331660750738	9.099701	4.0948944	0.7200775
924331669143072	8.68335	3.9395447	0.5982208
924331677535406	8.146713	3.8220367	0.55003357
924331685927740	7.4884796	3.7115784	0.52679443
924331694320074	6.8707886	3.5922546	0.46343994
924331702712408	6.496887	3.472168	0.31307983
924331711104742	6.506668	3.3882751	0.068984985
924331719497076	6.440872	3.390274	-0.2839508
924331727889410	6.4219666	3.545517	-0.31195068
924331736281744	6.8585815	3.7035217	-0.07710266
924331744674078	7.798874	3.7885437	0.26081848
924331753066412	9.06102	3.8119507	0.5663605
924331761458746	10.292511	3.882309	0.80322266
924331769851080	11.029068	4.028427	0.9095764
924331778243414	11.551575	4.269516	0.92453
924331786635748	12.076309	4.5523834	0.9217529
924331795028082	12.637207	4.8667755	0.9252777
924331803420416	13.138199	5.2089386	0.9193115
924331811812750	13.407043	5.5690155	0.8552551
924331820205084	13.106201	5.948883	0.7505493
924331828597418	12.653915	6.232315	0.5912628
924331836989752	12.37468	6.464905	0.47694397
924331845382086	12.433533	6.6343384	0.35162354
924331853774420	12.872559	6.7190247	0.11880493
924331862166754	13.627243	6.735626	-0.26585388
924331870559088	15.00473	7.1430054	-13.673157
924331878951422	15.084	8.072617	-29.332672
924331887343756	17.841309	8.395035	-26.857025
924331895736090	20.37564	8.27359	-15.857803
924331904128424	19.582077	8.025101	-11.45134
924331912520758	17.426193	7.2339935	-14.76709
924331920913092	17.172714	4.646591	-10.842743
924331929305426	18.021545	2.8687592	-1.8109436
924331937697760	17.980453	2.4805298	8.261246
924331946090094	16.843033	3.2175293	15.587952
924331954482428	15.533356	4.2608337	17.61789
924331962874762	15.070877	4.985672	13.833725
924331971267096	14.097382	4.0682983	11.264526
924331979659430	14.460358	2.5610504	10.667328
924331988051764	14.964584	1.3256989	10.277405
924331996444098	14.848801	0.605484	9.530594
924332004836432	14.100159	0.21864319	8.698013
924332013228766	13.3671875	0.083343506	7.928055
924332021621100	13.521606	-0.050323486	6.413864
924332030013434	14.637405	-0.3938446	5.4805756
924332038405767	15.736893	-0.75675964	4.811508
924332046798101	16.082428	-0.99702454	4.2998657
924332055190435	15.313644	-1.1064148	3.9621582
924332063582769	13.383408	-1.2629547	3.697937
924332071975103	11.407852	-1.1771545	3.1022186
924332080367437	10.006561	-1.0704651	2.8585052
924332088759771	8.847519	-1.1076355	2.7323914
924332097152105	7.7570953	-1.2086334	2.625946
924332105544439	6.7705383	-1.2032166	2.497879
924332113936773	6.2022552	-1.0127869	2.2316742
924332122329107	5.7285614	-0.9413452	2.95047
924332130721441	5.0618896	-0.8071594	4.2616425
924332139113775	4.391693	-0.5654144	5.3193665
924332147506109	4.0874634	0.016036987	4.7326508
924332155898443	4.6893005	1.1617737	1.9737091
924332164290777	7.0681915	2.884613	-0.769104
924332172683111	7.6052246	2.9829407	0.06498718
924332181075445	7.0269012	2.6496887	0.81430054
924332189467779	6.0825195	2.1978302	1.8126221
924332197860113	5.4100647	1.7945099	3.1202545
924332206252447	5.1986237	1.4332275	4.413864
924332214644781	4.9682007	0.9577637	5.0338135
924332223037115	4.9567566	-0.118881226	5.3863983
924332231429449	4.9949646	-1.1955872	4.8625336
924332239821783	5.063843	-2.0326538	3.9230347
924332248214117	5.0462494	-2.6261292	2.9884338
924332256606451	4.7683716	-3.070572	2.1929016
924332264998785	4.0910034	-3.403656	1.164093
924332273391119	3.1603088	-3.5634155	0.70121765
924332281783453	2.4906921	-3.5833435	0.8427582
924332290175787	2.1413116	-3.3223572	1.1844482
924332298568121	2.0714111	-2.6013336	1.3372345
924332306960455	2.3944244	-1.3133698	1.1220245
924332315352789	3.8969269	0.31776428	0.66438293
924332323745123	6.317383	0.6754608	-0.06921387
924332332137457	10.299377	0.5661011	-4.480713
924332340529791	18.232391	1.0579529	-17.363586
924332348922125	26.754791	2.9465027	-30.510483
924332357314459	29.408508	5.8858643	-29.320313
924332365706793	26.108627	7.1211395	-14.524384
924332374099127	20.50444	8.076111	-6.3294525
924332382491461	14.936981	8.595245	-3.9766083
924332390883795	10.271286	7.990494	-4.0075836
924332399276129	7.411087	6.1503906	-4.082794
924332407668463	6.8469696	3.6687927	-3.2142334
924332416060797	6.8586884	1.9534302	-1.5223083
924332424453131	7.601166	1.0454712	-0.58618164
924332432845465	9.461502	0.7225647	0.10890198
924332441237799	12.438873	0.8804779	0.7299652
924332449630133	15.934402	1.3790131	1.0692749
924332458022467	18.979263	2.047882	1.131134
924332466414801	20.158157	2.46138	3.327896
924332474807135	19.274536	2.6135712	4.1009674
924332483199469	17.41661	2.5835419	3.618332
924332491591803	14.90033	2.3849335	2.3497162
924332499984137	11.594238	2.1854553	-0.31521606
924332508376471	7.3184204	2.1535034	-5.044815
924332516768805	4.2964935	1.5273895	-5.2471924
924332525161139	3.2984772	1.198288	-3.2224884
924332533553473	3.412094	0.8986664	-0.25601196
924332541945807	3.3027802	0.6392517	2.1483002
924332550338141	2.442154	0.47987366	3.2685852
924332558730475	1.516098	0.4581604	3.6438904
924332567122809	1.5219421	0.48060608	4.327301
924332575515142	3.2392578	0.6369934	5.5960236
924332583907476	5.940216	0.9747925	6.532593
924332592299810	9.147736	1.4404907	6.8500824
924332600692144	12.449142	1.9528198	6.43808
924332609084478	15.388596	2.4094086	5.4195557
924332617476812	17.093506	2.6875763	3.9120636
924332625869146	16.776993	2.9372559	2.384262
924332634261480	14.918259	3.0674133	1.276413
924332642653814	12.431412	3.031784	0.84284973
924332651046148	10.11293	2.8567505	1.005127
924332659438482	8.358322	2.605133	1.4945526
924332667830816	7.295517	2.3239746	2.1216736
924332676223150	6.638626	2.120758	2.575241
924332684615484	6.222763	2.0362396	3.0095367
924332693007818	6.103592	2.0750885	3.502884
924332701400152	6.2781067	2.206131	4.041321
924332709792486	6.628128	2.370636	4.4574738
924332718184820	7.2442627	2.535141	4.069641
924332726577154	7.9623413	2.7048035	3.3849487
924332734969488	8.45723	2.8975067	2.585312
924332743361822	8.716156	3.036438	1.7422333
924332751754156	8.846313	3.1019745	0.95170593
924332760146490	8.965424	3.1639862	0.33503723
924332768538824	9.128464	3.1903534	-0.03401184
924332776931158	9.157562	3.2415314	-0.22850037
924332785323492	8.948883	3.2646332	-0.31993103
924332793715826	8.537979	3.2471771	-0.3113861
924332802108160	8.063538	3.1854248	-0.2437439
924332810500494	7.6795197	3.0694733	-0.19137573
924332818892828	7.1785583	2.9651031	0.090927124
924332827285162	6.835205	2.813736	0.34962463
924332835677496	6.5440063	2.668274	0.5250702
924332844069830	6.294403	2.5756683	0.6689453
924332852462164	6.139206	2.5421906	0.82341003
924332860854498	6.19722	2.5352325	0.95851135
924332869246832	6.617691	2.6684265	1.1056366
924332877639166	7.3227997	2.8591003	1.2258911
924332886031500	8.215607	3.0673676	1.3037567
924332894423834	9.1800995	3.2984467	1.3491364
924332902816168	10.118774	3.5621185	1.3824158
924332911208502	11.020233	3.8497467	1.4202118
924332919600836	11.963196	4.145462	1.4368591
924332927993170	12.811264	4.4424744	1.4830017
924332936385504	13.457626	4.740494	1.4738159
924332944777838	13.648376	5.032715	1.4124603
924332953170172	13.279495	5.296463	1.2857971
924332961562506	12.519623	5.486618	1.0095978
924332969954840	12.046539	5.48468	0.8908386
924332978347174	11.664276	5.4530487	0.78900146
924332986739508	11.516113	5.4734344	0.7279358
924332995131842	11.61528	5.5884857	0.6919708
924333003524176	12.026627	5.797882	0.68795776
924333011916510	12.935699	6.0558014	0.7746277
924333020308844	13.941681	6.369858	0.86935425
924333028701178	14.843384	6.5794067	0.86976624
924333037093512	15.057663	6.8434296	0.40193176
924333045485846	13.647369	8.3298645	-11.261734
924333053878180	12.182953	11.194	-31.0831
924333062270514	16.82965	12.633194	-21.552353
924333070662848	19.140717	10.544785	-11.515839
924333079055182	17.139847	8.176254	-8.596878
924333087447516	16.002228	5.9695587	-6.646393
924333095839850	16.836838	4.260254	-3.1407623
924333104232184	18.046967	3.3923645	2.1832428
924333112624517	16.525238	3.6590424	7.7897797
924333121016851	15.151413	3.5601501	10.996658
924333129409185	15.396637	2.9590912	10.2267
924333137801519	15.082336	2.2973175	8.86145
924333146193853	13.885178	1.5357819	8.297409
924333154586187	12.514801	0.4691162	8.758759
924333162978521	11.824951	-0.92845154	10.435638
924333171370855	13.202621	-1.5149231	10.768631
924333179763189	14.229431	-1.5392151	10.40834
924333188155523	14.508911	-1.449997	9.342651
924333196547857	14.005814	-1.4192047	7.595398
924333204940191	13.029602	-1.4456635	5.496063
924333213332525	11.985886	-1.4784546	3.8032684
924333221724859	10.364166	-1.3437195	3.3094788
924333230117193	8.6271515	-1.1099854	2.8799438
924333238509527	7.186386	-0.88237	2.752243
924333246901861	6.30307	-0.69721985	3.2914734
924333255294195	5.9444733	-0.53359985	4.6667023
924333263686529	5.5051117	-0.32684326	6.248169
924333272078863	4.679764	0.030288696	6.926895
924333280471197	4.4463806	0.38964844	7.759308
924333288863531	4.457428	0.70962524	8.0759735
924333297255865	4.7079926	1.1280365	7.332184
924333305648199	5.87706	2.2982635	3.210968
924333314040533	9.829178	5.8765106	-11.5516815
924333322432867	11.670563	6.9855194	-9.37587
924333330825201	9.995956	6.496292	-5.139679
924333339217535	7.3743134	5.5030212	-0.58625793
924333347609869	5.5269775	4.4484406	3.1620178
924333356002203	4.733139	3.1894379	5.634308
924333364394537	4.221222	1.5791473	6.9782104
924333372786871	3.949936	0.36288452	7.160614
924333381179205	4.188263	-0.73205566	6.768936
924333389571539	4.418747	-1.662323	5.986328
924333397963873	4.387085	-2.3344727	4.832062
924333406356207	4.077286	-2.6674194	3.3968658
924333414748541	3.5588531	-2.7092896	2.3161163
924333423140875	3.335022	-2.535675	1.8198547
924333431533209	3.3073273	-2.3150177	1.6833496
924333439925543	3.248993	-2.089386	1.5565186
924333448317877	3.148117	-1.9072723	1.3009796
924333456710211	3.2670746	-1.8144379	0.8591614
924333465102545	4.1982727	-1.7944794	-0.1627655
924333473494879	5.8273773	-1.9037323	-2.315384
924333481887213	11.1944275	-2.7390137	-10.198975
924333490279547	21.081772	-2.875351	-25.527908
924333498671881	29.04741	-1.0246887	-35.21399
924333507064215	27.876358	3.0223541	-24.852585
924333515456549	23.137589	6.879776	-8.326248
924333523848883	18.564041	9.294403	-1.4009705
924333532241217	14.383713	10.0868225	0.3555603
924333540633551	11.394669	9.177444	-0.5964508
924333549025885	9.699539	6.988968	-1.8565369
924333557418219	8.498215	4.4221344	-1.9503021
924333565810553	6.5897064	2.5563812	-1.0040131
924333574202887	5.598404	1.7443695	-0.046707153
924333582595221	5.860794	1.6450958	1.2839966
924333590987555	7.630844	1.7750549	2.7567444
924333599379889	11.028595	1.8882904	3.8763123
924333607772223	15.656082	1.9858398	4.0298767
924333616164557	19.766312	2.1727142	3.2386322
924333624556891	21.981766	2.4807434	2.4046936
924333632949225	21.661148	2.8271484	1.3265686
924333641341559	18.652634	3.009201	0.205719
924333649733892	13.42067	3.1490936	-2.5279999
924333658126226	7.641922	3.4375916	-8.363632
924333666518560	5.212219	2.3199615	-6.9658356
924333674910894	5.700287	0.74842834	0.20141602
924333683303228	4.6539764	-0.07774353	3.6103516
924333691695562	2.6369934	-0.2883606	4.3969727
924333700087896	0.826004	-0.2035675	4.5556793
924333708480230	-0.102142334	-0.06852722	4.9171143
924333716872564	-0.11853027	0.1313324	5.331192
924333725264898	1.7116241	0.2994995	5.5992737
924333733657232	4.7188263	0.59669495	6.0220795
924333742049566	8.934341	0.99760437	6.3719025
924333750441900	13.978607	1.5063019	6.293518
924333758834234	18.60701	2.127472	5.4213104
924333767226568	20.600998	2.4594727	3.9034576
924333775618902	19.013947	2.4476013	2.57135
924333784011236	15.32222	2.3425446	1.774643
924333792403570	11.398575	2.0821075	1.5889893
924333800795904	8.373749	1.6921997	1.8756561
924333809188238	6.3064575	1.3689423	2.2508087
924333817580572	5.1085663	1.2273712	2.631775
924333825972906	4.666565	1.2994995	3.0358124
924333834365240	4.8496704	1.5162964	3.5049744
924333842757574	5.6554565	1.8264313	4.0445557
924333851149908	6.8275146	2.161148	4.449356
924333859542242	7.816101	2.4597626	4.324066
924333867934576	8.201813	2.8231812	4.0426483
924333876326910	8.124741	3.0587769	3.1411743
924333884719244	8.310715	3.1865997	2.3393097
924333893111578	8.796829	3.2155151	1.5401917
924333901503912	9.3526	3.1922607	0.68681335
924333909896246	9.64035	3.1875305	-0.0066833496
924333918288580	9.452911	3.1137543	-0.54008484
924333926680914	8.626587	3.06456	-0.8778229
924333935073248	7.976303	2.9258423	-1.0978394
924333943465582	7.5193634	2.7556915	-1.2785645
924333951857916	7.1141663	2.6076355	-1.4161377
924333960250250	6.645035	2.4790802	-1.3955841
924333968642584	6.361023	2.4450836	-1.0105743
924333977034918	6.4427032	2.5129852	-0.30474854
924333985427252	6.7821045	2.5716705	0.39878845
924333993819586	7.2903748	2.6319427	0.9954376
924334002211920	7.857559	2.7458038	1.453125
924334010604254	8.365219	2.960266	1.8024292
924334018996588	9.03241	3.1548157	2.0611572
924334027388922	9.7838745	3.3802185	2.2381897
924334035781256	10.498154	3.6099548	2.3304749
924334044173590	11.094284	3.8692627	2.3576508
924334052565924	11.571732	4.1874237	2.3450928
924334060958258	12.028381	4.5677643	2.3094482
924334069350592	12.359451	4.892685	2.2471313
924334077742926	12.395309	5.2253113	2.172058
924334086135260	12.248276	5.529846	2.1387634
924334094527594	12.0407715	5.8184357	2.1482697
924334102919928	11.871262	6.107727	2.1309662
924334111312262	11.789734	6.393173	1.9588013
924334119704596	12.106827	6.5760803	1.8156586
924334128096930	12.678467	6.591095	1.6478882
924334136489264	13.122498	6.644348	1.2527161
924334144881598	13.470184	6.876587	-0.2844391
924334153273932	13.381546	7.7099304	-8.457657
924334161666266	11.551376	10.263641	-38.20996
924334170058600	17.69429	11.040176	-29.09468
924334178450934	20.303177	10.556229	-15.173813
924334186843267	19.763412	10.105591	-7.566269
924334195235601	18.334946	9.250916	-4.6186523
924334203627935	17.913559	7.4845276	-1.2809906
924334212020269	18.509308	5.1493073	5.350891
924334220412603	18.475693	4.3150635	9.935608
924334228804937	17.267456	3.7472534	10.994354
924334237197271	16.345749	2.9476776	10.798294
924334245589605	15.859253	1.9561157	10.281158
924334253981939	15.386902	1.0027161	9.786255
924334262374273	14.314133	0.32077026	9.477173
924334270766607	13.225342	-0.20799255	8.933929
924334279158941	12.511749	-0.8512573	8.43309
924334287551275	12.518799	-1.5355682	8.053879
924334295943609	13.697861	-2.0550842	7.409378
924334304335943	15.846878	-2.258255	6.357773
924334312728277	17.466995	-2.1670532	5.5880585
924334321120611	17.006378	-1.9756317	5.063614
924334329512945	15.957184	-2.0364532	4.19722
924334337905279	14.620529	-2.441269	3.1981506
924334346297613	13.078995	-3.0025482	2.5083313
924334354689947	11.403732	-3.3804016	2.4268188
924334363082281	9.831345	-3.1574554	2.7921753
924334371474615	7.975296	-2.913208	4.195755
924334379866949	6.2939606	-2.7541962	5.5323334
924334388259283	4.702118	-2.4909668	6.509613
924334396651617	3.4095612	-2.1183014	7.1677856
924334405043951	2.591339	-1.7046356	7.358078
924334413436285	2.0651093	-1.2809296	6.182602
924334421828619	2.200592	0.740921	-1.824707
924334430220953	4.088272	2.1488953	-4.2303314
924334438613287	5.764206	2.3088837	-3.190796
924334447005621	6.438904	1.7317657	-0.65338135
924334455397955	6.1268005	1.2163086	2.0437927
924334463790289	5.2384796	0.9690552	4.2102966
924334472182623	4.170578	1.0085449	5.2213593
924334480574957	3.5394745	1.0196533	5.7585907
924334488967291	3.496292	0.81170654	5.4297028
924334497359625	3.838379	0.09617615	4.3411865
924334505751959	4.1689453	-1.129425	2.9949646
924334514144293	4.060608	-2.0021667	2.1947937
924334522536627	3.647812	-2.384842	1.8674011
924334530928961	3.1403046	-2.4736328	1.9595795
924334539321295	2.8006897	-2.3861084	2.009018
924334547713629	2.666916	-2.192459	1.8347931
924334556105963	2.72258	-1.9111786	1.4839325
924334564498297	3.1981506	-1.4938507	1.1190186
924334572890631	4.2615356	-1.053299	0.062469482
924334581282965	7.998337	-0.91911316	-5.6027985
924334589675299	17.545471	0.67889404	-21.779984
924334598067633	27.015503	3.9607239	-35.098633
924334606459967	28.19484	7.4237213	-29.021973
924334614852301	22.657257	7.386627	-13.549545
924334623244635	18.092606	7.0378265	-5.701065
924334631636969	14.891617	6.6187286	-2.9257507
924334640029303	13.643341	5.9910126	-2.6910095
924334648421637	13.659103	4.88501	-2.8918304
924334656813971	13.745972	3.2213135	-2.3522034
924334665206305	13.829483	1.7134094	-1.9565735
924334673598639	14.084488	1.3735809	-1.2418976
924334681990973	15.404724	1.3413849	0.46080017
924334690383307	17.420334	1.4522705	2.0552826
924334698775641	19.392685	1.5965881	3.1173706
924334707167975	20.16336	1.7179413	3.6933136
924334715560309	17.477707	1.8902283	3.3769684
924334723952642	12.921997	2.1314545	2.4170837
924334732344976	8.891983	2.0526276	1.8013
924334740737310	5.8602295	1.7118683	1.7341919
924334749129644	3.8782501	1.2128448	2.1871185
924334757521978	2.760147	0.6759949	2.914032
924334765914312	2.018402	0.30413818	3.2187042
924334774306646	1.4490662	0.053649902	3.3612366
924334782698980	1.013382	-0.06437683	3.5218048
924334791091314	1.5369415	-0.19250488	3.785553
924334799483648	3.2483826	-0.3033142	4.094223
924334807875982	5.85878	-0.24356079	4.360977
924334816268316	9.370804	0.080581665	4.8233337
924334824660650	13.639496	0.4846344	5.737549
924334833052984	17.227661	0.9997711	6.295288
924334841445318	19.308975	1.4580231	6.1362457
924334849837652	18.793533	1.8316498	5.2213135
924334858229986	15.278229	2.208084	3.9544525
924334866622320	11.410553	2.2915802	3.3332062
924334875014654	8.741394	2.1791534	3.3605194
924334883406988	6.8216553	2.0096283	3.4752502
924334891799322	5.537628	1.8942719	3.5985565
924334900191656	4.8376617	1.8860016	3.714737
924334908583990	4.695816	1.963501	3.8192139
924334916976324	5.0697327	2.1568146	3.859253
924334925368658	5.563431	2.4617157	3.7782135
924334933760992	6.3929443	2.748581	3.4440918
924334942153326	7.4286346	2.9853363	3.1395416
924334950545660	8.370911	3.2132568	2.8853607
924334958937994	8.948883	3.4958496	2.424286
924334967330328	9.312927	3.7567291	1.8324432
924334975722662	9.810532	3.927353	1.3066864
924334984114996	10.017715	4.0373993	0.8476105
924334992507330	9.889862	4.0581665	0.41856384
924335000899664	9.4904175	3.9940338	0.016998291
924335009291998	8.895676	3.8911133	-0.30480957
924335017684332	8.208435	3.8346558	-0.42939758
924335026076666	7.7502136	3.680832	-0.52282715
924335034469000	7.5168915	3.540619	-0.67723083
924335042861334	7.4496155	3.4522705	-0.75483704
924335051253668	7.3795166	3.4399261	-0.6411438
924335059646002	7.1502533	3.4957733	-0.36296082
924335068038336	7.4099426	3.4420776	-0.044677734
924335076430670	7.874588	3.333023	0.32258606
924335084823004	8.390732	3.253128	0.69329834
924335093215338	8.971878	3.31633	1.0348663
924335101607672	9.670959	3.5256042	1.3298798
924335110000006	10.538773	3.776352	1.5759125
924335118392340	11.597076	4.054596	1.786789
924335126784674	12.517563	4.328491	1.9735565
924335135177008	13.231308	4.589615	2.1300507
924335143569342	13.650894	4.853592	2.224594
924335151961676	13.750198	5.1348877	2.1904144
924335160354010	13.572464	5.430359	1.921402
924335168746344	13.359055	5.572632	1.4382477
924335177138678	13.291824	5.636612	0.9809418
924335185531012	13.57843	5.5786133	-1.7191162
924335193923346	14.423004	4.81546	-14.619522
924335202315680	15.606613	3.5666351	-29.101212
924335210708014	16.537445	3.1810608	-17.144241
924335219100348	17.869461	4.2209473	-7.91481
924335227492682	17.56781	5.3295135	-6.3607635
924335235885016	16.414948	6.280258	-3.967331
924335244277350	15.577423	6.965515	-0.4042511
924335252669684	15.733994	7.346573	3.2570648
924335261062017	16.40091	7.526596	6.588852
924335269454351	16.00473	7.917923	7.7141113
924335277846685	15.372452	7.028412	7.0095673
924335286239019	15.851013	5.5797577	5.696472
924335294631353	15.991913	4.1825714	4.8614197
924335303023687	14.9678955	3.1705627	5.0886993
924335311416021	14.133759	2.4946747	6.2697906
924335319808355	14.115707	1.8506927	7.5888367
924335328200689	13.444489	1.2035522	7.7125397
924335336593023	12.59761	0.5742798	6.9168243
924335344985357	11.942154	0.034973145	5.7888947
924335353377691	11.721878	-0.32032776	4.8188324
924335361770025	12.156342	-0.3799591	4.3512115
924335370162359	12.841629	-0.8063202	4.9664154
924335378554693	14.073883	-1.0246582	6.246399
924335386947027	15.587906	-1.1100616	6.7034454
924335395339361	16.398697	-1.131546	6.425644
924335403731695	15.564743	-1.0944977	6.009201
924335412124029	12.886169	-0.88897705	5.687088
924335420516363	10.719421	-1.1298523	5.141815
924335428908697	9.201706	-1.203476	3.9351807
924335437301031	8.032028	-1.2216187	2.8157806
924335445693365	7.0591736	-1.2015686	2.4938507
924335454085699	6.1783447	-1.1595917	3.2178345
924335462478033	5.3320313	-1.1605682	4.2465973
924335470870367	4.630005	-1.0315704	5.648651
924335479262701	3.8131714	-0.808136	7.237198
924335487655035	3.2284393	-0.5419769	8.157745
924335496047369	3.4267578	0.51145935	5.146881
924335504439703	4.765045	2.385025	-1.0288086
924335512832037	7.1424255	3.3915253	-1.6618195
924335521224371	7.5703583	2.9626312	-0.46522522
924335529616705	7.097229	2.463211	0.80714417
924335538009039	6.214325	2.0210724	2.1434784
924335546401373	5.5057526	1.616806	3.5801697
924335554793707	5.2747345	1.1194916	5.0311737
924335563186041	5.333557	0.30493164	6.1199036
924335571578375	4.971039	-0.5892639	6.137741
924335579974243	4.6282043	-1.2653198	5.256439
924335588366577	4.2617035	-1.8149719	3.800537
924335596758911	3.8624878	-2.2546844	2.3065796
924335605151245	3.4487152	-2.5467834	1.4209747
924335613543579	3.0496063	-2.6197968	1.4569855
924335621935913	2.5795746	-2.4519958	1.5394745
924335630328247	2.208435	-2.0327606	1.5982513
924335638720581	2.027588	-1.3062592	1.473114
924335647112915	2.6053925	-0.52926636	0.9369354
924335655505249	4.3591156	-0.169281	-0.36824036
924335663897583	6.9902496	-0.69844055	-3.0618591
924335672289917	15.378281	-1.1720428	-18.468674
924335680682251	25.790833	1.6754913	-33.269028
924335689074585	27.947311	4.912262	-29.809357
924335697466919	23.348923	7.0040283	-14.67894
924335705859253	18.052094	7.9811554	-2.2394257
924335714251587	15.201614	9.024048	0.839386
924335722643921	13.595047	8.661377	-0.9063568
924335731036255	12.535156	7.095108	-2.241333
924335739428589	11.426559	4.7552643	-2.2643127
924335747820923	10.30249	2.6476288	-1.7083893
924335756213257	9.699982	1.6044769	-1.6038055
924335764605591	10.621811	1.4908447	-1.4318848
924335772997925	12.810883	1.6336212	0.15655518
924335781390259	14.838821	1.6845703	1.7374878
924335789782593	16.022903	1.6967773	2.8911438
924335798174926	16.138626	1.7526245	3.3766632
924335806567260	15.501801	1.8477783	3.155655
924335814959594	15.15419	1.7234192	2.5456085
924335823351928	14.114944	1.3489838	1.712326
924335831744262	11.909134	1.3730164	0.45729065
924335840136596	9.17334	1.5590057	-2.6992035
924335848528930	7.1438293	1.3842773	-4.425705
924335856921264	6.5643463	0.6087189	-1.1589966
924335865313598	6.2148285	0.031723022	3.1240387
924335873705932	4.3234406	0.0014038086	4.4634247
924335882098266	2.9305573	0.069610596	5.1029205
924335890490600	2.4056244	0.12522888	5.4952087
924335898882934	2.8125458	0.16673279	5.8016205
924335907275268	4.1104584	0.2598877	6.0697784
924335915667602	6.265457	0.5252991	6.488266
924335924059936	9.389969	0.97265625	6.148285
924335932452270	12.730972	1.4177246	5.423874
924335940844604	15.306244	1.8185425	4.368637
924335949236938	16.280914	2.2045593	3.1779938
924335957629272	15.278351	2.5943756	2.1874847
924335966021606	12.845612	2.7678528	1.8843994
924335974413940	10.369629	2.8042908	2.0856323
924335982806274	8.530746	2.7262573	2.53479
924335991198608	7.263138	2.5947876	3.1029663
924335999590942	6.4230957	2.5030823	3.5956573
924336007983276	5.9444733	2.520813	3.7801666
924336016375610	6.0159607	2.553131	3.492279
924336024767944	6.376938	2.6292114	3.1174011
924336033160278	7.1529083	2.6940918	2.9961853
924336041552612	7.9434967	2.8107452	2.9314575
924336049944946	8.433548	2.9636536	2.67865
924336058337280	8.616104	3.0712738	2.1529999
924336066729614	8.910843	3.1143646	1.6643677
924336075121948	9.014893	3.2138214	1.1259766
924336083514282	8.946869	3.3155518	0.69776917
924336091906616	8.741562	3.3590088	0.30496216
924336100298950	8.471252	3.3229065	-0.08035278
924336108691284	8.166718	3.233368	-0.40447998
924336117083618	7.5016174	3.1230316	-0.50572205
924336125475952	6.9430695	2.996338	-0.5172577
924336133868286	6.4452972	2.8866577	-0.6004944
924336142260620	6.209076	2.758957	-0.591629
924336150652954	6.1930847	2.6012268	-0.42251587
924336159045288	6.154907	2.4472046	-0.16882324
924336167437622	6.303406	2.3860626	0.10777283
924336175829956	6.637451	2.4438324	0.43571472
924336184222290	7.0674896	2.5100708	0.7122345
924336192614624	7.6756134	2.6219177	0.97676086
924336201006958	8.501968	2.7956085	1.2402802
924336209399292	9.490433	2.9965515	1.4668274
924336217791626	10.587769	3.198639	1.6474457
924336226183960	11.644409	3.4668732	1.7999878
924336234576294	12.672226	3.7718658	1.9384308
924336242968628	13.462814	4.1214905	2.0697632
924336251360962	13.803146	4.515747	2.188736
924336259753296	13.643005	4.9385986	2.2746582
924336268145630	13.193726	5.3948517	2.242859
924336276537964	12.703766	5.6303406	2.0390015
924336284930298	12.580902	5.664398	1.7398376
924336293322632	12.632172	5.627121	1.4073181
924336301714966	12.590622	5.6091614	1.0788422
924336310107300	12.311066	5.611328	0.75686646
924336318499634	12.108673	5.5624847	0.39595032
924336326891968	12.813873	5.5897827	0.18888855
924336335284301	13.923386	5.782425	0.2218628
924336343676635	14.898132	6.062393	-0.29631042
924336352068969	15.227478	6.5388794	-8.613281
924336360461303	14.762924	7.4858246	-33.149612
924336368853637	15.785019	8.011459	-24.739288
924336377245971	17.177795	7.6386566	-15.113571
924336385638305	16.955658	6.709305	-8.486725
924336394030639	16.112106	5.4190216	-4.5170135
924336402422973	15.992386	4.079773	-1.3138733
924336410815307	16.918259	3.1532593	2.8461761
924336419207641	17.369324	3.3572998	5.979141
924336427599975	16.956451	3.5224915	9.089722
924336435992309	16.447266	3.1028137	10.983856
924336444384643	15.790634	2.3631744	11.283768
924336452776977	14.857361	1.6629333	10.314117
924336461169311	13.78479	1.0959473	9.034882
924336469561645	13.183975	0.7965851	7.751541
924336477953979	12.642502	0.18759155	7.8287354
924336486346313	12.464706	-0.40203857	8.217651
924336494738647	12.710541	-0.74690247	8.448837
924336503130981	13.269287	-0.8674774	8.519226
924336511523315	13.864151	-1.1056519	8.909668
924336519915649	13.022675	-0.9441376	7.413147
924336528307983	11.85994	-0.6682892	5.6385956
924336536700317	11.045181	-0.56192017	4.6362915
924336545092651	10.386505	-0.63549805	3.869751
924336553484985	9.533295	-0.7441864	2.8044739
924336561877319	8.435196	-0.68659973	1.8249054
924336570269653	7.485916	-0.529541	1.2513733
924336578661987	6.8002625	-0.40394592	1.0055237
924336587054321	6.369568	-0.2141571	0.9679718
924336595446655	6.209976	0.042678833	1.4315033
924336603838989	6.2434998	0.38505554	2.468155
924336612231323	6.2939453	0.90304565	3.6869965
924336620623657	5.9143066	1.6331024	4.5543213
924336629015991	5.663925	2.3383942	4.855957
924336637408325	5.9718323	3.2943573	3.0017395
924336645800659	7.2398224	4.4098816	-0.037887573
924336654192993	8.8177185	5.2453766	-1.6863098
924336662585327	8.516739	5.178116	0.755249
924336670977661	6.1947327	4.6985626	2.697403
924336679369995	4.6061554	3.4771423	4.285797
924336687762329	3.7239075	1.81604	5.454834
924336696154663	3.3588562	0.15487671	6.140045
924336704546997	3.2515717	-1.1581726	6.243805
924336712939331	3.1860657	-2.0896454	5.5576935
924336721331665	3.3425903	-2.7267303	3.9525146
924336729723999	3.5774078	-2.9557037	2.9048615
924336738116333	3.786148	-2.9115753	2.425705
924336746508667	3.884735	-2.6596222	2.31958
924336754901001	3.8865814	-2.2917328	2.2615967
924336763293335	3.9906158	-1.9515533	2.0206757
924336771685669	4.1391754	-1.7980194	1.4852905
924336780078003	4.636902	-1.6934204	0.2394867
924336788470337	5.8178864	-1.7801208	-2.0466614
924336796862671	9.340759	-2.4930573	-8.217957
924336805255005	16.570862	-3.476654	-20.585846
924336813647339	27.32338	-2.719635	-38.490234
924336822039673	27.425781	2.1886292	-28.10466
924336830432007	23.018372	7.210861	-14.548294
924336838824341	17.727936	11.193939	-4.327179
924336847216675	13.303055	13.278595	1.2129364
924336855609009	10.237717	13.063141	3.2272644
924336864001343	8.88884	11.0164795	1.7640839
924336872393676	9.188965	8.135498	0.4490204
924336880786010	8.687622	5.546402	0.19825745
924336889178344	7.5725555	3.7509155	0.72694397
924336897570678	6.715149	2.8293304	1.7690887
924336905963012	7.0166473	2.5547638	3.1847992
924336914355346	8.520126	2.6026459	5.102844
924336922747680	11.977219	2.6180267	5.886963
924336931140014	16.509155	2.466339	5.3559875
924336939532348	20.666702	2.3435822	3.9614563
924336947924682	22.974747	2.2657623	1.9406891
924336956317016	21.914825	2.2830658	-1.2110138
924336964709350	15.588394	2.9827423	-8.329514
924336973101684	9.560776	2.8216858	-10.565826
924336981494018	7.7583923	1.2000885	-4.0147552
924336989886352	6.451767	-0.062149048	1.9245911
924336998278686	4.3663483	-0.4663849	3.841339
924337006671020	2.4575195	-0.5666199	3.7461548
924337015063354	1.5661469	-0.634964	3.9658356
924337023455688	1.834671	-0.7575226	4.755188
924337031848022	2.7955475	-0.9617462	5.384735
924337040240356	4.4674835	-1.1164703	5.688797
924337048632690	6.951462	-1.1517181	5.7530365
924337057025024	10.29567	-1.0601349	5.746475
924337065417358	14.507004	-0.8686981	5.432419
924337073809692	17.62323	-0.42112732	5.1137238
924337082202026	17.579712	0.11128235	4.194565
924337090594360	15.258606	0.4338379	3.1829834
924337098986694	11.933914	0.5046387	2.6351776
924337107379028	8.831497	0.4998474	2.889801
924337115771362	6.736801	0.5546875	3.635559
924337124163696	5.713669	0.68218994	4.1382294
924337132556030	5.2767487	0.90419006	4.36792
924337140948364	5.3342133	1.198761	4.4487915
924337149340698	5.8277283	1.5303497	4.455887
924337157733032	6.6995544	1.858902	4.3524017
924337166125366	7.644745	2.1353455	3.9679108
924337174517700	8.331482	2.3842316	3.4274902
924337182910034	8.86171	2.6342163	2.9817505
924337191302368	9.334778	2.8538208	2.5503082
924337199694702	9.6719055	3.0568695	1.9943542
924337208087036	9.703323	3.2799683	1.2386322
924337216479370	9.68837	3.3995972	0.635437
924337224871704	9.498856	3.4352112	0.22470093
924337233264038	9.278076	3.3844452	-0.03591919
924337241656372	8.906448	3.2908478	-0.24099731
924337250048706	8.337784	3.2111664	-0.4512787
924337258441040	7.635971	3.1966858	-0.6586914
924337266833374	6.852661	3.2690125	-0.7198181
924337275225708	6.657089	3.3347626	-0.7892151
924337283618042	6.585266	3.3643494	-0.62145996
924337292010376	6.561615	3.3919983	-0.34332275
924337300402710	6.571579	3.4404755	-0.030212402
924337308795044	6.642166	3.503006	0.35491943
924337317187378	6.889694	3.543747	0.755249
924337325579712	7.324417	3.5233154	1.0558319
924337333972046	7.9765778	3.5788727	1.3538055
924337342364380	8.847305	3.7044678	1.6349945
924337350756714	9.875198	3.8666077	1.8905029
924337359149048	10.93367	4.0379333	2.1287231
924337367541382	11.864395	4.254364	2.2966309
924337375933716	12.508423	4.5385895	2.3493195
924337384326050	13.003967	4.8535004	2.261795
924337392718384	13.324844	5.19545	2.1271515
924337401110718	13.42894	5.531067	2.0000763
924337409503051	13.297974	5.784683	1.8445129
924337417895385	12.920242	5.855255	1.5542603
924337426287719	12.642487	5.8173065	1.2874146
924337434680053	12.502502	5.743393	1.1093903
924337443072387	12.378754	5.6851044	0.9284363
924337451464721	12.133194	5.649185	0.6735077
924337459857055	11.711853	5.586731	0.3677063
924337468249389	11.598206	5.4142456	0.1802826
924337476641723	12.351501	5.3616333	-0.041656494
924337485034057	14.119751	5.272644	-11.905731
924337493426391	15.802856	5.541809	-25.568802
924337501818725	16.550507	6.1232605	-28.762848
924337510211059	16.441086	6.176117	-16.866348
924337518603393	16.117035	5.3650055	-12.288925
924337526995727	15.467453	4.3594666	-5.962784
924337535388061	16.004349	3.5856323	-0.5044098
924337543780395	17.885483	3.4628906	4.2614136
924337552172729	19.746017	4.0453644	8.74379
924337560565063	19.210052	4.791794	12.520462
924337568957397	16.949814	4.6950836	12.129623
924337577349731	16.684998	3.5395966	11.72876
924337585742065	16.784027	2.2744293	10.9965515
924337594134399	16.612518	1.3618011	9.789993
924337602526733	15.96106	0.94918823	8.210007
924337610919067	14.887619	0.8638458	6.6999817
924337619311401	13.918457	0.5566864	5.807358
924337627703735	13.589767	-0.07133484	5.681717
924337636096069	13.734055	-0.7651062	6.2147064
924337644488403	13.987076	-1.2828522	6.769409
924337652880737	13.858566	-1.4891663	6.84494
924337661273071	12.914719	-1.4415741	6.4587097
924337669665405	11.868668	-1.4655762	5.058655
924337678057739	10.283936	-1.5332489	4.235916
924337686450073	8.850357	-1.5800629	3.6281586
924337694842407	7.74736	-1.5390472	2.933487
924337703234741	7.064438	-1.4211578	2.1268005
924337711627075	6.9440155	-1.338562	1.5639801
924337720019409	6.8048553	-1.0920258	1.2280121
924337728411743	6.488556	-0.7698517	1.2805939
924337736804077	6.205963	-0.48916626	1.8093567
924337745196411	6.0850677	-0.27529907	2.8602753
924337753588745	6.096634	-0.08869934	4.1864166
924337761981079	6.0148773	0.15757751	5.1513367
924337770373413	5.6865234	1.1385803	3.3286743
924337778765747	6.6748962	2.275116	2.3946686
924337787158081	6.969269	2.9173737	2.4375763
924337795550415	6.339981	2.9933472	3.0139465
924337803942749	5.333832	2.7204437	3.6471863
924337812335083	4.6407623	2.4177094	4.186447
924337820727417	4.148834	1.9975891	4.255295
924337829119751	4.0254974	0.9635773	4.0039215
924337837512085	4.0186462	-0.27149963	3.9575043
924337845904419	4.0167084	-1.335083	3.9191284
924337854296753	3.9244232	-2.0464783	3.560913
924337862689087	3.5924683	-2.556656	2.8519745
924337871081421	3.265442	-2.8407593	1.9383087
924337879473755	3.0192719	-2.970169	1.4685364
924337887866089	2.7838745	-2.863327	1.4603729
924337896258423	2.527954	-2.5299683	1.5683136
924337904650757	2.3633423	-2.0210876	1.4362488
924337913043091	2.6479492	-1.3874817	0.9987335
924337921435425	4.1548767	-0.6121521	-0.2189331
924337929827759	7.2454376	-0.3781128	-4.448044
924337938220093	14.390564	-0.07859802	-17.847046
924337946612426	22.672546	1.6032257	-30.1893
924337955004760	27.161804	5.149811	-29.625061
924337963397094	24.243393	8.546341	-17.79834
924337971789428	20.267105	10.50502	-7.5069427
924337980181762	16.18547	11.475372	-1.8949432
924337988574096	12.731064	11.309769	-0.9748993
924337996966430	10.548645	9.945908	-2.6152496
924338005358764	9.694717	7.5303497	-4.095047
924338013751098	9.039658	4.538391	-3.9509125
924338022143432	6.930542	2.5102386	-2.3846893
924338030535766	5.152405	1.5003815	-0.64427185
924338038928100	4.385849	1.3517151	1.2774506
924338047320434	5.3790436	1.6974487	3.2142944
924338055712768	8.740341	2.1330109	4.7065125
924338064105102	14.795837	2.4411469	4.7830505
924338072497436	22.470367	2.4043121	3.9124756
924338080889770	27.924576	2.211731	2.0704193
924338089282104	26.35048	2.7455292	-4.4649963
924338097674438	19.39978	3.2821045	-10.905045
924338106066772	12.659668	2.4871063	-9.28363
924338114459106	12.370407	-0.104263306	3.7448425
924338122851440	8.570999	-0.12542725	6.551285
924338131243774	5.4992065	-0.048339844	6.9409485
924338139636108	3.4464264	-0.109298706	6.3704224
924338148028442	2.3721771	-0.32080078	5.537674
924338156420776	2.0192413	-0.5657654	4.720093
924338164813110	1.8850403	-0.6094971	4.030243
924338173205444	2.96521	-0.457901	4.0792847
924338181597778	5.624069	-0.22650146	4.6808624
924338189990112	9.551437	0.033935547	5.456009
924338198382446	13.917404	0.36468506	6.134796
924338206774780	17.557556	0.8122406	6.514145
924338215167114	19.018753	1.2426453	6.2656555
924338223559448	17.329346	1.4225922	5.3549957
924338231951782	14.709717	1.3824615	4.870392
924338240344116	11.910767	1.2935944	4.7029877
924338248736450	9.313477	1.2308197	4.6429596
924338257128784	7.0552826	1.1849518	4.506668
924338265521118	5.261078	1.1382294	4.2313232
924338273913452	4.405609	1.1007233	3.764389
924338282305786	4.3027496	1.0675964	3.300583
924338290698120	4.921036	1.0645142	2.9753723
924338299090454	6.0107574	1.1070404	2.7662048
924338307482788	7.1611176	1.208847	2.5399017
924338315875122	7.9637146	1.4321747	2.19693
924338324267456	8.683701	1.6592255	1.864151
924338332659790	9.131836	1.8936768	1.460083
924338341052124	9.0894165	2.1853485	0.9631195
924338349444458	8.50502	2.4983826	0.4229889
924338357836792	7.6557617	2.7158813	-0.04888916
924338366229126	6.9718933	2.7636108	-0.399765
924338374621460	6.7699585	2.6148682	-0.6372223
924338383013794	6.849762	2.4466705	-0.79667664
924338391406128	6.8658752	2.354889	-0.8807678
924338399798462	6.673172	2.3645477	-0.89019775
924338408190796	6.39209	2.4461975	-0.78956604
924338416583130	6.24852	2.5967255	-0.3927765
924338424975464	6.557129	2.7905731	-0.15736389
924338433367798	7.417801	2.979889	0.0710907
924338441760132	8.564835	3.1354065	0.35127258
924338450152466	9.709488	3.2446594	0.68540955
924338458544800	10.664307	3.323166	1.0314178
924338466937134	11.51091	3.50766	1.3194275
924338475329468	12.1371155	3.7253723	1.4780731
924338483721801	12.633377	4.0201874	1.5504913
924338492114135	13.057526	4.3924103	1.4825287
924338500506469	13.387894	4.8303375	1.2802124
924338508898803	13.560944	5.300644	1.0298157
924338517291137	13.725449	5.64859	0.8563385
924338525683471	13.4964905	5.8631287	0.69487
924338534075805	13.0525055	5.939743	0.5675659
924338542468139	12.628983	5.9533386	0.3872528
924338550860473	12.305527	6.0161743	0.16461182
924338559252807	12.022034	6.2163696	-0.018859863
924338567645141	12.141678	6.3519745	-0.5153656
924338576037475	12.052383	6.6513977	-18.0177
924338584429809	12.763657	7.4085083	-30.909454
924338592822143	16.651047	8.362717	-26.442734
924338601214477	21.2928	9.068192	-10.367584
924338609606811	20.181717	9.176376	-3.0533295
924338617999145	17.3228	8.831802	-2.7320862
924338626391479	14.668991	8.083557	-2.5377197
924338634783813	12.728622	6.7643585	0.16142273
924338643176147	11.695404	5.3533936	4.6980743
924338651568481	11.283173	4.342148	8.988602
924338659960815	10.817139	3.975586	10.741699
924338668353149	10.889465	4.00206	12.217682
924338676745483	12.321686	4.093048	11.974213
924338685137817	13.050995	3.8955994	10.823639
924338693530151	13.833801	3.2012177	9.529556
924338701922485	15.216888	2.1726074	8.591965
924338710314819	16.582153	1.3646698	8.04985
924338718707153	16.702805	1.0875092	7.079773
924338727099487	16.012283	1.1339264	5.6555023
924338735491821	15.281021	1.1378174	4.476593
924338743884155	14.996689	0.9280548	3.7375488
924338752276489	15.068573	0.568985	3.3181305
924338760668823	14.805679	0.3005829	2.9835358
924338769061157	14.375351	-0.3516693	3.20932
924338777453491	13.259613	-0.7619324	3.0364685
924338785845825	11.902817	-0.88031006	2.4764862
924338794238159	10.51445	-0.72358704	1.7344971
924338802630493	9.190643	-0.4008484	1.2271881
924338811022827	8.001129	-0.06889343	1.4511719
924338819415161	7.3369904	0.1592865	1.6803589
924338827807495	7.083023	0.45072937	1.9157715
924338836199829	7.3641663	0.62942505	2.2038422
924338844592163	7.9255676	0.76901245	2.7597198
924338852984497	8.352615	0.97831726	3.635971
924338861376831	8.250336	1.284729	4.563675
924338869769165	7.7253265	1.4888458	5.3334045
924338878161499	7.163437	1.7869873	5.942047
924338886553833	6.602249	2.2777863	6.1666565
924338894946167	6.1334534	2.8170624	5.957138
924338903338501	5.865402	3.2077332	5.39386
924338911730835	5.840454	3.3634338	4.7022705
924338920123169	5.6973114	3.8485107	1.5443115
924338928515503	5.827118	4.6600037	-0.74612427
924338936907837	4.907776	3.9098663	0.55158997
924338945300171	3.6440582	1.9776154	3.2921295
924338953692505	2.9721832	0.07946777	4.7096405
924338962084839	2.4635468	-1.2217102	5.485138
924338970477173	2.5820465	-2.0530548	5.6662903
924338978869507	2.940445	-2.5985413	5.265671
924338987261841	3.1378021	-2.8121643	4.4987946
924338995654175	3.298767	-2.8390808	3.7326202
924339004046509	3.6212616	-2.8554535	3.2003326
924339012438843	3.97966	-2.9572906	2.810608
924339020831176	3.952942	-3.103424	2.2851868
924339029223510	4.0624084	-3.3199768	1.6112671
924339037615844	4.270813	-3.6652527	0.7010498
924339046008178	4.585373	-4.0017853	-0.20994568
924339054400512	5.00708	-4.191513	-0.88861084
924339062792846	5.478668	-4.291214	-1.4319763
924339071185180	6.687546	-4.872299	-4.2792206
924339079577514	10.67337	-4.8884125	-9.629623
924339087969848	16.72313	-3.1884766	-16.654984
924339096362182	21.343811	-0.66438293	-19.963089
924339104754516	22.24533	1.4808655	-16.70694
924339113146850	22.553482	3.61203	-14.648346
924339121539184	20.895462	5.606659	-13.437912
924339129931518	16.790482	6.9249268	-11.313217
924339138323852	13.119675	7.5921173	-8.69133
924339146716186	11.072388	7.5802307	-6.1917267
924339155108520	10.323242	6.917862	-4.3065796
924339163500854	10.570511	5.7174835	-3.1251373
924339171893188	10.169327	4.4115753	-2.748001
924339180285522	8.786972	3.6377106	-3.476593
924339188677856	6.4613953	3.2161255	-4.075836
924339197070190	4.0830994	3.0416412	-3.2043915
924339205462524	3.055252	3.0839233	-0.35845947
924339213854858	5.239609	3.2007294	2.9735413
924339222247192	10.934921	3.0732574	5.1928406
924339230639526	18.701675	3.0161133	6.376343
924339239031860	26.96283	3.0289001	6.183548
924339247424194	33.310745	3.7636871	-0.8975525
924339255816528	34.20703	5.551071	-15.955688
924339264208862	24.939896	5.7664185	-10.390411
924339272601196	18.358704	2.6978607	3.352005
924339280993530	11.008408	1.0840302	8.603668
924339289385864	5.1068115	0.4633484	8.969055
924339297778198	1.7433777	0.21838379	7.7358246
924339306170532	0.28857422	-0.009567261	6.3096313
924339314562866	-0.23228455	-0.2521057	5.168518
924339322955200	-0.38075256	-0.33929443	3.8964844
924339331347534	-0.011657715	-0.016418457	3.4531708
924339339739868	1.7165985	0.48068237	4.102936
924339348132202	5.132431	1.0825195	5.3033752
924339356524536	9.781555	1.819046	6.111084
924339364916870	15.0633545	2.362854	6.4772034
924339373309204	20.431366	2.3106232	6.3635864
924339381701538	23.457306	2.0626526	5.9043427
924339390093872	21.916504	2.1218414	5.0650787
924339398486206	16.871887	2.3862762	4.199936
924339406878540	11.574478	2.3999023	3.777176
924339415270874	8.494644	2.0971832	3.5338287
924339423663208	6.514099	1.729248	3.271408
924339432055542	5.19783	1.4459229	3.0145721
924339440447876	4.3882904	1.2595367	2.7725067
924339448840210	3.967743	1.199585	2.5637512
924339457232544	4.0406036	1.3386688	2.4144287
924339465624878	5.2075653	1.6478119	2.3040924
924339474017212	6.280533	1.9898987	2.1237488
924339482409546	7.2136383	2.382248	1.9341736
924339490801880	7.97316	2.766388	1.6125183
924339499194214	8.590744	3.0615387	1.1452942
924339507586548	9.144333	3.207901	0.652771
924339515978882	9.457443	3.2317657	0.12992859
924339524371216	9.363937	3.208084	-0.13427734
924339532763550	8.848541	3.1859283	-0.18704224
924339541155884	8.188721	3.0992737	-0.14212036
924339549548218	7.484085	2.9724426	-0.051315308
924339557940551	6.6354523	2.8970337	0.12109375
924339566332885	6.016342	2.7889862	0.32260132
924339574725219	5.8370056	2.6414795	0.3867035
924339583117553	5.9802094	2.5125732	0.43492126
924339591509887	6.3953094	2.4090881	0.50964355
924339599902221	6.9475555	2.3374329	0.62272644
924339608294555	7.480484	2.318222	0.76348877
924339616686889	8.04277	2.4404602	0.8490448
924339625079223	8.7756195	2.658966	0.9285431
924339633471557	9.641098	2.8723145	1.0140076
924339641863891	10.570572	3.075531	1.1124878
924339650256225	11.4648285	3.3108063	1.2280731
924339658648559	12.196655	3.6420898	1.3599396
924339667040893	12.721497	3.9313507	1.4633179
924339675433227	13.134827	4.2290344	1.5305328
924339683825561	13.490555	4.497528	1.5509949
924339692217895	13.634033	4.7074738	1.4862518
924339700610229	13.43512	4.8425293	1.3197021
924339709002563	12.946686	4.9110107	1.0909729
924339717394897	12.561203	4.924637	0.9332886
924339725787231	12.739792	5.041992	0.9002075
924339734179565	13.308685	5.2325134	0.9156189
924339742571899	14.03981	5.504364	0.9016571
924339750964233	14.6818695	5.8435516	0.8130951
924339759356567	15.047119	6.200989	0.6259308
924339767748901	15.147675	6.491913	-0.018432617
924339776141235	15.282181	6.902832	-11.887238
924339784533569	15.913437	7.849304	-17.881287
924339792925903	17.41063	8.598328	-14.095428
924339801318237	18.672775	8.5841675	-6.200424
924339809710571	17.208588	7.995468	-3.9992676
924339818102905	14.939026	5.6477356	-4.582138
924339826495239	14.529388	2.6769714	-4.882736
924339834887573	14.528107	0.65730286	-3.397461
924339843279907	14.367889	0.124923706	-0.6807556
924339851672241	13.943954	0.802948	2.3579254
924339860064575	13.590622	1.6187592	5.569641
924339868456909	13.228806	1.6754303	7.018921
924339876849243	13.299286	1.5896454	6.6956177
924339885241577	13.403824	1.4342499	5.8117065
924339893633911	13.630463	1.282959	4.9694977
924339902026245	14.062729	1.1879578	4.502472
924339910418579	14.444733	1.1326141	4.4144287
924339918810913	14.638046	1.1208954	4.672165
924339927203247	14.740463	0.8688812	5.7518463
924339935595581	14.43045	0.69903564	7.706711
924339943987915	13.99707	0.50115967	9.26062
924339952380249	13.546204	0.18869019	9.467575
924339960772583	12.501831	0.018951416	8.8111725
924339969164917	11.366837	0.07736206	7.705353
924339977557251	10.143631	0.26490784	6.1049194
924339985949585	9.199829	0.44363403	4.826782
924339994341919	8.550461	0.58180237	4.084717
924340002734253	8.0896	0.69148254	3.777771
924340011126587	7.7864685	0.76623535	3.777359
924340019518921	7.8411255	0.929245	4.192856
924340027911255	7.6937103	1.169693	4.888214
924340036303589	7.0071716	1.4812012	5.193634
924340044695923	6.218292	1.8362885	4.919052
924340053088257	5.924164	2.1917572	4.171051
924340061480591	5.894348	2.5148163	3.1829987
924340069872925	7.0115967	3.65094	-3.0006256
924340078265259	8.954575	4.7915955	-6.85672
924340086657593	9.109573	4.541443	-4.0092163
924340095049926	7.4074707	3.3024292	1.995224
924340103442260	5.3466797	2.2159424	5.409622
924340111834594	3.9498596	1.2996826	7.6818237
924340120226928	3.4792175	0.5454407	8.576035
924340128619262	3.4891968	-0.24813843	8.538452
924340137011596	3.7187347	-1.011322	7.4949646
924340145403930	3.9876404	-1.6474457	5.8318634
924340153796264	4.2250824	-2.0953217	4.1699066
924340162188598	4.4407806	-2.373642	2.9253998
924340170580932	4.4454956	-2.562088	1.7533112
924340178973266	4.3872986	-2.713623	1.2477112
924340187365600	4.231613	-2.8227692	1.0782013
924340195757934	3.9793243	-2.8829498	1.1435852
924340204150268	3.6240234	-2.8968964	1.4356232
924340212542602	3.078308	-2.891922	1.7884979
924340220934936	3.1514893	-2.7301178	1.5596619
924340229327270	4.0984955	-2.4893646	0.5269623
924340237719604	6.381439	-2.3371735	-2.1132965
924340246111938	12.304794	-2.0558472	-11.59816
924340254504272	22.80922	-0.70599365	-30.102142
924340262896606	29.463348	3.8783112	-37.85898
924340271288940	26.369781	6.632019	-20.60794
924340279681274	22.035278	8.363388	-6.9765778
924340288073608	17.917282	9.106628	-0.73757935
924340296465942	14.596756	8.80397	-0.49331665
924340304858276	12.108429	7.4303436	-1.7976685
924340313250610	10.852997	5.0089264	-1.7748108
924340321642944	10.893799	2.991455	-1.6652222
924340330035278	11.802216	1.7959442	-1.6669159
924340338427612	13.847961	1.3872986	-0.76297
924340346819946	16.410873	1.5055542	0.98965454
924340355212280	18.336624	1.9160461	2.6988525
924340363604614	18.325653	2.5950165	3.4007416
924340371996948	17.867874	3.0713196	2.865921
924340380389282	17.413437	3.2952118	1.5728607
924340388781616	15.49205	3.1904602	-0.031341553
924340397173950	11.293304	3.043167	-3.577774
924340405566284	5.8076477	3.0720825	-9.232376
924340413958618	4.2709045	1.572113	-2.410492
924340422350952	3.188263	0.318573	3.4214935
924340430743286	1.628006	-0.2662964	5.335968
924340439135620	0.22561646	-0.5096741	5.468979
924340447527954	-0.6369934	-0.63516235	5.1466675
924340455920288	-0.94976807	-0.71632385	4.653656
924340464312622	-0.6915436	-0.71333313	4.1292114
924340472704956	0.27487183	-0.7644043	3.7725067
924340481097290	1.9907532	-0.63723755	3.6895447
924340489489624	5.0204315	-0.31565857	3.6598663
924340497881958	9.978088	0.048034668	3.5717926
924340506274292	17.134415	0.27142334	3.4676056
924340514666626	24.879578	0.3896637	3.2414093
924340523058960	27.239853	0.35127258	2.8891144
924340531451294	22.635834	0.751709	2.7651672
924340539843628	15.497513	1.2528992	2.9328766
924340548235962	9.455093	1.5619812	3.29747
924340556628296	6.1980286	1.5900726	3.6576538
924340565020630	4.789261	1.4774017	4.2219696
924340573412964	4.1340485	1.4586487	4.7280273
924340581805298	4.0381927	1.6080933	5.339615
924340590197632	4.4387054	1.8939362	5.693695
924340598589966	5.270401	2.241928	5.613907
924340606982300	6.4268036	2.5480957	5.26828
924340615374634	8.003601	2.7874603	4.886307
924340623766968	9.019867	3.0019684	4.1775055
924340632159301	9.475143	3.2859955	3.2596588
924340640551635	9.709854	3.4945831	2.3244781
924340648943969	10.023087	3.5008698	1.5451202
924340657336303	10.432877	3.3017426	0.9797516
924340665728637	10.504196	3.0908813	0.41342163
924340674120971	9.743515	2.9115295	0.043014526
924340682513305	8.690796	2.7722778	-0.28746033
924340690905639	7.720749	2.6394196	-0.5827942
924340699297973	7.0529327	2.507431	-0.8627014
924340707690307	6.6253815	2.4256287	-1.174881
924340716082641	6.4848022	2.4485626	-1.3074799
924340724474975	6.511841	2.7371063	-1.1383362
924340732867309	6.730133	3.0605621	-0.7245941
924340741259643	7.1621857	3.2773438	-0.26620483
924340749651977	7.8110504	3.3589325	0.09832764
924340758044311	8.592529	3.4332123	0.3930359
924340766436645	9.291443	3.5179596	0.723053
924340774828979	10.163132	3.5250702	1.0014343
924340783221313	11.094254	3.5649872	1.2183228
924340791613647	11.998093	3.6469574	1.3690033
924340800005981	12.756409	3.76503	1.4461212
924340808398315	13.2435	3.9210815	1.446701
924340816790649	13.353516	4.1849213	1.2714996
924340825182983	13.418488	4.3913116	1.0399933
924340833575317	13.483688	4.5688477	0.7941437
924340841967651	13.414185	4.7509003	0.5686493
924340850359985	13.220032	4.961792	0.4099884
924340858752319	13.185684	5.2014923	0.3634796
924340867144653	13.339478	5.43985	0.32069397
924340875536987	13.314911	5.628067	0.22846985
924340883929321	13.222046	5.668869	-0.13345337
924340892321655	13.779373	5.2527313	-6.6785583
924340900713989	15.044083	4.208145	-20.644775
924340909106323	15.736069	2.6503754	-32.565002
924340917498657	17.383133	3.6811523	-19.310867
924340925890991	17.265121	4.7029266	-12.599701
924340934283325	16.57396	4.792618	-10.014481
924340942675659	16.068481	4.0393524	-8.228928
924340951067993	16.012115	2.9734344	-4.8179016
924340959460327	16.122955	2.3016968	0.6673584
924340967852661	17.552658	2.8600159	6.2306366
924340976244995	19.403809	3.6409454	10.702774
924340984637329	19.230911	4.306381	12.731445
924340993029663	17.52504	4.4628296	12.378601
924341001421997	15.954636	3.8733063	10.7573395
924341009814331	16.34906	2.5661774	9.842636
924341018206665	16.16597	1.4587555	10.365616
924341026598999	15.188416	0.75019836	10.233994
924341034991333	14.612747	0.23980713	9.658051
924341043383667	14.947784	-0.15719604	8.891312
924341051776001	16.058212	-0.4920349	8.047287
924341060168335	17.17134	-0.83483887	6.9095306
924341068560669	17.703796	-1.3175964	6.0278015
924341076953003	17.487091	-1.9873505	5.1552277
924341085345337	16.074005	-2.384491	3.96904
924341093737671	14.033524	-2.5665283	2.8766937
924341102130005	12.0229645	-2.7185059	2.4582367
924341110522339	9.826569	-2.7683716	2.9348145
924341118914673	8.492432	-2.6533203	3.9964752
924341127307007	7.3854675	-2.486496	4.726837
924341135699341	6.2951355	-2.348999	5.262375
924341144091675	5.225235	-2.1691437	5.7956696
924341152484009	4.2641907	-1.8637848	6.4240723
924341160876343	3.4445648	-1.5016785	6.968216
924341169268676	3.0069427	-1.2564087	6.8247223
924341177661010	3.107544	0.3738861	0.9051361
924341186053344	4.3955536	1.9246674	-2.4818878
924341194445678	5.824173	2.6484222	-1.9584198
924341202838012	6.174118	2.4940643	0.15748596
924341211230346	6.0349274	2.044342	2.1130676
924341219622680	5.7177887	1.6631775	4.0746765
924341228015014	5.068985	1.4251251	5.6096954
924341236407348	4.3966064	1.2942963	6.597122
924341244799682	3.9345093	0.8691864	6.551758
924341253192016	3.7541046	-0.20678711	5.129669
924341261584350	3.6404266	-1.6215363	2.9272919
924341269976684	3.205017	-2.5139313	1.7129669
924341278369018	2.6061707	-3.0473022	1.3835907
924341286761352	1.9421539	-3.2535553	1.5022278
924341295153686	1.3619385	-3.1695557	1.7557678
924341303546020	0.9639282	-2.8458252	1.9982452
924341311938354	0.61198425	-2.3682556	2.2564697
924341320330688	0.5015564	-1.7580261	2.144165
924341328723022	0.60194397	-1.105835	1.8510895
924341337115356	1.2056122	-0.6443939	1.1078186
924341345507690	3.2978516	-0.42730713	-2.5365906
924341353900024	9.878555	-0.015396118	-13.258713
924341362292358	30.462006	2.3964233	-37.349716
924341370684692	33.094055	4.1559753	-35.189407
924341379077026	28.142166	5.430649	-18.394287
924341387469360	20.968933	6.9996643	-3.3718414
924341395861694	14.927628	8.660233	3.7808838
924341404254028	11.779556	9.507065	4.9487762
924341412646362	11.08638	8.665497	2.8936615
924341421038696	12.483017	6.1039734	1.3510284
924341429431030	14.860138	3.781479	-0.6634064
924341437823364	17.098297	2.4851685	-2.373703
924341446215698	18.466034	2.2330475	-2.586197
924341454608032	18.576721	2.581955	-0.5713501
924341463000366	16.276596	2.930893	2.4934845
924341471392700	14.442612	3.1011658	3.5947418
924341479785034	13.506256	3.095047	3.4215546
924341488177368	13.17421	2.89859	2.4620209
924341496569702	12.284973	2.5631104	1.045929
924341504962036	9.560898	2.2696075	-0.97843933
924341513354370	5.6705933	2.5477753	-5.165863
924341521746704	4.435364	1.5202637	-2.4289093
924341530139038	3.4992523	0.48947144	0.8481903
924341538531372	2.4753723	-0.16293335	2.643097
924341546923706	1.4166565	-0.41296387	2.8483582
924341555316040	0.6499481	-0.5239105	2.9210663
924341563708374	0.72198486	-0.58815	3.2617493
924341572100708	2.1318054	-0.81658936	3.9531708
924341580493042	4.5036926	-0.9777069	4.491562
924341588885376	7.825302	-1.0351105	4.6940765
924341597277710	12.012436	-0.9209442	4.5959473
924341605670044	16.74707	-0.47183228	4.3050385
924341614062378	20.073166	0.35847473	3.6450806
924341622454712	20.643143	0.89356995	2.4749908
924341630847046	17.74504	1.3241272	1.5144653
924341639239380	13.298965	1.5596619	1.1308899
924341647631714	9.298126	1.5661621	1.2940826
924341656024048	6.803238	1.4675751	1.5466766
924341664416382	5.4961243	1.3055573	1.8140717
924341672808716	4.964432	1.2138824	2.1257782
924341681201050	4.7948456	1.2860413	2.6021118
924341689593384	4.908203	1.5614929	3.2743683
924341697985718	5.317734	1.9886932	3.9155579
924341706378051	6.062271	2.4149017	4.101837
924341714770385	7.1596527	2.7663727	4.0569305
924341723162719	8.568741	3.150467	4.0121765
924341731555053	9.480972	3.473465	3.4489136
924341739947387	9.85582	3.7270966	2.5670166
924341748339721	9.926102	3.8900146	1.7393799
924341756732055	9.889084	3.9021606	1.183136
924341765124389	9.735535	3.7655792	0.78930664
924341773516723	9.124451	3.6388855	0.49342346
924341781909057	8.525833	3.4379425	0.38006592
924341790301391	7.9173737	3.209076	0.35942078
924341798693725	7.2880554	2.9942322	0.3444519
924341807086059	6.808014	2.7958221	0.30241394
924341815478393	6.4548798	2.7022247	0.19819641
924341823870727	6.3143463	2.6543427	0.18415833
924341832263061	6.3694	2.7036896	0.19737244
924341840655395	6.6015015	2.8158722	0.27212524
924341849047729	7.088852	2.913025	0.43070984
924341857440063	7.9840546	2.919342	0.6136322
924341865832397	9.056992	2.9691315	0.7415314
924341874224731	9.869492	3.01474	0.8081665
924341882617065	10.628021	3.1021729	0.85832214
924341891009399	11.385071	3.2585754	0.9039612
924341899401733	12.140579	3.484726	0.95536804
924341907794067	12.892929	3.7641296	1.0318909
924341916186401	13.516876	4.0483704	1.0834961
924341924578735	13.95369	4.3934174	1.0337067
924341932971069	14.130356	4.786682	0.9049225
924341941363403	14.140915	5.2107086	0.73283386
924341949755737	14.113251	5.6293793	0.5588379
924341958148071	14.147095	5.9814606	0.42651367
924341966540405	14.248184	6.040909	0.21147156
924341974932739	14.169495	5.8916473	-0.10418701
924341983325073	13.943405	5.6969757	-0.4751892
924341991717407	13.871231	5.662094	-5.488785
924342000109741	13.995636	5.992111	-18.734879
924342008502075	13.907974	6.850052	-39.639526
924342016894409	17.694489	4.4866333	-32.9552
924342025286743	20.399597	2.1315765	-24.099274
924342033679077	22.076065	0.4550171	-14.658356
924342042071411	23.038437	-0.085357666	-4.4632874
924342050463745	23.710938	0.57980347	6.780792
924342058856079	24.438828	1.8139954	17.691849
924342067248413	23.292145	3.0891876	22.737076
924342075640747	19.538208	3.9604797	22.22583
924342084033081	16.305145	3.5542755	20.11737
924342092425415	15.393326	2.0258636	17.705276
924342100817749	16.419373	0.28683472	15.046494
924342109210083	16.810684	-0.5843811	12.541885
924342117602417	14.937866	-0.8289337	9.697479
924342125994751	14.1792145	-0.82341003	7.0747375
924342134387085	14.271973	-0.93107605	5.506912
924342142779419	14.724869	-1.321701	4.8017883
924342151171753	15.052124	-1.9408264	4.482788
924342159564087	14.699249	-2.4815674	4.393326
924342167956421	13.256973	-2.5869904	3.7174835
924342176348755	11.532379	-2.251648	2.8220978
924342184741089	10.125778	-2.053238	2.8577423
924342193133423	8.962799	-1.9901276	3.8975525
924342201525757	7.739868	-1.8535919	5.370102
924342209918091	6.5990295	-1.8209839	6.748291
924342218310425	5.298935	-1.6913757	7.1540985
924342226702759	3.9541473	-1.484024	7.0382233
924342235095093	2.8685608	-1.2870789	6.9763794
924342243487426	2.3707275	-1.2097015	6.729019
924342251879760	2.830429	-1.1026001	4.367737
924342260272094	4.5691986	-0.18096924	-4.5458984
924342268664428	7.245163	1.3673401	-9.282562
924342277056762	7.6316376	1.6842804	-6.1455994
924342285449096	6.6127777	1.2899475	-1.1715393
924342293841430	5.097641	0.6773224	2.6772766
924342302233764	3.7551575	0.11791992	5.186981
924342310626098	2.922882	-0.43304443	6.6772766
924342319018432	2.7959747	-1.1159515	7.1027527
924342327410766	2.9710693	-1.7308044	6.408081
924342335803100	3.3358002	-2.2124176	4.8609314
924342344195434	3.6334991	-2.5539246	3.23143
924342352587768	3.6204376	-2.7668457	2.1046753
924342360980102	3.1661377	-2.811676	1.147171
924342369372436	2.626175	-2.7729797	0.64656067
924342377764770	2.2897186	-2.578247	0.8343353
924342386157104	2.054306	-2.1139832	1.3125763
924342394549438	1.8691254	-1.260849	1.6840668
924342402941772	1.9490509	-0.076156616	1.767807
924342411334106	3.0859985	0.77363586	1.9157562
924342419726440	4.5886536	0.5964203	0.7384491
924342428118774	10.312988	-0.013504028	-8.843994
924342436511108	24.540115	0.40242004	-26.03125
924342444903442	36.42955	2.4234772	-37.092255
924342453295776	32.33333	5.171463	-27.09932
924342461688110	24.680328	6.0202637	-4.6279907
924342470080444	18.193024	7.0274506	4.4182587
924342478472778	12.34903	7.3366394	5.140793
924342486865112	8.652756	6.6284485	1.554184
924342495257446	7.403351	5.0645294	-1.9816589
924342503649780	7.7810516	3.1038055	-2.7742462
924342512042114	8.047165	1.5158386	-1.9459076
924342520434448	8.26796	0.57136536	-1.4225464
924342528826782	9.639801	0.12590027	-0.7317505
924342537219116	12.207703	-0.009353638	-0.03967285
924342545611450	14.955231	-0.016052246	0.4467163
924342554003784	16.424606	-0.017837524	0.7711487
924342562396118	15.6280365	0.055511475	1.8519135
924342570788452	13.91684	0.585083	2.4052734
924342579180786	13.193695	0.83839417	2.4532623
924342587573120	13.055145	0.75935364	1.9959564
924342595965454	12.529083	0.71029663	0.95951843
924342604357788	10.701187	1.3340607	-1.4985657
924342612750122	8.306335	2.9891205	-9.075928
924342621142456	9.459534	2.265091	-4.467697
924342629534790	9.860458	1.1847534	1.2099457
924342637927124	7.61969	0.47746277	4.0989075
924342646319458	3.839035	0.32977295	4.3142242
924342654711792	1.5765533	0.44654846	4.862732
924342663104126	0.9575653	0.7589569	5.723831
924342671496460	1.8248138	1.0068359	6.5453796
924342679888794	4.2169037	1.2550507	6.7907257
924342688281128	7.771179	1.5515594	6.529358
924342696673462	11.746399	1.9098511	6.067581
924342705065796	15.373154	2.3089447	5.653763
924342713458130	17.699142	2.6767273	4.957947
924342721850464	16.94577	2.9934082	3.68544
924342730242798	14.624619	3.1561127	2.47583
924342738635132	11.975067	3.050888	1.7402649
924342747027466	9.600723	2.7195435	1.6501923
924342755419800	7.3683777	2.349762	2.0940857
924342763812134	5.637802	2.0356598	2.463852
924342772204468	4.597519	1.7768707	2.5398102
924342780596801	4.124405	1.6592865	2.5114136
924342788989135	4.5032043	1.622406	2.487503
924342797381469	5.544647	1.6608734	2.425537
924342805773803	6.489731	1.8302917	2.186905
924342814166137	7.1788025	2.016632	1.9452515
924342822558471	7.663254	2.1926575	1.62854
924342830950805	7.9828186	2.2810822	1.1490936
924342839343139	8.137817	2.291092	0.6388092
924342847735473	8.09729	2.2607574	0.20187378
924342856127807	7.8413086	2.2321472	-0.1746521
924342864520141	7.4509583	2.2155914	-0.5095062
924342872912475	6.9270325	2.1411438	-0.791214
924342881304809	6.3414764	2.120224	-1.053482
924342889697143	5.9682465	2.0848083	-1.2693787
924342898089477	5.8728027	2.0411224	-1.3482666
924342906481811	5.8763885	2.1088257	-1.1742859
924342914874145	6.1615295	2.3211975	-0.7346039
924342923266479	6.8692627	2.4739227	-0.2012024
924342931658813	7.751663	2.563919	0.27053833
924342940051147	8.7222595	2.6243591	0.66996765
924342948443481	9.725769	2.6837463	1.0154114
924342956835815	10.683548	2.7539825	1.3077698
924342965228149	11.423584	2.9170227	1.4825287
924342973620483	12.025925	3.1802673	1.5614319
924342982012817	12.65654	3.546814	1.5506744
924342990405151	13.315216	4.003174	1.5034637
924342998797485	13.944443	4.510742	1.4726563
924343007189819	14.472809	5.0062714	1.4706879
924343015582153	14.658691	5.416809	1.4120483
924343023974487	14.541336	5.707443	1.3711243
924343032366821	14.140289	5.8423004	1.3572693
924343040759155	13.4388275	5.8078613	1.2624512
924343049151489	12.601303	5.6414337	1.1022491
924343057543823	12.025024	5.437683	1.112793
924343065936157	12.5091095	5.3293304	1.3195496
924343074328491	13.736694	5.3529663	1.2788391
924343082720825	14.442093	5.5112762	1.2516937
924343091113159	14.186935	5.810684	1.1292572
924343099505493	12.544434	7.333359	-5.7052
924343107897827	9.249344	12.154297	-31.681702
924343116290161	21.032547	14.211624	-33.168274
924343124682495	24.908936	11.835983	-22.205246
924343133074829	24.019836	8.64267	-10.70639
924343141467163	21.87355	6.168274	0.6076813
924343149859497	20.750381	4.6782684	12.015091
924343158251831	20.104324	3.6007996	17.587296
924343166644165	17.715546	2.9933777	15.659927
924343175036499	16.384216	1.9414978	12.942001
924343183428833	15.517044	0.82696533	11.233429
924343191821167	14.48613	-0.17703247	10.337387
924343200213501	13.011826	-0.97351074	9.591751
924343208605835	11.624435	-1.4906769	9.099411
924343216998169	13.138077	-1.9997711	8.848282
924343225390503	15.084244	-2.4306488	8.132324
924343233782837	16.64032	-2.6508636	7.462738
924343242175171	16.933777	-2.6256409	6.847336
924343250567505	15.560226	-2.4455414	5.944702
924343258959839	13.289246	-2.3501434	4.3171387
924343267352173	11.176025	-2.2772827	3.8542633
924343275744507	9.436539	-2.2996674	3.4109955
924343284136841	7.9567413	-2.1674042	2.9371796
924343292529175	6.7647705	-1.9152069	2.7408295
924343300921509	5.909561	-1.6560669	3.1019745
924343309313843	5.338257	-1.3470001	3.85672
924343317706176	4.847336	-1.1214294	5.387848
924343326098510	4.119629	-0.9581146	6.774597
924343334490844	3.484024	-0.84832764	7.613495
924343342883178	3.0835724	-0.74513245	8.128738
924343351275512	3.003418	-0.5646057	8.404449
924343359667846	3.4811554	-0.16438293	7.2794495
924343368060180	4.796234	1.7560425	-3.9439087
924343376452514	6.665207	2.6909943	-6.064636
924343384844848	7.061325	2.636383	-4.1449127
924343393237182	6.065918	1.815918	-0.9281311
924343401629516	4.777649	0.6090698	2.1111908
924343410021850	3.92099	-0.6081848	4.5273438
924343418414184	3.4688263	-1.4583282	5.8881226
924343426806518	3.084961	-2.0864563	6.153137
924343435198852	2.963562	-2.5635376	5.2073975
924343443591186	3.0601501	-2.8644257	3.3985443
924343451983520	3.1888885	-2.972107	1.3895111
924343460375854	3.2881775	-2.9857483	-0.38893127
924343468768188	3.3156128	-2.9638062	-1.3078918
924343477160522	3.2749786	-2.72023	-1.7328491
924343485552856	3.2601318	-2.213852	-2.0870667
924343493945190	3.8476257	-1.3285675	-2.659851
924343502337524	5.7316437	-0.20428467	-3.9391785
924343510729858	9.0299225	0.033050537	-7.354599
924343519122192	15.180603	-0.7487793	-15.842575
924343527514526	22.162277	-0.34022522	-19.97232
924343535906860	24.633286	1.648819	-19.306976
924343544299194	22.171326	4.5188904	-14.879974
924343552691528	17.803497	6.981003	-8.803314
924343561083862	13.732086	8.502823	-2.5724335
924343569476196	11.7482605	9.385391	-0.5083313
924343577868530	11.166031	8.60437	-1.9376831
924343586260864	11.048477	6.302948	-2.8622131
924343594653198	10.728836	3.5219269	-2.2467499
924343603045532	10.141922	1.748352	-1.463913
924343611437866	10.487534	1.3197632	-1.66893
924343619830200	13.241241	1.170166	-1.8587952
924343628222534	18.256042	0.9229584	-1.8620605
924343636614868	24.379608	0.85479736	-2.2749634
924343645007202	27.474472	1.163269	-3.0074615
924343653399536	23.235825	1.833847	-3.5147552
924343661791870	15.042007	2.4355621	-3.809204
924343670184204	10.454285	2.6248932	-5.5630646
924343678576538	8.68277	1.2643433	-1.7704773
924343686968872	7.2454987	-0.22802734	2.8749237
924343695361206	5.058426	-1.0130157	5.42218
924343703753540	2.5520172	-1.1104431	5.909363
924343712145874	0.74601746	-0.9372711	5.6944427
924343720538208	0.23612976	-0.92845154	5.1599274
924343728930542	0.34092712	-0.9808655	4.808441
924343737322876	1.037262	-0.99238586	4.575363
924343745715210	2.348648	-0.93862915	4.4834595
924343754107544	4.397629	-0.8673096	4.650589
924343762499878	8.155319	-0.8448944	5.241379
924343770892212	13.509033	-0.8718262	5.955536
924343779284546	18.969131	-0.7045746	6.534683
924343787676880	21.614456	-0.2694702	6.3479156
924343796069214	19.768814	0.41062927	5.3349304
924343804461548	14.053085	1.1868439	4.0988617
924343812853882	9.767914	1.5278015	3.752945
924343821246216	7.410309	1.5243988	3.8636475
924343829638550	6.135086	1.4308777	4.105316
924343838030884	5.4533386	1.3556824	4.201721
924343846423218	5.166321	1.3725739	4.1419525
924343854815551	5.2338715	1.5160675	4.1377106
924343863207885	5.866974	1.6407013	4.2593536
924343871600219	6.586029	1.8020477	4.015625
924343879992553	7.2092133	1.9810791	3.5582886
924343888384887	7.8171997	2.1802216	2.972412
924343896777221	8.4339905	2.4039612	2.3574066
924343905169555	8.970108	2.6476593	1.8215637
924343913561889	9.244293	2.8456879	1.4407654
924343921954223	9.568512	2.8620758	1.0038605
924343930346557	9.756805	2.7442627	0.6107483
924343938738891	9.517197	2.5730438	0.26982117
924343947131225	8.753281	2.421692	-0.030227661
924343955523559	7.675522	2.3186798	-0.30334473
924343963915893	6.844696	2.1947021	-0.5415497
924343972308227	6.182556	2.1124573	-0.78356934
924343980700561	5.832733	2.1295013	-0.79193115
924343989092895	5.9101257	2.2696838	-0.62080383
924343997485229	6.498001	2.5103607	-0.3966217
924344005877563	7.5983124	2.794098	-0.22964478
924344014269897	8.786758	3.147049	-0.08805847
924344022662231	9.6987915	3.4695587	0.14422607
924344031054565	10.885101	3.6306915	0.45425415
924344039446899	12.156982	3.7398376	0.75398254
924344047839233	13.230087	3.9062042	0.9798126
924344056231567	13.9427185	4.154419	1.1247711
924344064623901	14.182388	4.473282	1.1186829
924344073016235	14.373505	4.8555603	1.0497589
924344081408569	14.421005	5.2853394	0.8494568
924344089800903	14.277023	5.6913757	0.55703735
924344098193237	13.980301	5.996231	0.2548828
924344106585571	13.685776	6.147751	0.029052734
924344114977905	13.705643	6.1557007	-0.12301636
924344123370239	13.767822	6.2010345	-0.5214386
924344131762573	14.431366	5.814209	-9.911743
924344140154907	14.37413	4.57518	-25.08638
924344148547241	14.651245	2.906601	-33.253067
924344156939575	19.15297	2.2173767	-19.820404
924344165331909	20.085342	3.106018	-8.739197
924344173724243	19.031616	3.2759247	-9.603836
924344182116577	18.061798	2.7447968	-13.380203
924344190508911	18.153671	1.5267487	-12.1949005
924344198901245	19.449158	0.3066864	-3.1796875
924344207293579	21.277039	0.64149475	9.243423
924344215685913	21.819168	2.1677094	17.068024
924344224078247	19.268677	3.1924438	20.778854
924344232470581	16.917908	3.55896	19.287338
924344240862915	15.682587	2.9361572	15.493744
924344249255249	15.657944	1.4429626	12.447647
924344257647583	16.717545	-0.08668518	11.005646
924344266039917	16.67978	-0.7546692	9.534515
924344274432251	15.045364	-0.79248047	8.200684
924344282824585	13.703354	-0.96391296	7.225525
924344291216919	13.122009	-1.3845978	6.278656
924344299609253	13.543686	-2.0463104	5.176956
924344308001587	15.350769	-2.9903107	4.228302
924344316393921	17.205185	-3.449936	4.129608
924344324786255	16.9207	-3.5821075	4.5023956
924344333178589	15.517014	-3.549347	3.9621887
924344341570923	13.655197	-3.370407	2.504776
924344349963257	11.727829	-3.1301422	0.9928589
924344358355591	9.830002	-3.0645447	0.80470276
924344366747925	8.1779785	-2.8040009	0.9589691
924344375140259	6.7936096	-2.5457916	1.7144165
924344383532593	5.8740845	-2.3815155	3.1391296
924344391924926	5.05632	-2.2351227	4.65654
924344400317260	4.0690002	-2.0134125	5.795685
924344408709594	3.1526184	-1.7047119	6.707245
924344417101928	2.4096375	-1.3323212	7.936783
924344425494262	2.2171326	-1.185791	8.642517
924344433886596	2.3363495	-1.1399689	8.353104
924344442278930	2.6709595	-0.87294006	5.9361115
924344450671264	3.2549896	-0.0650177	1.0425415
924344459063598	4.2527466	1.4194489	-4.8310547
924344467455932	5.0212708	1.2825012	-2.3512268
924344475848266	4.7552795	0.9453125	0.52960205
924344484240600	3.7818756	0.6309662	2.9949799
924344492632934	2.8763123	0.085632324	4.7711487
924344501025268	2.5919647	-0.8170929	5.707138
924344509417602	2.631012	-1.5727386	5.544098
924344517809936	2.73143	-1.9573822	4.282913
924344526202270	2.8146667	-2.1084747	2.5313568
924344534594604	3.0618439	-2.0985565	1.4751129
924344542986938	3.3963013	-1.9555664	1.193161
924344551379272	3.6262817	-1.6331329	1.1828308
924344559771606	3.580124	-0.9810028	0.7830963
924344568163940	3.6318054	0.2020874	-0.23487854
924344576556274	4.912384	0.5906677	-2.3284607
924344584948608	12.086899	0.29049683	-13.664749
924344593340942	23.46547	0.88682556	-29.339203
924344601733276	31.890121	3.0146942	-35.539825
924344610125610	25.196121	3.5640564	-13.2204895
924344618517944	20.680222	3.9731293	2.1055298
924344626910278	17.172974	5.4364777	2.7765503
924344635302612	14.692261	6.55838	-0.7666931
924344643694946	13.578293	6.846039	-3.771286
924344652087280	14.675003	6.2415924	-5.505829
924344660479614	19.670883	4.4513702	-6.646942
924344668871948	26.411957	3.1629028	-7.095764
924344677264282	33.386307	2.765274	-9.38118
924344685656616	33.70955	4.1573334	-13.9826355
924344694048950	24.390717	5.313751	-14.393677
924344702441284	9.332138	3.8322906	-5.560074
924344710833618	4.8963776	0.8372345	2.8148956
924344719225952	3.526245	-0.9860687	8.491943
924344727618286	1.888504	-1.8092041	10.088882
924344736010620	0.4994049	-2.0392914	9.377045
924344744402954	-0.33384705	-2.0674744	7.8414764
924344752795288	-0.594574	-2.1441956	6.3017426
924344761187622	-0.46037292	-2.225708	4.6328125
924344769579956	-0.3171997	-2.158142	3.290207
924344777972290	-0.6151123	-1.9047394	2.1969147
924344786364624	-1.2545624	-1.5874329	1.2340393
924344794756958	-1.6869812	-1.3465729	0.56118774
924344803149292	-1.2471771	-1.290863	0.43070984
924344811541626	0.34223938	-1.4389648	0.85017395
924344819933960	3.2325745	-1.8751678	2.4148712
924344828326294	10.509445	-2.814499	5.226227
924344836718628	21.661911	-4.2128143	7.863312
924344845110962	30.908936	-5.1109924	9.219971
924344853503296	30.70459	-4.285141	8.964706
924344861895630	18.3918	-1.6003265	8.269897
924344870287964	11.472458	-0.03189087	6.484833
924344878680298	8.22641	0.75935364	5.657028
924344887072632	6.952484	1.1375427	5.290268
924344895464966	6.677017	1.3423462	5.0147247
924344903857300	7.080719	1.4903412	4.7415924
924344912249634	8.028885	1.6568451	4.4634247
924344920641968	8.731918	1.8470306	4.513031
924344929034301	8.917206	2.1325836	4.3889923
924344937426635	8.939316	2.429947	3.9427643
924344945818969	9.050903	2.6967773	3.2066193
924344954211303	9.314362	2.9213257	2.3570404
924344962603637	9.620514	3.00383	1.7049866
924344970995971	9.75531	3.0487976	1.2104034
924344979388305	10.036636	2.979828	0.971344
924344987780639	10.087692	2.873886	0.81640625
924344996172973	9.723267	2.7723541	0.6643982
924345004565307	9.091187	2.6709747	0.55340576
924345012957641	8.393372	2.5864868	0.5643463
924345021349975	7.5461426	2.6238708	0.4638672
924345029742309	6.9916077	2.6357422	0.39672852
924345038134643	6.77211	2.6434326	0.40083313
924345046526977	6.9106293	2.7160187	0.42184448
924345054919311	7.461731	2.9174957	0.37150574
924345063311645	8.264008	3.24057	0.31518555
924345071703979	9.248093	3.643982	0.27760315
924345080096313	10.331131	3.8132324	0.23158264
924345088488647	11.246979	3.8078918	0.18780518
924345096880981	11.7430725	3.714096	0.11152649
924345105273315	11.705444	3.5831604	-0.051589966
924345113665649	11.482727	3.4778748	-0.16497803
924345122057983	11.657944	3.5307312	-0.2320404
924345130450317	12.474243	3.6039124	-0.22616577
924345138842651	13.550781	3.7179108	-0.27052307
924345147234985	14.461014	3.9441376	-0.4521942
924345155627319	14.913696	4.3537445	-0.7497406
924345164019653	14.843613	4.972824	-1.040802
924345172411987	14.74057	5.5390167	-1.6368713
924345180804321	15.407013	5.3611298	-4.539795
924345189196655	15.644409	4.818512	-6.305496
924345197588989	15.039017	4.421997	-4.871231
924345205981323	14.767426	4.3582764	-2.1867676
924345214373657	15.660477	3.8696594	-2.719452
924345222765991	17.311447	2.7267303	-5.763916
924345231158325	18.731155	2.0855408	-8.585114
924345239550659	18.539627	2.5732117	-9.869507
924345247942993	17.210281	3.7378998	-9.218964
924345256335327	17.070206	4.327011	-6.9323273
924345264727661	18.23645	4.2986755	-4.183777
924345273119995	18.165604	3.7442932	-2.2608032
924345281512329	17.715607	3.0342255	-1.6594696
924345289904663	17.050735	2.518509	-0.8367462
924345298296997	16.108093	2.3341522	1.5201111
924345306689331	14.86673	2.2901764	5.5723724
924345315081665	14.947525	1.6185455	9.705429
924345323473999	14.698349	1.2717896	10.648453
924345331866333	13.795624	0.8556671	10.5924835
924345340258667	12.661484	0.30513	9.904282
924345348651001	11.869888	-0.21803284	8.625793
924345357043335	11.855179	-0.4329834	7.177719
924345365435669	12.3437195	-0.5835266	6.232544
924345373828003	13.209152	-0.68444824	5.605133
924345382220337	14.222473	-0.69869995	5.5012207
924345390612671	15.077118	-0.66108704	5.6200714
924345399005005	15.621246	-0.76400757	5.6848297
924345407397339	15.9318695	-1.285965	5.7575073
924345415789673	14.987656	-1.2557831	4.9437256
924345424182007	13.545853	-1.0536194	3.8065033
924345432574341	11.78096	-1.0152893	2.9457092
924345440966675	10.0199585	-1.1034241	2.5470734
924345449359009	8.5271	-1.1873169	2.531662
924345457751343	7.401474	-1.1980896	2.6423798
924345466143676	6.7241516	-1.155426	2.651535
924345474536010	6.3177032	-1.1135254	3.0737915
924345482928344	5.991333	-1.0095367	3.9322968
924345491320678	5.732422	-0.9148102	5.3554535
924345499713012	5.4696045	-0.86013794	7.048645
924345508105346	4.9713287	-0.7380829	8.06369
924345516497680	4.332184	-0.36730957	8.079575
924345524890014	3.7145844	0.0382843	7.9946747
924345533282348	3.105133	0.36273193	7.793335
924345541674682	2.5040283	0.5907593	7.6543884
924345550067016	2.0022278	0.729599	7.457489
924345558459350	1.8532257	0.7889557	6.303482
924345566851684	3.6246033	0.9250641	-1.80336
924345575237433	4.228531	0.07972717	-3.976715
924345583629767	3.5260773	-0.83522034	-2.1705017
924345592022101	2.5137177	-1.5249176	0.7070465
924345600414435	2.102539	-2.0196838	2.5976563
924345608806769	2.0185852	-2.3545532	3.9068756
924345617199103	2.0536041	-2.3164063	4.3509064
924345625591437	2.158142	-2.1032867	4.069275
924345633983771	2.4884033	-1.7592163	3.2731628
924345642376105	3.1942902	-1.3347626	2.1295013
924345650768439	4.349365	-0.9332123	0.6586609
924345659160773	5.888687	-0.75990295	-1.2977905
924345667553107	9.788788	-1.7260437	-7.8007355
924345675945441	18.587082	-2.9775085	-24.899246
924345684337775	25.52246	-1.9866028	-32.972397
924345692730109	27.04451	1.0133972	-27.70163
924345701122443	22.944641	4.783478	-14.3363495
924345709514777	18.93071	8.489349	-6.1977997
924345717907111	16.246033	10.874802	-1.347992
924345726299445	13.955399	11.25293	1.7823334
924345734691779	12.38356	9.943024	3.0800781
924345743084113	11.390091	7.7200623	3.1944427
924345751476447	10.583542	5.585434	2.895218
924345759868781	9.8647	3.9941864	1.6579132
924345768261115	9.811737	3.2606964	0.84765625
924345776653449	11.045639	2.9398193	1.526535
924345785045783	13.137527	2.9524536	2.2835693
924345793438117	15.760742	3.3058472	2.1511078
924345801830451	18.470291	4.0903473	0.32328796
924345810222785	20.249695	5.4979095	-4.9428864
924345818615119	17.210892	6.6309967	-12.902176
924345827007453	13.960693	4.352356	-10.427063
924345835399787	11.913742	1.471695	-3.989334
924345843792121	9.671753	-0.59742737	1.9886932
924345852184455	5.719208	-1.5467072	5.418457
924345860576789	2.1039886	-1.4970093	5.901535
924345868969123	0.43743896	-1.5923767	6.0269165
924345877361457	0.31881714	-1.8427887	5.7681427
924345885753791	0.7469177	-2.1356812	4.967346
924345894146125	1.2498169	-2.2972565	3.9203796
924345902538459	1.8238525	-2.2161865	3.074463
924345910930793	2.801941	-2.035736	2.5280914
924345919323127	5.499542	-2.023529	2.5607452
924345927715461	10.190918	-1.9453125	2.9804382
924345936107795	17.272675	-2.1078033	3.895218
924345944500129	23.760666	-2.3198853	4.6989746
924345952892463	24.911865	-2.0241394	4.566025
924345961284797	17.394333	-0.7768707	3.5630188
924345969677131	11.53717	-0.12075806	3.1482086
924345978069465	7.962219	0.23408508	3.3207092
924345986461799	6.085037	0.41926575	3.7578278
924345994854133	5.226959	0.56733704	4.268936
924346003246466	5.0417023	0.7455139	4.7917786
924346011638800	5.4777985	0.89930725	5.077957
924346020031134	6.2671204	1.1082306	4.8438873
924346028423468	7.115143	1.3434296	4.4649506
924346036815802	7.8735657	1.6002197	4.0494537
924346045208136	8.457565	1.8819427	3.7290344
924346053600470	8.887573	2.1931152	3.5669708
924346061992804	9.414398	2.523117	3.280716
924346070385138	10.235352	2.7135162	2.6442719
924346078777472	10.472992	2.8510284	1.9875641
924346087169806	10.16864	2.879181	1.4309998
924346095562140	9.552185	2.7831116	1.0003357
924346103954474	8.830643	2.596878	0.672348
924346112346808	8.110992	2.392105	0.5033722
924346120739142	7.6720886	2.2975464	0.3561859
924346129131476	7.2499084	2.2370605	0.20329285
924346137523810	6.759842	2.2131348	0.10974121
924346145916144	6.279785	2.2341766	0.1303711
924346154308478	6.012024	2.285797	0.26087952
924346162700812	6.1220245	2.2721863	0.41175842
924346171093146	6.694916	2.3026276	0.618103
924346179485480	7.5046844	2.4013672	0.83158875
924346187877814	8.590103	2.5495148	0.9488373
924346196270148	9.840271	2.7016602	0.9669342
924346204662482	10.985001	2.8108826	0.95329285
924346213054816	11.759201	2.9114532	0.84002686
924346221447150	12.379181	2.9536438	0.7937622
924346229839484	12.936798	2.9827576	0.68569946
924346238231818	13.258804	3.1042938	0.53938293
924346246624152	13.332703	3.3515625	0.40019226
924346255016486	13.303024	3.6929321	0.29519653
924346263408820	13.2642975	4.107498	0.2096405
924346271801154	13.540039	4.439331	0.08432007
924346280193488	13.758896	4.8175354	-0.019424438
924346288585822	14.083084	5.199127	-0.1407013
924346296978156	14.668854	5.4513245	-0.5389404
924346305370490	15.551575	5.353546	-3.9945679
924346313762824	16.805038	4.582184	-29.567444
924346322155158	17.966888	3.2615814	-35.447586
924346330547492	19.970245	3.206726	-26.950851
924346338939826	20.715378	3.7438507	-17.58133
924346347332160	19.76117	3.7548676	-14.740753
924346355724494	18.987091	2.5977325	-14.378143
924346364116828	19.00563	0.88822937	-8.060501
924346372509162	19.024826	0.3710785	3.2888794
924346380901496	19.078644	1.0122375	13.520462
924346389293830	19.771393	2.1202393	18.50882
924346397686164	20.665512	2.9682465	18.198166
924346406078498	20.234787	3.0918427	16.181488
924346414470832	17.146332	2.9451752	13.122574
924346422863166	16.40651	1.6401062	11.694168
924346431255500	16.600845	0.31584167	11.2300415
924346439647834	16.597641	-0.5874939	10.61644
924346448040168	15.857651	-0.94659424	9.194153
924346456432502	14.731049	-0.903595	7.276779
924346464824836	13.941406	-1.1867523	5.955719
924346473217170	14.519272	-1.9688263	4.853302
924346481609504	15.384811	-2.65094	4.3394775
924346490001838	15.31131	-3.115509	4.036072
924346498394172	13.727005	-3.2543793	3.550827
924346506786506	11.471603	-2.951538	2.8024597
924346515178840	9.911255	-2.566681	2.216217
924346523571174	9.066132	-2.4753113	2.561081
924346531963508	8.17305	-2.375702	3.0139618
924346540355841	7.1775665	-2.15773	3.503479
924346548748175	6.2160034	-1.8343201	4.121048
924346557140509	5.3870697	-1.5081482	4.9168396
924346565532843	4.5029144	-1.2926941	5.7641144
924346573925177	3.6243591	-1.008194	6.3597107
924346582317511	3.3288727	-0.76364136	6.9342804
924346590709845	3.4923706	-0.48051453	7.0396423
924346599102179	4.1840363	0.30706787	4.4932404
924346607494513	6.0355225	2.2867432	-3.7902985
924346615886847	7.5799103	3.1571503	-3.9298706
924346624279181	7.0428467	3.057785	-1.3299866
924346632671515	5.832779	2.685913	1.5089264
924346641063849	4.4329376	2.277359	4.0033264
924346649456183	3.219818	1.6961365	5.986603
924346657848517	2.7407074	0.500473	7.2265778
924346666240851	3.0727081	-0.8354645	7.069519
924346674633185	3.4030304	-1.7469025	5.88533
924346683025519	3.7421112	-2.3235016	4.1201324
924346691417853	3.9046936	-2.61438	2.3473816
924346699810187	3.7700043	-2.6594086	1.1118469
924346708202521	3.5390015	-2.4817352	0.5078125
924346716594855	3.5936737	-2.24646	0.013809204
924346724987189	3.724228	-2.12677	-0.6136017
924346733379523	3.7093048	-2.1372375	-1.2345428
924346741771857	4.009903	-2.2934418	-2.2376099
924346750164191	5.1653595	-2.6355896	-4.2406464
924346758556525	7.434555	-3.2810974	-8.096695
924346766948859	16.344284	-5.0599365	-25.92688
924346775341193	25.237762	-3.2841492	-34.347794
924346783733527	26.218628	0.030532837	-25.35028
924346792125861	22.02806	3.805832	-9.354965
924346800518195	18.253723	7.333603	0.23275757
924346808910529	14.683472	9.789917	3.2061615
924346817302863	12.843964	10.0950165	1.1592712
924346825695197	12.333527	8.551117	-0.7646179
924346834087531	11.347076	6.1752167	-1.2468414
924346842479865	9.800659	3.874298	-0.7670593
924346850872199	8.613052	2.3348083	-0.37998962
924346859264533	8.802887	1.4763184	-0.0084991455
924346867656867	10.470856	1.1453094	2.447113
924346876049201	12.244034	1.115509	4.077713
924346884441535	13.7798	1.3831482	4.4509735
924346892833869	15.358948	1.9735107	3.532425
924346901226203	17.660294	2.765915	1.3504028
924346909618537	21.263474	3.2953339	-2.4621277
924346918010871	19.149704	4.030472	-10.767334
924346926403205	13.676559	4.2116547	-14.067001
924346934795539	10.106812	2.8733978	-9.258804
924346943187873	8.376602	0.9575348	-1.1421204
924346951580207	5.8239746	-0.09365845	3.547943
924346959972541	2.6043854	-0.6393585	5.775528
924346968364875	0.2457428	-0.5765686	6.3728485
924346976757209	-1.2241516	-0.53852844	7.0283203
924346985149543	-1.8710175	-0.5879669	7.446396
924346993541877	-1.5910339	-0.7337494	7.0231323
924347001934211	-0.17572021	-0.9355316	5.6558228
924347010326545	2.687683	-1.0960541	4.8223267
924347018718879	7.669052	-1.3115234	4.5892487
924347027111213	14.620819	-1.5859375	4.1878967
924347035503547	21.03447	-1.5704498	3.3687286
924347043895881	24.402252	-1.1610718	2.179779
924347052288215	22.596085	-0.4489746	0.91311646
924347060680549	15.978973	0.2290039	0.16038513
924347069072883	11.279053	0.41271973	0.32995605
924347077465216	8.244354	0.5028839	0.6838379
924347085857550	6.2397614	0.55921936	1.0975647
924347094249884	5.0554657	0.6168823	1.5623169
924347102642218	4.718506	0.70321655	2.1640015
924347111034552	5.0564575	0.8364105	3.0635834
924347119426886	5.665039	1.0336304	3.9580994
924347127819220	6.5426483	1.3257751	4.4799194
924347136211554	7.4711	1.6335144	4.90184
924347144603888	8.281586	1.9258575	5.1786804
924347152996222	8.984283	2.2121887	5.069092
924347161388556	9.896545	2.4534607	4.6234436
924347169780890	10.638504	2.7061005	3.5040436
924347178173224	10.625336	2.8721466	2.4158325
924347186565558	10.253082	2.8914795	1.5292664
924347194957892	9.761719	2.7682343	0.9008789
924347203350226	9.225021	2.5786133	0.49272156
924347211742560	8.633606	2.412613	0.23428345
924347220134894	7.982498	2.3144226	-0.03425598
924347228527228	7.2440643	2.2252045	-0.40582275
924347236919562	6.464218	2.1452637	-0.8074341
924347245311896	5.815735	2.0827332	-1.0930939
924347253704230	5.5562134	2.0634308	-1.091156
924347262096564	5.7241974	2.179718	-0.8396759
924347270488898	5.9328613	2.4190369	-0.45655823
924347278881232	6.507019	2.6856995	-0.07269287
924347287273566	7.421158	2.961563	0.31362915
924347295665900	8.552765	3.2090302	0.6938629
924347304058234	9.784012	3.3705292	1.0268555
924347312450568	10.895676	3.4243622	1.2202606